Running trainer with module mlpng.neo_trainer on bcm-dgxa100-0005
2026-02-09 11:01:40.745525: E external/local_xla/xla/stream_executor/cuda/cuda_dnn.cc:9261] Unable to register cuDNN factory: Attempting to register factory for plugin cuDNN when one has already been registered
2026-02-09 11:01:40.745571: E external/local_xla/xla/stream_executor/cuda/cuda_fft.cc:607] Unable to register cuFFT factory: Attempting to register factory for plugin cuFFT when one has already been registered
2026-02-09 11:01:40.746880: E external/local_xla/xla/stream_executor/cuda/cuda_blas.cc:1515] Unable to register cuBLAS factory: Attempting to register factory for plugin cuBLAS when one has already been registered
2026-02-09 11:01:40.753631: I tensorflow/core/platform/cpu_feature_guard.cc:182] This TensorFlow binary is optimized to use available CPU instructions in performance-critical operations.
To enable the following instructions: AVX2 FMA, in other operations, rebuild TensorFlow with the appropriate compiler flags.
2026-02-09 11:01:41.708423: W tensorflow/compiler/tf2tensorrt/utils/py_utils.cc:38] TF-TRT Warning: Could not find TensorRT
09-Feb-26 11:01:44 - __main__ - DEBUG - Core arguments: ['settings/n128.json', '--nsims', '10000', '--phi_scale', '1', '--shapes', 'equilateral', '--fnl_range', '-1000', '1000']
2026-02-09 11:01:46.409231: I tensorflow/core/common_runtime/gpu/gpu_device.cc:1929] Created device /job:localhost/replica:0/task:0/device:GPU:0 with 79194 MB memory:  -> device: 0, name: NVIDIA A100-SXM4-80GB, pci bus id: 0000:07:00.0, compute capability: 8.0
2026-02-09 11:01:46.410951: I tensorflow/core/common_runtime/gpu/gpu_device.cc:1929] Created device /job:localhost/replica:0/task:0/device:GPU:1 with 79194 MB memory:  -> device: 1, name: NVIDIA A100-SXM4-80GB, pci bus id: 0000:0f:00.0, compute capability: 8.0
2026-02-09 11:01:46.412451: I tensorflow/core/common_runtime/gpu/gpu_device.cc:1929] Created device /job:localhost/replica:0/task:0/device:GPU:2 with 79194 MB memory:  -> device: 2, name: NVIDIA A100-SXM4-80GB, pci bus id: 0000:47:00.0, compute capability: 8.0
2026-02-09 11:01:46.413735: I tensorflow/core/common_runtime/gpu/gpu_device.cc:1929] Created device /job:localhost/replica:0/task:0/device:GPU:3 with 79194 MB memory:  -> device: 3, name: NVIDIA A100-SXM4-80GB, pci bus id: 0000:4e:00.0, compute capability: 8.0
INFO:tensorflow:Using MirroredStrategy with devices ('/job:localhost/replica:0/task:0/device:GPU:0', '/job:localhost/replica:0/task:0/device:GPU:1', '/job:localhost/replica:0/task:0/device:GPU:2', '/job:localhost/replica:0/task:0/device:GPU:3')
09-Feb-26 11:01:46 - tensorflow - INFO - Using MirroredStrategy with devices ('/job:localhost/replica:0/task:0/device:GPU:0', '/job:localhost/replica:0/task:0/device:GPU:1', '/job:localhost/replica:0/task:0/device:GPU:2', '/job:localhost/replica:0/task:0/device:GPU:3')
09-Feb-26 11:01:46 - __main__ - INFO - Using MirroredStrategy with 4 device(s)
09-Feb-26 11:01:46 - __main__ - DEBUG - [Before Core initialization] Memory - RSS: 1.11 GB, VMS: 28.39 GB
09-Feb-26 11:01:46 - mlpng.core - DEBUG - Parsing CLI args: ['settings/n128.json', '--nsims', '10000', '--phi_scale', '1', '--shapes', 'equilateral', '--fnl_range', '-1000', '1000']
09-Feb-26 11:01:46 - mlpng.core - INFO - Loading settings from file 'settings/n128.json'
09-Feb-26 11:01:46 - mlpng.core - DEBUG - Forcing setting 'nsims' to 10000 due to CLI
09-Feb-26 11:01:46 - mlpng.core - DEBUG - Forcing setting 'fnl_range' to [-1000, 1000] due to CLI
09-Feb-26 11:01:46 - mlpng.core - DEBUG - Forcing setting 'phi_scale' to 1.0 due to CLI
09-Feb-26 11:01:46 - mlpng.core - DEBUG - Forcing setting 'shapes' to ['equilateral'] due to CLI
09-Feb-26 11:01:46 - mlpng.core - DEBUG - Forcing setting 'tf_cache' to True due to CLI
09-Feb-26 11:01:46 - mlpng.core - DEBUG - Forcing setting 'tf_mem_cache' to True due to CLI
09-Feb-26 11:01:46 - mlpng.core - DEBUG - Overriding cosmo param 'As' from 2.13e-09 to 2.105e-09
09-Feb-26 11:01:46 - mlpng.core - DEBUG - Overriding cosmo param 'ns' from 0.9624 to 0.965
09-Feb-26 11:01:46 - mlpng.core - DEBUG - Running with settings: 
{
  "cosmo_params": {
    "As": 2.105e-09,
    "ns": 0.965,
    "pivot_scalar": 0.05,
    "H0": 67.4,
    "ombh2": 0.0224,
    "omch2": 0.12,
    "tau": 0.054
  },
  "nsims": 10000,
  "nside": 128,
  "fnl_range": [
    -1000,
    1000
  ],
  "phi_scale": 1.0,
  "shapes": [
    "equilateral"
  ],
  "tf_cache": true,
  "tf_mem_cache": true
}
09-Feb-26 11:01:46 - mlpng.core - DEBUG - slurm: Slurm(self.name='trainer', self.job=386203, self.array=0, self.array_index=-1, self.task_count=0, self.is_main=True, self.n_cpus=32)
09-Feb-26 11:01:46 - mlpng.core - DEBUG - Using seed: 564572380
09-Feb-26 11:01:46 - mlpng.core - DEBUG - Found non-default value for 'nsims': 10000 (default: 100)
09-Feb-26 11:01:46 - mlpng.core - DEBUG - Found non-default value for 'fnl_range': [-1000, 1000] (default: (-1000, 1000))
09-Feb-26 11:01:46 - mlpng.core - DEBUG - Found non-default value for 'shapes': ['equilateral'] (default: 'all')
09-Feb-26 11:01:46 - __main__ - DEBUG - [After Core initialization] Memory - RSS: 1.11 GB, VMS: 28.39 GB
09-Feb-26 11:01:46 - __main__ - INFO - Sigma values: [124.14658373]
09-Feb-26 11:01:46 - __main__ - INFO - Decay steps: 1562.0
09-Feb-26 11:02:19 - mlpng.utils.dataloaders - DEBUG - Error information from 'data/data/l383_n128_T_10000_p1.0.hdf5'...
09-Feb-26 11:02:19 - mlpng.utils.dataloaders - DEBUG - Fisher Matrix: [0.00207787 0.00644424 0.01829346]
09-Feb-26 11:02:19 - mlpng.utils.dataloaders - DEBUG - Marginal Likelihoods: 25.116014
09-Feb-26 11:02:19 - mlpng.utils.dataloaders - DEBUG - Fisher for shape equilateral: 6.480418e-05, std div: 124.22198832125098
09-Feb-26 11:02:19 - __main__ - DEBUG - [After KappaDataset creation] Memory - RSS: 1.86 GB, VMS: 29.14 GB
09-Feb-26 11:02:19 - mlpng.utils.dataloaders - DEBUG - Splitting 'data/data/l383_n128_T_10000_p1.0.hdf5' into train: 0:8000 (8000), val: 8000:9000 (1000), test: 9000:10000 (1000)
09-Feb-26 11:02:19 - mlpng.utils.dataloaders - DEBUG - Using cache file: '/lustre/smuexa01/client/users/stevensonb/tf_cache/n128_equilateral-train.cache'
09-Feb-26 11:02:20 - mlpng.utils.dataloaders - DEBUG - Using cache file: '/lustre/smuexa01/client/users/stevensonb/tf_cache/n128_equilateral-val.cache'
09-Feb-26 11:02:20 - mlpng.utils.dataloaders - DEBUG - Using cache file: '/lustre/smuexa01/client/users/stevensonb/tf_cache/n128_equilateral-test.cache'
09-Feb-26 11:02:20 - __main__ - DEBUG - [After dataset split] Memory - RSS: 1.86 GB, VMS: 29.14 GB
09-Feb-26 11:02:20 - __main__ - DEBUG - Generating train cache
09-Feb-26 11:06:02 - __main__ - DEBUG -   processed 0 batches
09-Feb-26 11:06:03 - __main__ - DEBUG -   processed 10 batches
09-Feb-26 11:06:09 - __main__ - DEBUG -   processed 20 batches
09-Feb-26 11:06:13 - __main__ - DEBUG -   processed 30 batches
09-Feb-26 11:06:17 - __main__ - DEBUG -   processed 40 batches
09-Feb-26 11:06:23 - __main__ - DEBUG -   processed 50 batches
09-Feb-26 11:06:26 - __main__ - DEBUG -   processed 60 batches
09-Feb-26 11:06:37 - __main__ - DEBUG -   processed 70 batches
09-Feb-26 11:06:42 - __main__ - DEBUG -   processed 80 batches
09-Feb-26 11:06:45 - __main__ - DEBUG -   processed 90 batches
09-Feb-26 11:06:49 - __main__ - DEBUG -   processed 100 batches
09-Feb-26 11:06:50 - __main__ - DEBUG -   processed 110 batches
09-Feb-26 11:06:55 - __main__ - DEBUG -   processed 120 batches
09-Feb-26 11:06:58 - __main__ - DEBUG -   processed 130 batches
09-Feb-26 11:07:36 - __main__ - DEBUG -   processed 140 batches
09-Feb-26 11:08:04 - __main__ - DEBUG -   processed 150 batches
09-Feb-26 11:08:05 - __main__ - DEBUG -   processed 160 batches
09-Feb-26 11:08:08 - __main__ - DEBUG -   processed 170 batches
09-Feb-26 11:08:13 - __main__ - DEBUG -   processed 180 batches
09-Feb-26 11:08:16 - __main__ - DEBUG -   processed 190 batches
09-Feb-26 11:08:21 - __main__ - DEBUG -   processed 200 batches
09-Feb-26 11:08:22 - __main__ - DEBUG -   processed 210 batches
09-Feb-26 11:08:27 - __main__ - DEBUG -   processed 220 batches
09-Feb-26 11:08:30 - __main__ - DEBUG -   processed 230 batches
09-Feb-26 11:08:35 - __main__ - DEBUG -   processed 240 batches
09-Feb-26 11:08:37 - __main__ - DEBUG -   processed 250 batches
09-Feb-26 11:08:38 - __main__ - DEBUG -   processed 260 batches
09-Feb-26 11:08:43 - __main__ - DEBUG -   processed 270 batches
09-Feb-26 11:08:45 - __main__ - DEBUG -   processed 280 batches
09-Feb-26 11:08:48 - __main__ - DEBUG -   processed 290 batches
09-Feb-26 11:08:52 - __main__ - DEBUG -   processed 300 batches
09-Feb-26 11:08:54 - __main__ - DEBUG -   processed 310 batches
09-Feb-26 11:08:59 - __main__ - DEBUG -   processed 320 batches
09-Feb-26 11:09:01 - __main__ - DEBUG -   processed 330 batches
09-Feb-26 11:09:03 - __main__ - DEBUG -   processed 340 batches
09-Feb-26 11:09:07 - __main__ - DEBUG -   processed 350 batches
09-Feb-26 11:09:09 - __main__ - DEBUG -   processed 360 batches
09-Feb-26 11:09:11 - __main__ - DEBUG -   processed 370 batches
09-Feb-26 11:09:16 - __main__ - DEBUG -   processed 380 batches
09-Feb-26 11:09:19 - __main__ - DEBUG -   processed 390 batches
09-Feb-26 11:09:23 - __main__ - DEBUG -   processed 400 batches
09-Feb-26 11:09:24 - __main__ - DEBUG -   processed 410 batches
09-Feb-26 11:09:29 - __main__ - DEBUG -   processed 420 batches
09-Feb-26 11:09:32 - __main__ - DEBUG -   processed 430 batches
09-Feb-26 11:09:34 - __main__ - DEBUG -   processed 440 batches
09-Feb-26 11:09:39 - __main__ - DEBUG -   processed 450 batches
09-Feb-26 11:09:40 - __main__ - DEBUG -   processed 460 batches
09-Feb-26 11:09:45 - __main__ - DEBUG -   processed 470 batches
09-Feb-26 11:09:47 - __main__ - DEBUG -   processed 480 batches
09-Feb-26 11:09:49 - __main__ - DEBUG -   processed 490 batches
09-Feb-26 11:09:54 - __main__ - DEBUG -   processed 500 batches
09-Feb-26 11:09:56 - __main__ - DEBUG -   processed 510 batches
09-Feb-26 11:10:00 - __main__ - DEBUG -   processed 520 batches
09-Feb-26 11:10:02 - __main__ - DEBUG -   processed 530 batches
09-Feb-26 11:10:05 - __main__ - DEBUG -   processed 540 batches
09-Feb-26 11:10:09 - __main__ - DEBUG -   processed 550 batches
09-Feb-26 11:10:10 - __main__ - DEBUG -   processed 560 batches
09-Feb-26 11:10:15 - __main__ - DEBUG -   processed 570 batches
09-Feb-26 11:10:17 - __main__ - DEBUG -   processed 580 batches
09-Feb-26 11:10:19 - __main__ - DEBUG -   processed 590 batches
09-Feb-26 11:10:23 - __main__ - DEBUG -   processed 600 batches
09-Feb-26 11:10:24 - __main__ - DEBUG -   processed 610 batches
09-Feb-26 11:10:27 - __main__ - DEBUG -   processed 620 batches
09-Feb-26 11:10:31 - __main__ - DEBUG -   processed 630 batches
09-Feb-26 11:10:38 - __main__ - DEBUG -   processed 640 batches
09-Feb-26 11:10:43 - __main__ - DEBUG -   processed 650 batches
09-Feb-26 11:10:44 - __main__ - DEBUG -   processed 660 batches
09-Feb-26 11:10:50 - __main__ - DEBUG -   processed 670 batches
09-Feb-26 11:10:56 - __main__ - DEBUG -   processed 680 batches
09-Feb-26 11:11:02 - __main__ - DEBUG -   processed 690 batches
09-Feb-26 11:11:08 - __main__ - DEBUG -   processed 700 batches
09-Feb-26 11:11:09 - __main__ - DEBUG -   processed 710 batches
09-Feb-26 11:11:14 - __main__ - DEBUG -   processed 720 batches
09-Feb-26 11:11:20 - __main__ - DEBUG -   processed 730 batches
09-Feb-26 11:11:26 - __main__ - DEBUG -   processed 740 batches
09-Feb-26 11:11:32 - __main__ - DEBUG -   processed 750 batches
09-Feb-26 11:11:33 - __main__ - DEBUG -   processed 760 batches
09-Feb-26 11:11:39 - __main__ - DEBUG -   processed 770 batches
09-Feb-26 11:11:45 - __main__ - DEBUG -   processed 780 batches
09-Feb-26 11:11:51 - __main__ - DEBUG -   processed 790 batches
09-Feb-26 11:11:57 - __main__ - DEBUG -   processed 800 batches
09-Feb-26 11:11:58 - __main__ - DEBUG -   processed 810 batches
09-Feb-26 11:12:04 - __main__ - DEBUG -   processed 820 batches
09-Feb-26 11:12:10 - __main__ - DEBUG -   processed 830 batches
09-Feb-26 11:12:15 - __main__ - DEBUG -   processed 840 batches
09-Feb-26 11:12:21 - __main__ - DEBUG -   processed 850 batches
09-Feb-26 11:12:22 - __main__ - DEBUG -   processed 860 batches
09-Feb-26 11:12:27 - __main__ - DEBUG -   processed 870 batches
09-Feb-26 11:12:33 - __main__ - DEBUG -   processed 880 batches
09-Feb-26 11:12:38 - __main__ - DEBUG -   processed 890 batches
09-Feb-26 11:12:43 - __main__ - DEBUG -   processed 900 batches
09-Feb-26 11:12:44 - __main__ - DEBUG -   processed 910 batches
09-Feb-26 11:12:51 - __main__ - DEBUG -   processed 920 batches
09-Feb-26 11:12:57 - __main__ - DEBUG -   processed 930 batches
09-Feb-26 11:13:03 - __main__ - DEBUG -   processed 940 batches
09-Feb-26 11:13:10 - __main__ - DEBUG -   processed 950 batches
09-Feb-26 11:13:11 - __main__ - DEBUG -   processed 960 batches
09-Feb-26 11:13:18 - __main__ - DEBUG -   processed 970 batches
09-Feb-26 11:13:24 - __main__ - DEBUG -   processed 980 batches
09-Feb-26 11:13:30 - __main__ - DEBUG -   processed 990 batches
09-Feb-26 11:13:36 - __main__ - DEBUG -   processed 1000 batches
09-Feb-26 11:13:38 - __main__ - DEBUG -   processed 1010 batches
09-Feb-26 11:13:51 - __main__ - DEBUG -   processed 1020 batches
09-Feb-26 11:13:53 - __main__ - DEBUG -   processed 1030 batches
09-Feb-26 11:13:58 - __main__ - DEBUG -   processed 1040 batches
09-Feb-26 11:14:04 - __main__ - DEBUG -   processed 1050 batches
09-Feb-26 11:14:05 - __main__ - DEBUG -   processed 1060 batches
09-Feb-26 11:14:11 - __main__ - DEBUG -   processed 1070 batches
09-Feb-26 11:14:18 - __main__ - DEBUG -   processed 1080 batches
09-Feb-26 11:14:24 - __main__ - DEBUG -   processed 1090 batches
09-Feb-26 11:14:30 - __main__ - DEBUG -   processed 1100 batches
09-Feb-26 11:14:31 - __main__ - DEBUG -   processed 1110 batches
09-Feb-26 11:14:37 - __main__ - DEBUG -   processed 1120 batches
09-Feb-26 11:14:43 - __main__ - DEBUG -   processed 1130 batches
09-Feb-26 11:14:49 - __main__ - DEBUG -   processed 1140 batches
09-Feb-26 11:14:59 - __main__ - DEBUG -   processed 1150 batches
09-Feb-26 11:15:00 - __main__ - DEBUG -   processed 1160 batches
09-Feb-26 11:15:05 - __main__ - DEBUG -   processed 1170 batches
09-Feb-26 11:15:06 - __main__ - DEBUG -   processed 1180 batches
09-Feb-26 11:15:12 - __main__ - DEBUG -   processed 1190 batches
09-Feb-26 11:15:20 - __main__ - DEBUG -   processed 1200 batches
09-Feb-26 11:15:21 - __main__ - DEBUG -   processed 1210 batches
09-Feb-26 11:15:30 - __main__ - DEBUG -   processed 1220 batches
09-Feb-26 11:15:36 - __main__ - DEBUG -   processed 1230 batches
09-Feb-26 11:15:43 - __main__ - DEBUG -   processed 1240 batches
09-Feb-26 11:15:49 - __main__ - DEBUG -   processed 1250 batches
09-Feb-26 11:15:51 - __main__ - DEBUG -   processed 1260 batches
09-Feb-26 11:15:57 - __main__ - DEBUG -   processed 1270 batches
09-Feb-26 11:16:02 - __main__ - DEBUG -   processed 1280 batches
09-Feb-26 11:16:07 - __main__ - DEBUG -   processed 1290 batches
09-Feb-26 11:16:13 - __main__ - DEBUG -   processed 1300 batches
09-Feb-26 11:16:15 - __main__ - DEBUG -   processed 1310 batches
09-Feb-26 11:16:20 - __main__ - DEBUG -   processed 1320 batches
09-Feb-26 11:16:26 - __main__ - DEBUG -   processed 1330 batches
09-Feb-26 11:16:35 - __main__ - DEBUG -   processed 1340 batches
09-Feb-26 11:16:38 - __main__ - DEBUG -   processed 1350 batches
09-Feb-26 11:16:41 - __main__ - DEBUG -   processed 1360 batches
09-Feb-26 11:16:43 - __main__ - DEBUG -   processed 1370 batches
09-Feb-26 11:16:48 - __main__ - DEBUG -   processed 1380 batches
09-Feb-26 11:16:53 - __main__ - DEBUG -   processed 1390 batches
09-Feb-26 11:16:58 - __main__ - DEBUG -   processed 1400 batches
09-Feb-26 11:16:59 - __main__ - DEBUG -   processed 1410 batches
09-Feb-26 11:17:05 - __main__ - DEBUG -   processed 1420 batches
09-Feb-26 11:17:10 - __main__ - DEBUG -   processed 1430 batches
09-Feb-26 11:17:16 - __main__ - DEBUG -   processed 1440 batches
09-Feb-26 11:17:21 - __main__ - DEBUG -   processed 1450 batches
09-Feb-26 11:17:22 - __main__ - DEBUG -   processed 1460 batches
09-Feb-26 11:17:27 - __main__ - DEBUG -   processed 1470 batches
09-Feb-26 11:17:32 - __main__ - DEBUG -   processed 1480 batches
09-Feb-26 11:17:37 - __main__ - DEBUG -   processed 1490 batches
09-Feb-26 11:17:42 - __main__ - DEBUG -   processed 1500 batches
09-Feb-26 11:17:43 - __main__ - DEBUG -   processed 1510 batches
09-Feb-26 11:17:51 - __main__ - DEBUG -   processed 1520 batches
09-Feb-26 11:17:56 - __main__ - DEBUG -   processed 1530 batches
09-Feb-26 11:18:01 - __main__ - DEBUG -   processed 1540 batches
09-Feb-26 11:18:11 - __main__ - DEBUG -   processed 1550 batches
09-Feb-26 11:18:12 - __main__ - DEBUG -   processed 1560 batches
2026-02-09 11:18:14.084702: W tensorflow/core/kernels/data/cache_dataset_ops.cc:302] The calling iterator did not fully read the dataset being cached. In order to avoid unexpected truncation of the dataset, the partially cached contents of the dataset  will be discarded. This can happen if you have an input pipeline similar to `dataset.cache().take(k).repeat()`. You should use `dataset.take(k).cache().repeat()` instead.
09-Feb-26 11:18:14 - __main__ - DEBUG - [After train_ds caching] Memory - RSS: 6.73 GB, VMS: 38.25 GB
09-Feb-26 11:18:14 - __main__ - DEBUG - Generating val cache
2026-02-09 11:20:07.522573: W tensorflow/core/kernels/data/cache_dataset_ops.cc:302] The calling iterator did not fully read the dataset being cached. In order to avoid unexpected truncation of the dataset, the partially cached contents of the dataset  will be discarded. This can happen if you have an input pipeline similar to `dataset.cache().take(k).repeat()`. You should use `dataset.take(k).cache().repeat()` instead.
09-Feb-26 11:20:07 - __main__ - DEBUG - [After val_ds caching] Memory - RSS: 2.82 GB, VMS: 34.31 GB
09-Feb-26 11:20:07 - __main__ - DEBUG - Generating test cache
2026-02-09 11:21:49.289825: W tensorflow/core/kernels/data/cache_dataset_ops.cc:302] The calling iterator did not fully read the dataset being cached. In order to avoid unexpected truncation of the dataset, the partially cached contents of the dataset  will be discarded. This can happen if you have an input pipeline similar to `dataset.cache().take(k).repeat()`. You should use `dataset.take(k).cache().repeat()` instead.
09-Feb-26 11:21:49 - __main__ - DEBUG - [After test_ds caching] Memory - RSS: 5.33 GB, VMS: 36.81 GB
09-Feb-26 11:21:49 - __main__ - DEBUG - train_ds per-batch: X=0.094 GB, Y=0.000 GB, Total=0.094 GB
09-Feb-26 11:21:50 - __main__ - DEBUG - val_ds per-batch: X=0.094 GB, Y=0.000 GB, Total=0.094 GB
09-Feb-26 11:21:51 - __main__ - DEBUG - test_ds per-batch: X=0.094 GB, Y=0.000 GB, Total=0.094 GB
09-Feb-26 11:21:51 - __main__ - DEBUG - [Before model building] Memory - RSS: 2.11 GB, VMS: 33.50 GB
INFO:tensorflow:Reduce to /job:localhost/replica:0/task:0/device:CPU:0 then broadcast to ('/job:localhost/replica:0/task:0/device:CPU:0',).
09-Feb-26 11:22:04 - tensorflow - INFO - Reduce to /job:localhost/replica:0/task:0/device:CPU:0 then broadcast to ('/job:localhost/replica:0/task:0/device:CPU:0',).
INFO:tensorflow:Reduce to /job:localhost/replica:0/task:0/device:CPU:0 then broadcast to ('/job:localhost/replica:0/task:0/device:CPU:0',).
09-Feb-26 11:22:04 - tensorflow - INFO - Reduce to /job:localhost/replica:0/task:0/device:CPU:0 then broadcast to ('/job:localhost/replica:0/task:0/device:CPU:0',).
INFO:tensorflow:Reduce to /job:localhost/replica:0/task:0/device:CPU:0 then broadcast to ('/job:localhost/replica:0/task:0/device:CPU:0',).
09-Feb-26 11:22:04 - tensorflow - INFO - Reduce to /job:localhost/replica:0/task:0/device:CPU:0 then broadcast to ('/job:localhost/replica:0/task:0/device:CPU:0',).
INFO:tensorflow:Reduce to /job:localhost/replica:0/task:0/device:CPU:0 then broadcast to ('/job:localhost/replica:0/task:0/device:CPU:0',).
09-Feb-26 11:22:04 - tensorflow - INFO - Reduce to /job:localhost/replica:0/task:0/device:CPU:0 then broadcast to ('/job:localhost/replica:0/task:0/device:CPU:0',).
INFO:tensorflow:Reduce to /job:localhost/replica:0/task:0/device:CPU:0 then broadcast to ('/job:localhost/replica:0/task:0/device:CPU:0',).
09-Feb-26 11:22:05 - tensorflow - INFO - Reduce to /job:localhost/replica:0/task:0/device:CPU:0 then broadcast to ('/job:localhost/replica:0/task:0/device:CPU:0',).
INFO:tensorflow:Reduce to /job:localhost/replica:0/task:0/device:CPU:0 then broadcast to ('/job:localhost/replica:0/task:0/device:CPU:0',).
09-Feb-26 11:22:05 - tensorflow - INFO - Reduce to /job:localhost/replica:0/task:0/device:CPU:0 then broadcast to ('/job:localhost/replica:0/task:0/device:CPU:0',).
INFO:tensorflow:Reduce to /job:localhost/replica:0/task:0/device:CPU:0 then broadcast to ('/job:localhost/replica:0/task:0/device:CPU:0',).
09-Feb-26 11:22:05 - tensorflow - INFO - Reduce to /job:localhost/replica:0/task:0/device:CPU:0 then broadcast to ('/job:localhost/replica:0/task:0/device:CPU:0',).
INFO:tensorflow:Reduce to /job:localhost/replica:0/task:0/device:CPU:0 then broadcast to ('/job:localhost/replica:0/task:0/device:CPU:0',).
09-Feb-26 11:22:05 - tensorflow - INFO - Reduce to /job:localhost/replica:0/task:0/device:CPU:0 then broadcast to ('/job:localhost/replica:0/task:0/device:CPU:0',).
INFO:tensorflow:Reduce to /job:localhost/replica:0/task:0/device:CPU:0 then broadcast to ('/job:localhost/replica:0/task:0/device:CPU:0',).
09-Feb-26 11:22:06 - tensorflow - INFO - Reduce to /job:localhost/replica:0/task:0/device:CPU:0 then broadcast to ('/job:localhost/replica:0/task:0/device:CPU:0',).
INFO:tensorflow:Reduce to /job:localhost/replica:0/task:0/device:CPU:0 then broadcast to ('/job:localhost/replica:0/task:0/device:CPU:0',).
09-Feb-26 11:22:06 - tensorflow - INFO - Reduce to /job:localhost/replica:0/task:0/device:CPU:0 then broadcast to ('/job:localhost/replica:0/task:0/device:CPU:0',).
09-Feb-26 11:22:06 - __main__ - DEBUG - [After model building] Memory - RSS: 2.11 GB, VMS: 33.81 GB
09-Feb-26 11:22:06 - git.cmd - DEBUG - Popen(['git', 'rev-parse', '--show-toplevel'], cwd=/users/stevensonb/Research/MLPNG, stdin=None, shell=False, universal_newlines=False)
09-Feb-26 11:22:06 - urllib3.connectionpool - DEBUG - Starting new HTTPS connection (1): api.wandb.ai:443
09-Feb-26 11:22:06 - urllib3.connectionpool - DEBUG - https://api.wandb.ai:443 "POST /graphql HTTP/1.1" 200 None
09-Feb-26 11:22:06 - urllib3.connectionpool - DEBUG - https://api.wandb.ai:443 "POST /graphql HTTP/1.1" 200 376
wandb: Currently logged in as: jbrandons (mlpng) to https://api.wandb.ai. Use `wandb login --relogin` to force relogin
wandb: Using wandb-core as the SDK backend.  Please refer to https://wandb.me/wandb-core for more information.
09-Feb-26 11:22:07 - git.cmd - DEBUG - Popen(['git', 'cat-file', '--batch-check'], cwd=/users/stevensonb/Research/MLPNG, stdin=<valid stream>, shell=False, universal_newlines=False)
wandb: Tracking run with wandb version 0.19.6
wandb: Run data is saved locally in /users/stevensonb/Research/MLPNG/wandb/run-20260209_112206-pq4m7krg
wandb: Run `wandb offline` to turn off syncing.
wandb: Syncing run helpful-vortex-2293
wandb: ⭐️ View project at https://wandb.ai/mlpng/mlpng
wandb: 🚀 View run at https://wandb.ai/mlpng/mlpng/runs/pq4m7krg
2026-02-09 11:22:08.152673: I external/local_tsl/tsl/platform/default/subprocess.cc:304] Start cannot spawn child process: No such file or directory
Model: "task_conditioned_encoder"
_________________________________________________________________
 Layer (type)                Output Shape              Param #   
=================================================================
 lensed_maps (InputLayer)    [(None, 196608, 1)]       0         
                                                                 
 encoder_block (EncoderBloc  (None, 12288, 32)         320       
 k)                                                              
                                                                 
 encoder_block_1 (EncoderBl  (None, 768, 64)           14528     
 ock)                                                            
                                                                 
 encoder_block_2 (EncoderBl  (None, 48, 128)           57728     
 ock)                                                            
                                                                 
 flatten (Flatten)           (None, 6144)              0         
                                                                 
 task_specific_heads (TaskS  (None, 1)                 796929    
 pecificHeads)                                                   
                                                                 
=================================================================
Total params: 869505 (3.32 MB)
Trainable params: 869057 (3.32 MB)
Non-trainable params: 448 (1.75 KB)
_________________________________________________________________
09-Feb-26 11:22:08 - __main__ - DEBUG - [Before model.fit()] Memory - RSS: 2.15 GB, VMS: 33.85 GB
2026-02-09 11:22:08.634196: W tensorflow/core/grappler/optimizers/data/auto_shard.cc:553] The `assert_cardinality` transformation is currently not handled by the auto-shard rewrite and will be removed.
Epoch 1/100
INFO:tensorflow:Collective all_reduce tensors: 14 all_reduces, num_devices = 4, group_size = 4, implementation = CommunicationImplementation.NCCL, num_packs = 1
09-Feb-26 11:22:14 - tensorflow - INFO - Collective all_reduce tensors: 14 all_reduces, num_devices = 4, group_size = 4, implementation = CommunicationImplementation.NCCL, num_packs = 1
INFO:tensorflow:Collective all_reduce tensors: 14 all_reduces, num_devices = 4, group_size = 4, implementation = CommunicationImplementation.NCCL, num_packs = 1
09-Feb-26 11:22:23 - tensorflow - INFO - Collective all_reduce tensors: 14 all_reduces, num_devices = 4, group_size = 4, implementation = CommunicationImplementation.NCCL, num_packs = 1
2026-02-09 11:22:28.537769: I external/local_xla/xla/stream_executor/cuda/cuda_dnn.cc:454] Loaded cuDNN version 8904
2026-02-09 11:22:28.547602: I external/local_xla/xla/stream_executor/cuda/cuda_dnn.cc:454] Loaded cuDNN version 8904
2026-02-09 11:22:28.622111: I external/local_xla/xla/stream_executor/cuda/cuda_dnn.cc:454] Loaded cuDNN version 8904
2026-02-09 11:22:28.656260: I external/local_xla/xla/stream_executor/cuda/cuda_dnn.cc:454] Loaded cuDNN version 8904
2026-02-09 11:22:29.851662: I external/local_xla/xla/service/service.cc:168] XLA service 0x155279be9840 initialized for platform CUDA (this does not guarantee that XLA will be used). Devices:
2026-02-09 11:22:29.851704: I external/local_xla/xla/service/service.cc:176]   StreamExecutor device (0): NVIDIA A100-SXM4-80GB, Compute Capability 8.0
2026-02-09 11:22:29.851712: I external/local_xla/xla/service/service.cc:176]   StreamExecutor device (1): NVIDIA A100-SXM4-80GB, Compute Capability 8.0
2026-02-09 11:22:29.851718: I external/local_xla/xla/service/service.cc:176]   StreamExecutor device (2): NVIDIA A100-SXM4-80GB, Compute Capability 8.0
2026-02-09 11:22:29.851723: I external/local_xla/xla/service/service.cc:176]   StreamExecutor device (3): NVIDIA A100-SXM4-80GB, Compute Capability 8.0
2026-02-09 11:22:29.861729: I tensorflow/compiler/mlir/tensorflow/utils/dump_mlir_util.cc:269] disabling MLIR crash reproducer, set env var `MLIR_CRASH_REPRODUCER_DIRECTORY` to enable.
WARNING: All log messages before absl::InitializeLog() is called are written to STDERR
I0000 00:00:1770657749.934969 2007509 device_compiler.h:186] Compiled cluster using XLA!  This line is logged at most once for the lifetime of the process.
2026-02-09 11:26:03.282090: W tensorflow/core/grappler/optimizers/data/auto_shard.cc:553] The `assert_cardinality` transformation is currently not handled by the auto-shard rewrite and will be removed.
1563/1563 - 242s - loss: 55303.2617 - rmse_equilateral: 235.1665 - val_loss: 150119.7500 - val_rmse_equilateral: 387.4529 - 242s/epoch - 155ms/step
Epoch 2/100
1563/1563 - 216s - loss: 27494.6895 - rmse_equilateral: 165.8152 - val_loss: 531214.6250 - val_rmse_equilateral: 728.8447 - 216s/epoch - 138ms/step
Epoch 3/100
1563/1563 - 216s - loss: 21541.0586 - rmse_equilateral: 146.7687 - val_loss: 76351.8047 - val_rmse_equilateral: 276.3183 - 216s/epoch - 138ms/step
Epoch 4/100
1563/1563 - 210s - loss: 21730.0566 - rmse_equilateral: 147.4112 - val_loss: 476019.9688 - val_rmse_equilateral: 689.9420 - 210s/epoch - 134ms/step
Epoch 5/100
1563/1563 - 209s - loss: 19331.5605 - rmse_equilateral: 139.0380 - val_loss: 184390.2969 - val_rmse_equilateral: 429.4069 - 209s/epoch - 134ms/step
Epoch 6/100
1563/1563 - 207s - loss: 17843.5156 - rmse_equilateral: 133.5796 - val_loss: 29198.7910 - val_rmse_equilateral: 170.8765 - 207s/epoch - 132ms/step
Epoch 7/100
1563/1563 - 215s - loss: 16899.2559 - rmse_equilateral: 129.9971 - val_loss: 217042.4375 - val_rmse_equilateral: 465.8781 - 215s/epoch - 137ms/step
Epoch 8/100
1563/1563 - 211s - loss: 18396.3828 - rmse_equilateral: 135.6333 - val_loss: 427894.7812 - val_rmse_equilateral: 654.1367 - 211s/epoch - 135ms/step
Epoch 9/100
1563/1563 - 213s - loss: 17273.3691 - rmse_equilateral: 131.4282 - val_loss: 510724.7500 - val_rmse_equilateral: 714.6501 - 213s/epoch - 136ms/step
Epoch 10/100
1563/1563 - 212s - loss: 16314.4023 - rmse_equilateral: 127.7278 - val_loss: 354323.7812 - val_rmse_equilateral: 595.2510 - 212s/epoch - 135ms/step
Epoch 11/100
1563/1563 - 205s - loss: 15290.9658 - rmse_equilateral: 123.6566 - val_loss: 77731.5312 - val_rmse_equilateral: 278.8037 - 205s/epoch - 131ms/step
Epoch 12/100
1563/1563 - 210s - loss: 14334.1924 - rmse_equilateral: 119.7255 - val_loss: 30311.7051 - val_rmse_equilateral: 174.1026 - 210s/epoch - 134ms/step
Epoch 13/100
1563/1563 - 211s - loss: 13507.8438 - rmse_equilateral: 116.2233 - val_loss: 23428.3828 - val_rmse_equilateral: 153.0633 - 211s/epoch - 135ms/step
Epoch 14/100
1563/1563 - 211s - loss: 12890.2979 - rmse_equilateral: 113.5354 - val_loss: 26036.9297 - val_rmse_equilateral: 161.3596 - 211s/epoch - 135ms/step
Epoch 15/100
1563/1563 - 211s - loss: 12570.2686 - rmse_equilateral: 112.1172 - val_loss: 36018.5781 - val_rmse_equilateral: 189.7856 - 211s/epoch - 135ms/step
Epoch 16/100
1563/1563 - 211s - loss: 14361.9150 - rmse_equilateral: 119.8412 - val_loss: 240149.2031 - val_rmse_equilateral: 490.0502 - 211s/epoch - 135ms/step
Epoch 17/100
1563/1563 - 211s - loss: 13490.1270 - rmse_equilateral: 116.1470 - val_loss: 147041.8750 - val_rmse_equilateral: 383.4604 - 211s/epoch - 135ms/step
Epoch 18/100
1563/1563 - 211s - loss: 12557.1943 - rmse_equilateral: 112.0589 - val_loss: 107721.2188 - val_rmse_equilateral: 328.2091 - 211s/epoch - 135ms/step
Epoch 19/100
1563/1563 - 211s - loss: 11547.9580 - rmse_equilateral: 107.4614 - val_loss: 47566.4648 - val_rmse_equilateral: 218.0974 - 211s/epoch - 135ms/step
Epoch 20/100
1563/1563 - 212s - loss: 10636.7939 - rmse_equilateral: 103.1348 - val_loss: 31692.2910 - val_rmse_equilateral: 178.0233 - 212s/epoch - 136ms/step
Epoch 21/100
1563/1563 - 212s - loss: 9985.5469 - rmse_equilateral: 99.9277 - val_loss: 27397.3574 - val_rmse_equilateral: 165.5215 - 212s/epoch - 135ms/step
Epoch 22/100
1563/1563 - 211s - loss: 9614.8086 - rmse_equilateral: 98.0551 - val_loss: 41619.0156 - val_rmse_equilateral: 204.0074 - 211s/epoch - 135ms/step
Epoch 23/100
1563/1563 - 211s - loss: 9493.0146 - rmse_equilateral: 97.4321 - val_loss: 39859.4102 - val_rmse_equilateral: 199.6482 - 211s/epoch - 135ms/step
Epoch 24/100
1563/1563 - 211s - loss: 9208.0381 - rmse_equilateral: 95.9585 - val_loss: 27203.6680 - val_rmse_equilateral: 164.9353 - 211s/epoch - 135ms/step
Epoch 25/100
1563/1563 - 213s - loss: 8882.7744 - rmse_equilateral: 94.2485 - val_loss: 28962.9961 - val_rmse_equilateral: 170.1852 - 213s/epoch - 136ms/step
Epoch 26/100
1563/1563 - 212s - loss: 8737.9883 - rmse_equilateral: 93.4772 - val_loss: 28542.7109 - val_rmse_equilateral: 168.9459 - 212s/epoch - 135ms/step
Epoch 27/100
1563/1563 - 212s - loss: 8578.8291 - rmse_equilateral: 92.6220 - val_loss: 27376.4570 - val_rmse_equilateral: 165.4583 - 212s/epoch - 136ms/step
Epoch 28/100
1563/1563 - 212s - loss: 8318.3145 - rmse_equilateral: 91.2048 - val_loss: 27471.6602 - val_rmse_equilateral: 165.7458 - 212s/epoch - 136ms/step
Epoch 29/100
1563/1563 - 212s - loss: 8169.3262 - rmse_equilateral: 90.3843 - val_loss: 26986.8066 - val_rmse_equilateral: 164.2766 - 212s/epoch - 135ms/step
09-Feb-26 13:05:00 - __main__ - INFO - Training complete! Best val_loss: 23428.382812
wandb:                                                                                
wandb: 
wandb: Run history:
wandb:                epoch/epoch ▁▁▁▂▂▂▃▃▃▃▃▄▄▄▅▅▅▅▅▆▆▆▇▇▇▇▇██
wandb:        epoch/learning_rate █▄█▇▄▂▇▇▆▅▄▃▂▁▇▇▇▇▆▆▅▅▄▃▃▂▂▁▁
wandb:                 epoch/loss █▄▃▃▃▂▂▃▂▂▂▂▂▂▂▂▂▂▂▁▁▁▁▁▁▁▁▁▁
wandb:     epoch/rmse_equilateral █▅▄▄▃▃▃▃▃▃▃▂▂▂▂▂▂▂▂▂▁▁▁▁▁▁▁▁▁
wandb:             epoch/val_loss ▃█▂▇▃▁▄▇█▆▂▁▁▁▁▄▃▂▁▁▁▁▁▁▁▁▁▁▁
wandb: epoch/val_rmse_equilateral ▄█▂█▄▁▅▇█▆▃▁▁▁▁▅▄▃▂▁▁▂▂▁▁▁▁▁▁
wandb: 
wandb: Run summary:
wandb:                epoch/epoch 28
wandb:        epoch/learning_rate 2e-05
wandb:                 epoch/loss 8169.32617
wandb:     epoch/rmse_equilateral 90.38432
wandb:             epoch/val_loss 26986.80664
wandb: epoch/val_rmse_equilateral 164.27661
wandb: 
wandb: 🚀 View run helpful-vortex-2293 at: https://wandb.ai/mlpng/mlpng/runs/pq4m7krg
wandb: ⭐️ View project at: https://wandb.ai/mlpng/mlpng
wandb: Synced 5 W&B file(s), 0 media file(s), 0 artifact file(s) and 0 other file(s)
wandb: Find logs at: ./wandb/run-20260209_112206-pq4m7krg/logs
2026-02-09 13:05:02.841121: W tensorflow/core/grappler/optimizers/data/auto_shard.cc:553] The `assert_cardinality` transformation is currently not handled by the auto-shard rewrite and will be removed.

Test Set Performance Summary
================================================================================
      Shape        MAE       RMSE  RMSE/Sigma  Correlation
equilateral 115.773087 147.683823    1.189592     0.969219
================================================================================
09-Feb-26 13:05:16 - __main__ - INFO - Saved training history plot: data/plots/l383_n128_T_10000_p1.0/386203/trainer/loss.png
09-Feb-26 13:05:17 - __main__ - INFO - Saved evaluation plot: data/plots/l383_n128_T_10000_p1.0/386203/trainer/evaluation.png
09-Feb-26 13:05:18 - __main__ - INFO - Saved evaluation plot: data/plots/l383_n128_T_10000_p1.0/386203/trainer/restricted.png

real	123m44.016s
user	0m0.015s
sys	0m0.089s
