Running trainer with module mlpng.neo_trainer on bcm-dgxa100-0003
2026-02-04 14:43:49.585079: E external/local_xla/xla/stream_executor/cuda/cuda_dnn.cc:9261] Unable to register cuDNN factory: Attempting to register factory for plugin cuDNN when one has already been registered
2026-02-04 14:43:49.585130: E external/local_xla/xla/stream_executor/cuda/cuda_fft.cc:607] Unable to register cuFFT factory: Attempting to register factory for plugin cuFFT when one has already been registered
2026-02-04 14:43:49.617568: E external/local_xla/xla/stream_executor/cuda/cuda_blas.cc:1515] Unable to register cuBLAS factory: Attempting to register factory for plugin cuBLAS when one has already been registered
2026-02-04 14:43:49.670758: I tensorflow/core/platform/cpu_feature_guard.cc:182] This TensorFlow binary is optimized to use available CPU instructions in performance-critical operations.
To enable the following instructions: AVX2 FMA, in other operations, rebuild TensorFlow with the appropriate compiler flags.
2026-02-04 14:43:57.834515: W tensorflow/compiler/tf2tensorrt/utils/py_utils.cc:38] TF-TRT Warning: Could not find TensorRT
04-Feb-26 14:44:14 - __main__ - DEBUG - Core arguments: ['settings/n256.json', '--nsims', '10000', '--phi_scale', '1', '--shapes', 'all', '--fnl_range', '-1000', '1000']
2026-02-04 14:44:15.313707: I tensorflow/core/common_runtime/gpu/gpu_device.cc:1929] Created device /job:localhost/replica:0/task:0/device:GPU:0 with 79194 MB memory:  -> device: 0, name: NVIDIA A100-SXM4-80GB, pci bus id: 0000:07:00.0, compute capability: 8.0
2026-02-04 14:44:15.315393: I tensorflow/core/common_runtime/gpu/gpu_device.cc:1929] Created device /job:localhost/replica:0/task:0/device:GPU:1 with 79194 MB memory:  -> device: 1, name: NVIDIA A100-SXM4-80GB, pci bus id: 0000:0f:00.0, compute capability: 8.0
2026-02-04 14:44:15.316924: I tensorflow/core/common_runtime/gpu/gpu_device.cc:1929] Created device /job:localhost/replica:0/task:0/device:GPU:2 with 79194 MB memory:  -> device: 2, name: NVIDIA A100-SXM4-80GB, pci bus id: 0000:47:00.0, compute capability: 8.0
2026-02-04 14:44:15.318526: I tensorflow/core/common_runtime/gpu/gpu_device.cc:1929] Created device /job:localhost/replica:0/task:0/device:GPU:3 with 79194 MB memory:  -> device: 3, name: NVIDIA A100-SXM4-80GB, pci bus id: 0000:4e:00.0, compute capability: 8.0
INFO:tensorflow:Using MirroredStrategy with devices ('/job:localhost/replica:0/task:0/device:GPU:0', '/job:localhost/replica:0/task:0/device:GPU:1', '/job:localhost/replica:0/task:0/device:GPU:2', '/job:localhost/replica:0/task:0/device:GPU:3')
04-Feb-26 14:44:15 - tensorflow - INFO - Using MirroredStrategy with devices ('/job:localhost/replica:0/task:0/device:GPU:0', '/job:localhost/replica:0/task:0/device:GPU:1', '/job:localhost/replica:0/task:0/device:GPU:2', '/job:localhost/replica:0/task:0/device:GPU:3')
04-Feb-26 14:44:15 - __main__ - INFO - Using MirroredStrategy with 4 device(s)
04-Feb-26 14:44:15 - __main__ - DEBUG - [Before Core initialization] Memory - RSS: 1.10 GB, VMS: 28.39 GB
04-Feb-26 14:44:15 - mlpng.core - DEBUG - Parsing CLI args: ['settings/n256.json', '--shapes', 'all', '--nsims', '10000']
04-Feb-26 14:44:15 - mlpng.core - INFO - Loading settings from file 'settings/n256.json'
04-Feb-26 14:44:15 - mlpng.core - DEBUG - Forcing setting 'nsims' to 10000 due to CLI
04-Feb-26 14:44:15 - mlpng.core - DEBUG - Forcing setting 'shapes' to ['all'] due to CLI
04-Feb-26 14:44:15 - mlpng.core - DEBUG - Forcing setting 'tf_cache' to True due to CLI
04-Feb-26 14:44:15 - mlpng.core - DEBUG - Forcing setting 'tf_mem_cache' to True due to CLI
04-Feb-26 14:44:15 - mlpng.core - DEBUG - Overriding cosmo param 'As' from 2.13e-09 to 2.105e-09
04-Feb-26 14:44:15 - mlpng.core - DEBUG - Overriding cosmo param 'ns' from 0.9624 to 0.965
04-Feb-26 14:44:15 - mlpng.core - DEBUG - Running with settings: 
{
  "cosmo_params": {
    "As": 2.105e-09,
    "ns": 0.965,
    "pivot_scalar": 0.05,
    "H0": 67.4,
    "ombh2": 0.0224,
    "omch2": 0.12,
    "tau": 0.054
  },
  "nsims": 10000,
  "nside": 256,
  "shapes": [
    "all"
  ],
  "tf_cache": true,
  "tf_mem_cache": true
}
04-Feb-26 14:44:15 - mlpng.core - DEBUG - slurm: Slurm(self.name='trainer', self.job=385418, self.array=0, self.array_index=-1, self.task_count=0, self.is_main=True, self.n_cpus=32)
04-Feb-26 14:44:15 - mlpng.core - DEBUG - Using seed: 103957533
04-Feb-26 14:44:15 - mlpng.core - DEBUG - Found non-default value for 'nside': 256 (default: 128)
04-Feb-26 14:44:15 - mlpng.core - DEBUG - Found non-default value for 'nsims': 10000 (default: 100)
04-Feb-26 14:44:15 - mlpng.core - DEBUG - Found non-default value for 'shapes': ['all'] (default: 'all')
04-Feb-26 14:44:15 - __main__ - DEBUG - [After Core initialization] Memory - RSS: 1.10 GB, VMS: 28.39 GB
04-Feb-26 14:44:15 - __main__ - INFO - Sigma values: [ 13.793063 102.67485   94.16199 ]
04-Feb-26 14:44:15 - __main__ - INFO - Decay steps: 1562.0
04-Feb-26 14:46:43 - mlpng.utils.dataloaders - DEBUG - Error information from 'data/data/l767_n256_T_10000_p1.0.hdf5'...
04-Feb-26 14:46:43 - mlpng.utils.dataloaders - DEBUG - Fisher Matrix: [ 0.00872105  0.0002437  -0.00069579]
04-Feb-26 14:46:43 - mlpng.utils.dataloaders - DEBUG - Marginal Likelihoods: 13.765132
04-Feb-26 14:46:43 - mlpng.utils.dataloaders - DEBUG - Fisher for shape local: 0.00857116, std div: 10.801404029244601
04-Feb-26 14:46:43 - mlpng.utils.dataloaders - DEBUG - Fisher for shape equilateral: 0.000115872994, std div: 92.89853724028984
04-Feb-26 14:46:43 - mlpng.utils.dataloaders - DEBUG - Fisher for shape orthogonal: 0.0002511192, std div: 63.10446005444039
04-Feb-26 14:46:43 - __main__ - DEBUG - [After KappaDataset creation] Memory - RSS: 2.59 GB, VMS: 29.88 GB
04-Feb-26 14:46:43 - mlpng.utils.dataloaders - DEBUG - Splitting 'data/data/l767_n256_T_10000_p1.0.hdf5' into train: 0:8000 (8000), val: 8000:9000 (1000), test: 9000:10000 (1000)
04-Feb-26 14:46:43 - mlpng.utils.dataloaders - DEBUG - Using cache file: '/lustre/smuexa01/client/users/stevensonb/tf_cache/n256_local-equilateral-orthogonal-train.cache'
04-Feb-26 14:46:43 - mlpng.utils.dataloaders - DEBUG - Using cache file: '/lustre/smuexa01/client/users/stevensonb/tf_cache/n256_local-equilateral-orthogonal-val.cache'
04-Feb-26 14:46:43 - mlpng.utils.dataloaders - DEBUG - Using cache file: '/lustre/smuexa01/client/users/stevensonb/tf_cache/n256_local-equilateral-orthogonal-test.cache'
04-Feb-26 14:46:43 - __main__ - DEBUG - [After dataset split] Memory - RSS: 2.59 GB, VMS: 29.88 GB
04-Feb-26 14:46:43 - __main__ - DEBUG - Generating train cache
04-Feb-26 14:46:44 - __main__ - DEBUG -   processed 0 batches
04-Feb-26 14:46:50 - __main__ - DEBUG -   processed 10 batches
04-Feb-26 14:46:57 - __main__ - DEBUG -   processed 20 batches
04-Feb-26 14:47:03 - __main__ - DEBUG -   processed 30 batches
04-Feb-26 14:47:09 - __main__ - DEBUG -   processed 40 batches
04-Feb-26 14:47:15 - __main__ - DEBUG -   processed 50 batches
04-Feb-26 14:47:21 - __main__ - DEBUG -   processed 60 batches
04-Feb-26 14:47:26 - __main__ - DEBUG -   processed 70 batches
04-Feb-26 14:47:32 - __main__ - DEBUG -   processed 80 batches
04-Feb-26 14:47:38 - __main__ - DEBUG -   processed 90 batches
04-Feb-26 14:47:43 - __main__ - DEBUG -   processed 100 batches
04-Feb-26 14:47:49 - __main__ - DEBUG -   processed 110 batches
04-Feb-26 14:47:55 - __main__ - DEBUG -   processed 120 batches
04-Feb-26 14:48:01 - __main__ - DEBUG -   processed 130 batches
04-Feb-26 14:48:07 - __main__ - DEBUG -   processed 140 batches
04-Feb-26 14:48:12 - __main__ - DEBUG -   processed 150 batches
04-Feb-26 14:48:18 - __main__ - DEBUG -   processed 160 batches
04-Feb-26 14:48:24 - __main__ - DEBUG -   processed 170 batches
04-Feb-26 14:48:30 - __main__ - DEBUG -   processed 180 batches
04-Feb-26 14:48:35 - __main__ - DEBUG -   processed 190 batches
04-Feb-26 14:48:41 - __main__ - DEBUG -   processed 200 batches
04-Feb-26 14:48:47 - __main__ - DEBUG -   processed 210 batches
04-Feb-26 14:48:52 - __main__ - DEBUG -   processed 220 batches
04-Feb-26 14:48:58 - __main__ - DEBUG -   processed 230 batches
04-Feb-26 14:49:04 - __main__ - DEBUG -   processed 240 batches
04-Feb-26 14:49:09 - __main__ - DEBUG -   processed 250 batches
04-Feb-26 14:49:15 - __main__ - DEBUG -   processed 260 batches
04-Feb-26 14:49:21 - __main__ - DEBUG -   processed 270 batches
04-Feb-26 14:49:26 - __main__ - DEBUG -   processed 280 batches
04-Feb-26 14:49:32 - __main__ - DEBUG -   processed 290 batches
04-Feb-26 14:49:38 - __main__ - DEBUG -   processed 300 batches
04-Feb-26 14:49:43 - __main__ - DEBUG -   processed 310 batches
04-Feb-26 14:49:49 - __main__ - DEBUG -   processed 320 batches
04-Feb-26 14:49:54 - __main__ - DEBUG -   processed 330 batches
04-Feb-26 14:50:00 - __main__ - DEBUG -   processed 340 batches
04-Feb-26 14:50:06 - __main__ - DEBUG -   processed 350 batches
04-Feb-26 14:50:11 - __main__ - DEBUG -   processed 360 batches
04-Feb-26 14:50:17 - __main__ - DEBUG -   processed 370 batches
04-Feb-26 14:50:23 - __main__ - DEBUG -   processed 380 batches
04-Feb-26 14:50:29 - __main__ - DEBUG -   processed 390 batches
04-Feb-26 14:50:34 - __main__ - DEBUG -   processed 400 batches
04-Feb-26 14:50:40 - __main__ - DEBUG -   processed 410 batches
04-Feb-26 14:50:46 - __main__ - DEBUG -   processed 420 batches
04-Feb-26 14:50:52 - __main__ - DEBUG -   processed 430 batches
04-Feb-26 14:50:58 - __main__ - DEBUG -   processed 440 batches
04-Feb-26 14:51:04 - __main__ - DEBUG -   processed 450 batches
04-Feb-26 14:51:10 - __main__ - DEBUG -   processed 460 batches
04-Feb-26 14:51:16 - __main__ - DEBUG -   processed 470 batches
04-Feb-26 14:51:21 - __main__ - DEBUG -   processed 480 batches
04-Feb-26 14:51:27 - __main__ - DEBUG -   processed 490 batches
04-Feb-26 14:51:33 - __main__ - DEBUG -   processed 500 batches
04-Feb-26 14:51:39 - __main__ - DEBUG -   processed 510 batches
04-Feb-26 14:51:45 - __main__ - DEBUG -   processed 520 batches
04-Feb-26 14:51:51 - __main__ - DEBUG -   processed 530 batches
04-Feb-26 14:51:57 - __main__ - DEBUG -   processed 540 batches
04-Feb-26 14:52:03 - __main__ - DEBUG -   processed 550 batches
04-Feb-26 14:52:09 - __main__ - DEBUG -   processed 560 batches
04-Feb-26 14:52:14 - __main__ - DEBUG -   processed 570 batches
04-Feb-26 14:52:20 - __main__ - DEBUG -   processed 580 batches
04-Feb-26 14:52:26 - __main__ - DEBUG -   processed 590 batches
04-Feb-26 14:52:32 - __main__ - DEBUG -   processed 600 batches
04-Feb-26 14:52:38 - __main__ - DEBUG -   processed 610 batches
04-Feb-26 14:52:44 - __main__ - DEBUG -   processed 620 batches
04-Feb-26 14:52:50 - __main__ - DEBUG -   processed 630 batches
04-Feb-26 14:52:56 - __main__ - DEBUG -   processed 640 batches
04-Feb-26 14:53:02 - __main__ - DEBUG -   processed 650 batches
04-Feb-26 14:53:08 - __main__ - DEBUG -   processed 660 batches
04-Feb-26 14:53:14 - __main__ - DEBUG -   processed 670 batches
04-Feb-26 14:53:20 - __main__ - DEBUG -   processed 680 batches
04-Feb-26 14:53:26 - __main__ - DEBUG -   processed 690 batches
04-Feb-26 14:53:32 - __main__ - DEBUG -   processed 700 batches
04-Feb-26 14:53:38 - __main__ - DEBUG -   processed 710 batches
04-Feb-26 14:53:44 - __main__ - DEBUG -   processed 720 batches
04-Feb-26 14:53:50 - __main__ - DEBUG -   processed 730 batches
04-Feb-26 14:53:56 - __main__ - DEBUG -   processed 740 batches
04-Feb-26 14:54:02 - __main__ - DEBUG -   processed 750 batches
04-Feb-26 14:54:08 - __main__ - DEBUG -   processed 760 batches
04-Feb-26 14:54:14 - __main__ - DEBUG -   processed 770 batches
04-Feb-26 14:54:20 - __main__ - DEBUG -   processed 780 batches
04-Feb-26 14:54:26 - __main__ - DEBUG -   processed 790 batches
04-Feb-26 14:54:32 - __main__ - DEBUG -   processed 800 batches
04-Feb-26 14:54:38 - __main__ - DEBUG -   processed 810 batches
04-Feb-26 14:54:44 - __main__ - DEBUG -   processed 820 batches
04-Feb-26 14:54:50 - __main__ - DEBUG -   processed 830 batches
04-Feb-26 14:54:55 - __main__ - DEBUG -   processed 840 batches
04-Feb-26 14:55:01 - __main__ - DEBUG -   processed 850 batches
04-Feb-26 14:55:08 - __main__ - DEBUG -   processed 860 batches
04-Feb-26 14:55:13 - __main__ - DEBUG -   processed 870 batches
04-Feb-26 14:55:19 - __main__ - DEBUG -   processed 880 batches
04-Feb-26 14:55:25 - __main__ - DEBUG -   processed 890 batches
04-Feb-26 14:55:31 - __main__ - DEBUG -   processed 900 batches
04-Feb-26 14:55:37 - __main__ - DEBUG -   processed 910 batches
04-Feb-26 14:55:43 - __main__ - DEBUG -   processed 920 batches
04-Feb-26 14:55:49 - __main__ - DEBUG -   processed 930 batches
04-Feb-26 14:55:55 - __main__ - DEBUG -   processed 940 batches
04-Feb-26 14:56:01 - __main__ - DEBUG -   processed 950 batches
04-Feb-26 14:56:07 - __main__ - DEBUG -   processed 960 batches
04-Feb-26 14:56:13 - __main__ - DEBUG -   processed 970 batches
04-Feb-26 14:56:19 - __main__ - DEBUG -   processed 980 batches
04-Feb-26 14:56:24 - __main__ - DEBUG -   processed 990 batches
04-Feb-26 14:56:31 - __main__ - DEBUG -   processed 1000 batches
04-Feb-26 14:56:36 - __main__ - DEBUG -   processed 1010 batches
04-Feb-26 14:56:42 - __main__ - DEBUG -   processed 1020 batches
04-Feb-26 14:56:48 - __main__ - DEBUG -   processed 1030 batches
04-Feb-26 14:56:54 - __main__ - DEBUG -   processed 1040 batches
04-Feb-26 14:57:00 - __main__ - DEBUG -   processed 1050 batches
04-Feb-26 14:57:06 - __main__ - DEBUG -   processed 1060 batches
04-Feb-26 14:57:12 - __main__ - DEBUG -   processed 1070 batches
04-Feb-26 14:57:18 - __main__ - DEBUG -   processed 1080 batches
04-Feb-26 14:57:24 - __main__ - DEBUG -   processed 1090 batches
04-Feb-26 14:57:30 - __main__ - DEBUG -   processed 1100 batches
04-Feb-26 14:57:36 - __main__ - DEBUG -   processed 1110 batches
04-Feb-26 14:57:42 - __main__ - DEBUG -   processed 1120 batches
04-Feb-26 14:57:48 - __main__ - DEBUG -   processed 1130 batches
04-Feb-26 14:57:53 - __main__ - DEBUG -   processed 1140 batches
04-Feb-26 14:57:59 - __main__ - DEBUG -   processed 1150 batches
04-Feb-26 14:58:05 - __main__ - DEBUG -   processed 1160 batches
04-Feb-26 14:58:11 - __main__ - DEBUG -   processed 1170 batches
04-Feb-26 14:58:17 - __main__ - DEBUG -   processed 1180 batches
04-Feb-26 14:58:23 - __main__ - DEBUG -   processed 1190 batches
04-Feb-26 14:58:29 - __main__ - DEBUG -   processed 1200 batches
04-Feb-26 14:58:35 - __main__ - DEBUG -   processed 1210 batches
04-Feb-26 14:58:41 - __main__ - DEBUG -   processed 1220 batches
04-Feb-26 14:58:47 - __main__ - DEBUG -   processed 1230 batches
04-Feb-26 14:58:53 - __main__ - DEBUG -   processed 1240 batches
04-Feb-26 14:58:59 - __main__ - DEBUG -   processed 1250 batches
04-Feb-26 14:59:05 - __main__ - DEBUG -   processed 1260 batches
04-Feb-26 14:59:11 - __main__ - DEBUG -   processed 1270 batches
04-Feb-26 14:59:17 - __main__ - DEBUG -   processed 1280 batches
04-Feb-26 14:59:23 - __main__ - DEBUG -   processed 1290 batches
04-Feb-26 14:59:29 - __main__ - DEBUG -   processed 1300 batches
04-Feb-26 14:59:35 - __main__ - DEBUG -   processed 1310 batches
04-Feb-26 14:59:41 - __main__ - DEBUG -   processed 1320 batches
04-Feb-26 14:59:46 - __main__ - DEBUG -   processed 1330 batches
04-Feb-26 14:59:52 - __main__ - DEBUG -   processed 1340 batches
04-Feb-26 14:59:58 - __main__ - DEBUG -   processed 1350 batches
04-Feb-26 15:00:04 - __main__ - DEBUG -   processed 1360 batches
04-Feb-26 15:00:10 - __main__ - DEBUG -   processed 1370 batches
04-Feb-26 15:00:16 - __main__ - DEBUG -   processed 1380 batches
04-Feb-26 15:00:22 - __main__ - DEBUG -   processed 1390 batches
04-Feb-26 15:00:28 - __main__ - DEBUG -   processed 1400 batches
04-Feb-26 15:00:34 - __main__ - DEBUG -   processed 1410 batches
04-Feb-26 15:00:40 - __main__ - DEBUG -   processed 1420 batches
04-Feb-26 15:00:45 - __main__ - DEBUG -   processed 1430 batches
04-Feb-26 15:00:51 - __main__ - DEBUG -   processed 1440 batches
04-Feb-26 15:00:57 - __main__ - DEBUG -   processed 1450 batches
04-Feb-26 15:01:03 - __main__ - DEBUG -   processed 1460 batches
04-Feb-26 15:01:09 - __main__ - DEBUG -   processed 1470 batches
04-Feb-26 15:01:15 - __main__ - DEBUG -   processed 1480 batches
04-Feb-26 15:01:21 - __main__ - DEBUG -   processed 1490 batches
04-Feb-26 15:01:27 - __main__ - DEBUG -   processed 1500 batches
04-Feb-26 15:01:32 - __main__ - DEBUG -   processed 1510 batches
04-Feb-26 15:01:38 - __main__ - DEBUG -   processed 1520 batches
04-Feb-26 15:01:44 - __main__ - DEBUG -   processed 1530 batches
04-Feb-26 15:01:50 - __main__ - DEBUG -   processed 1540 batches
04-Feb-26 15:01:56 - __main__ - DEBUG -   processed 1550 batches
04-Feb-26 15:02:02 - __main__ - DEBUG -   processed 1560 batches
04-Feb-26 15:02:03 - __main__ - DEBUG - [After train_ds caching] Memory - RSS: 2.99 GB, VMS: 32.48 GB
04-Feb-26 15:02:03 - __main__ - DEBUG - Generating val cache
04-Feb-26 15:02:49 - __main__ - DEBUG - [After val_ds caching] Memory - RSS: 2.99 GB, VMS: 32.48 GB
04-Feb-26 15:02:49 - __main__ - DEBUG - Generating test cache
04-Feb-26 15:03:38 - __main__ - DEBUG - [After test_ds caching] Memory - RSS: 3.36 GB, VMS: 32.80 GB
04-Feb-26 15:03:39 - __main__ - DEBUG - train_ds per-batch: X=0.375 GB, Y=0.000 GB, Total=0.375 GB
04-Feb-26 15:03:49 - __main__ - DEBUG - val_ds per-batch: X=0.375 GB, Y=0.000 GB, Total=0.375 GB
04-Feb-26 15:03:53 - __main__ - DEBUG - test_ds per-batch: X=0.375 GB, Y=0.000 GB, Total=0.375 GB
04-Feb-26 15:04:02 - __main__ - DEBUG - [Before model building] Memory - RSS: 2.99 GB, VMS: 32.55 GB
INFO:tensorflow:Reduce to /job:localhost/replica:0/task:0/device:CPU:0 then broadcast to ('/job:localhost/replica:0/task:0/device:CPU:0',).
04-Feb-26 15:08:17 - tensorflow - INFO - Reduce to /job:localhost/replica:0/task:0/device:CPU:0 then broadcast to ('/job:localhost/replica:0/task:0/device:CPU:0',).
INFO:tensorflow:Reduce to /job:localhost/replica:0/task:0/device:CPU:0 then broadcast to ('/job:localhost/replica:0/task:0/device:CPU:0',).
04-Feb-26 15:08:17 - tensorflow - INFO - Reduce to /job:localhost/replica:0/task:0/device:CPU:0 then broadcast to ('/job:localhost/replica:0/task:0/device:CPU:0',).
INFO:tensorflow:Reduce to /job:localhost/replica:0/task:0/device:CPU:0 then broadcast to ('/job:localhost/replica:0/task:0/device:CPU:0',).
04-Feb-26 15:08:17 - tensorflow - INFO - Reduce to /job:localhost/replica:0/task:0/device:CPU:0 then broadcast to ('/job:localhost/replica:0/task:0/device:CPU:0',).
INFO:tensorflow:Reduce to /job:localhost/replica:0/task:0/device:CPU:0 then broadcast to ('/job:localhost/replica:0/task:0/device:CPU:0',).
04-Feb-26 15:08:17 - tensorflow - INFO - Reduce to /job:localhost/replica:0/task:0/device:CPU:0 then broadcast to ('/job:localhost/replica:0/task:0/device:CPU:0',).
INFO:tensorflow:Reduce to /job:localhost/replica:0/task:0/device:CPU:0 then broadcast to ('/job:localhost/replica:0/task:0/device:CPU:0',).
04-Feb-26 15:08:33 - tensorflow - INFO - Reduce to /job:localhost/replica:0/task:0/device:CPU:0 then broadcast to ('/job:localhost/replica:0/task:0/device:CPU:0',).
INFO:tensorflow:Reduce to /job:localhost/replica:0/task:0/device:CPU:0 then broadcast to ('/job:localhost/replica:0/task:0/device:CPU:0',).
04-Feb-26 15:08:33 - tensorflow - INFO - Reduce to /job:localhost/replica:0/task:0/device:CPU:0 then broadcast to ('/job:localhost/replica:0/task:0/device:CPU:0',).
INFO:tensorflow:Reduce to /job:localhost/replica:0/task:0/device:CPU:0 then broadcast to ('/job:localhost/replica:0/task:0/device:CPU:0',).
04-Feb-26 15:08:33 - tensorflow - INFO - Reduce to /job:localhost/replica:0/task:0/device:CPU:0 then broadcast to ('/job:localhost/replica:0/task:0/device:CPU:0',).
INFO:tensorflow:Reduce to /job:localhost/replica:0/task:0/device:CPU:0 then broadcast to ('/job:localhost/replica:0/task:0/device:CPU:0',).
04-Feb-26 15:08:33 - tensorflow - INFO - Reduce to /job:localhost/replica:0/task:0/device:CPU:0 then broadcast to ('/job:localhost/replica:0/task:0/device:CPU:0',).
INFO:tensorflow:Reduce to /job:localhost/replica:0/task:0/device:CPU:0 then broadcast to ('/job:localhost/replica:0/task:0/device:CPU:0',).
04-Feb-26 15:08:33 - tensorflow - INFO - Reduce to /job:localhost/replica:0/task:0/device:CPU:0 then broadcast to ('/job:localhost/replica:0/task:0/device:CPU:0',).
INFO:tensorflow:Reduce to /job:localhost/replica:0/task:0/device:CPU:0 then broadcast to ('/job:localhost/replica:0/task:0/device:CPU:0',).
04-Feb-26 15:08:33 - tensorflow - INFO - Reduce to /job:localhost/replica:0/task:0/device:CPU:0 then broadcast to ('/job:localhost/replica:0/task:0/device:CPU:0',).
04-Feb-26 15:08:34 - __main__ - DEBUG - [After model building] Memory - RSS: 2.06 GB, VMS: 33.58 GB
04-Feb-26 15:08:34 - git.cmd - DEBUG - Popen(['git', 'rev-parse', '--show-toplevel'], cwd=/users/stevensonb/Research/MLPNG, stdin=None, shell=False, universal_newlines=False)
04-Feb-26 15:08:34 - urllib3.connectionpool - DEBUG - Starting new HTTPS connection (1): api.wandb.ai:443
04-Feb-26 15:08:35 - urllib3.connectionpool - DEBUG - https://api.wandb.ai:443 "POST /graphql HTTP/1.1" 200 None
04-Feb-26 15:08:35 - urllib3.connectionpool - DEBUG - https://api.wandb.ai:443 "POST /graphql HTTP/1.1" 200 376
wandb: Currently logged in as: jbrandons (mlpng) to https://api.wandb.ai. Use `wandb login --relogin` to force relogin
wandb: Using wandb-core as the SDK backend.  Please refer to https://wandb.me/wandb-core for more information.
04-Feb-26 15:08:35 - git.cmd - DEBUG - Popen(['git', 'cat-file', '--batch-check'], cwd=/users/stevensonb/Research/MLPNG, stdin=<valid stream>, shell=False, universal_newlines=False)
wandb: Tracking run with wandb version 0.19.6
wandb: Run data is saved locally in /users/stevensonb/Research/MLPNG/wandb/run-20260204_150835-6mxnz7n0
wandb: Run `wandb offline` to turn off syncing.
wandb: Syncing run genial-violet-2284
wandb: ⭐️ View project at https://wandb.ai/mlpng/mlpng
wandb: 🚀 View run at https://wandb.ai/mlpng/mlpng/runs/6mxnz7n0
2026-02-04 15:08:40.225694: I external/local_tsl/tsl/platform/default/subprocess.cc:304] Start cannot spawn child process: No such file or directory
Model: "task_conditioned_encoder"
_________________________________________________________________
 Layer (type)                Output Shape              Param #   
=================================================================
 lensed_maps (InputLayer)    [(None, 786432, 1)]       0         
                                                                 
 encoder_block (EncoderBloc  (None, 49152, 32)         320       
 k)                                                              
                                                                 
 encoder_block_1 (EncoderBl  (None, 3072, 64)          14528     
 ock)                                                            
                                                                 
 encoder_block_2 (EncoderBl  (None, 192, 128)          57728     
 ock)                                                            
                                                                 
 encoder_block_3 (EncoderBl  (None, 12, 256)           230144    
 ock)                                                            
                                                                 
 flatten (Flatten)           (None, 3072)              0         
                                                                 
 task_specific_heads (TaskS  (None, 3)                 706083    
 pecificHeads)                                                   
                                                                 
=================================================================
Total params: 1008803 (3.85 MB)
Trainable params: 1007843 (3.84 MB)
Non-trainable params: 960 (3.75 KB)
_________________________________________________________________
04-Feb-26 15:08:40 - __main__ - DEBUG - [Before model.fit()] Memory - RSS: 2.11 GB, VMS: 33.59 GB
2026-02-04 15:08:40.884390: W tensorflow/core/grappler/optimizers/data/auto_shard.cc:553] The `assert_cardinality` transformation is currently not handled by the auto-shard rewrite and will be removed.
Epoch 1/100
INFO:tensorflow:Collective all_reduce tensors: 30 all_reduces, num_devices = 4, group_size = 4, implementation = CommunicationImplementation.NCCL, num_packs = 1
04-Feb-26 15:08:48 - tensorflow - INFO - Collective all_reduce tensors: 30 all_reduces, num_devices = 4, group_size = 4, implementation = CommunicationImplementation.NCCL, num_packs = 1
INFO:tensorflow:Collective all_reduce tensors: 30 all_reduces, num_devices = 4, group_size = 4, implementation = CommunicationImplementation.NCCL, num_packs = 1
04-Feb-26 15:09:04 - tensorflow - INFO - Collective all_reduce tensors: 30 all_reduces, num_devices = 4, group_size = 4, implementation = CommunicationImplementation.NCCL, num_packs = 1
2026-02-04 15:09:15.597881: I external/local_xla/xla/stream_executor/cuda/cuda_dnn.cc:454] Loaded cuDNN version 8904
2026-02-04 15:09:15.601744: I external/local_xla/xla/stream_executor/cuda/cuda_dnn.cc:454] Loaded cuDNN version 8904
2026-02-04 15:09:15.603189: I external/local_xla/xla/stream_executor/cuda/cuda_dnn.cc:454] Loaded cuDNN version 8904
2026-02-04 15:09:15.607754: I external/local_xla/xla/stream_executor/cuda/cuda_dnn.cc:454] Loaded cuDNN version 8904
2026-02-04 15:09:17.136859: I external/local_xla/xla/service/service.cc:168] XLA service 0x1552ada370c0 initialized for platform CUDA (this does not guarantee that XLA will be used). Devices:
2026-02-04 15:09:17.136906: I external/local_xla/xla/service/service.cc:176]   StreamExecutor device (0): NVIDIA A100-SXM4-80GB, Compute Capability 8.0
2026-02-04 15:09:17.136913: I external/local_xla/xla/service/service.cc:176]   StreamExecutor device (1): NVIDIA A100-SXM4-80GB, Compute Capability 8.0
2026-02-04 15:09:17.136920: I external/local_xla/xla/service/service.cc:176]   StreamExecutor device (2): NVIDIA A100-SXM4-80GB, Compute Capability 8.0
2026-02-04 15:09:17.136926: I external/local_xla/xla/service/service.cc:176]   StreamExecutor device (3): NVIDIA A100-SXM4-80GB, Compute Capability 8.0
2026-02-04 15:09:17.160520: I tensorflow/compiler/mlir/tensorflow/utils/dump_mlir_util.cc:269] disabling MLIR crash reproducer, set env var `MLIR_CRASH_REPRODUCER_DIRECTORY` to enable.
WARNING: All log messages before absl::InitializeLog() is called are written to STDERR
I0000 00:00:1770239357.233008  297399 device_compiler.h:186] Compiled cluster using XLA!  This line is logged at most once for the lifetime of the process.
2026-02-04 15:25:04.937941: W tensorflow/core/grappler/optimizers/data/auto_shard.cc:553] The `assert_cardinality` transformation is currently not handled by the auto-shard rewrite and will be removed.
1563/1563 - 1034s - loss: 42573.7891 - rmse_local: 140.8921 - rmse_equilateral: 254.2570 - rmse_orthogonal: 207.9042 - val_loss: 929718.5625 - val_rmse_local: 87.6362 - val_rmse_equilateral: 1381.9637 - val_rmse_orthogonal: 933.6226 - 1034s/epoch - 662ms/step
Epoch 2/100
1563/1563 - 972s - loss: 21799.7363 - rmse_local: 99.8904 - rmse_equilateral: 177.3664 - rmse_orthogonal: 154.7975 - val_loss: 1186301.7500 - val_rmse_local: 74.2504 - val_rmse_equilateral: 1404.8162 - val_rmse_orthogonal: 1256.9341 - 972s/epoch - 622ms/step
Epoch 3/100
1563/1563 - 986s - loss: 18201.8379 - rmse_local: 95.1303 - rmse_equilateral: 160.6130 - rmse_orthogonal: 140.5674 - val_loss: 4118605.0000 - val_rmse_local: 151.8753 - val_rmse_equilateral: 3038.9819 - val_rmse_orthogonal: 1759.9250 - 986s/epoch - 631ms/step
Epoch 4/100
1563/1563 - 989s - loss: 19064.3184 - rmse_local: 91.6333 - rmse_equilateral: 165.8408 - rmse_orthogonal: 145.9215 - val_loss: 722044.6250 - val_rmse_local: 79.8232 - val_rmse_equilateral: 1289.2350 - val_rmse_orthogonal: 705.4327 - 989s/epoch - 633ms/step
Epoch 5/100
1563/1563 - 957s - loss: 16148.0498 - rmse_local: 67.1702 - rmse_equilateral: 156.7273 - rmse_orthogonal: 139.1721 - val_loss: 803072.3750 - val_rmse_local: 92.2227 - val_rmse_equilateral: 1232.1653 - val_rmse_orthogonal: 939.4045 - 957s/epoch - 612ms/step
Epoch 6/100
1563/1563 - 974s - loss: 13951.4902 - rmse_local: 40.7434 - rmse_equilateral: 149.5306 - rmse_orthogonal: 133.5479 - val_loss: 223669.2031 - val_rmse_local: 57.7429 - val_rmse_equilateral: 688.0484 - val_rmse_orthogonal: 440.7525 - 974s/epoch - 623ms/step
Epoch 7/100
1563/1563 - 974s - loss: 12975.6465 - rmse_local: 34.6412 - rmse_equilateral: 144.9846 - rmse_orthogonal: 129.2531 - val_loss: 3262639.7500 - val_rmse_local: 250.4672 - val_rmse_equilateral: 2591.9258 - val_rmse_orthogonal: 1734.1012 - 974s/epoch - 623ms/step
Epoch 8/100
1563/1563 - 957s - loss: 14594.0225 - rmse_local: 41.7560 - rmse_equilateral: 152.6110 - rmse_orthogonal: 136.9247 - val_loss: 369451.8125 - val_rmse_local: 57.2072 - val_rmse_equilateral: 896.3738 - val_rmse_orthogonal: 549.1780 - 957s/epoch - 613ms/step
Epoch 9/100
1563/1563 - 985s - loss: 13491.3857 - rmse_local: 37.0876 - rmse_equilateral: 146.5769 - rmse_orthogonal: 132.7173 - val_loss: 444987.5000 - val_rmse_local: 58.0359 - val_rmse_equilateral: 930.1920 - val_rmse_orthogonal: 682.8887 - 985s/epoch - 630ms/step
Epoch 10/100
1563/1563 - 956s - loss: 12663.7617 - rmse_local: 32.2487 - rmse_equilateral: 142.0712 - rmse_orthogonal: 129.4877 - val_loss: 750738.4375 - val_rmse_local: 91.7844 - val_rmse_equilateral: 1166.3567 - val_rmse_orthogonal: 939.8953 - 956s/epoch - 611ms/step
Epoch 11/100
1563/1563 - 995s - loss: 11984.9893 - rmse_local: 29.0273 - rmse_equilateral: 138.2148 - rmse_orthogonal: 126.5269 - val_loss: 697370.0000 - val_rmse_local: 99.9721 - val_rmse_equilateral: 1087.7029 - val_rmse_orthogonal: 948.1656 - 995s/epoch - 636ms/step
Epoch 12/100
1563/1563 - 979s - loss: 11382.7852 - rmse_local: 26.9516 - rmse_equilateral: 134.7542 - rmse_orthogonal: 123.5446 - val_loss: 563292.1250 - val_rmse_local: 88.8680 - val_rmse_equilateral: 992.5562 - val_rmse_orthogonal: 834.7520 - 979s/epoch - 626ms/step
Epoch 13/100
1563/1563 - 989s - loss: 10863.3691 - rmse_local: 25.0714 - rmse_equilateral: 131.8387 - rmse_orthogonal: 120.7481 - val_loss: 237695.7969 - val_rmse_local: 55.8847 - val_rmse_equilateral: 655.4478 - val_rmse_orthogonal: 529.4832 - 989s/epoch - 633ms/step
Epoch 14/100
1563/1563 - 953s - loss: 10502.6133 - rmse_local: 23.5201 - rmse_equilateral: 129.8003 - rmse_orthogonal: 118.7709 - val_loss: 35377.3164 - val_rmse_local: 31.3880 - val_rmse_equilateral: 249.6096 - val_rmse_orthogonal: 206.9825 - 953s/epoch - 609ms/step
Epoch 15/100
1563/1563 - 994s - loss: 10322.2012 - rmse_local: 22.8738 - rmse_equilateral: 128.6411 - rmse_orthogonal: 117.8764 - val_loss: 269200.3125 - val_rmse_local: 53.2837 - val_rmse_equilateral: 808.5977 - val_rmse_orthogonal: 388.4990 - 994s/epoch - 636ms/step
Epoch 16/100
1563/1563 - 1150s - loss: 11782.8994 - rmse_local: 30.7902 - rmse_equilateral: 136.6935 - rmse_orthogonal: 125.3616 - val_loss: 256183.9688 - val_rmse_local: 35.7042 - val_rmse_equilateral: 606.5143 - val_rmse_orthogonal: 631.9949 - 1150s/epoch - 736ms/step
Epoch 17/100
1563/1563 - 1074s - loss: 11269.5625 - rmse_local: 28.9748 - rmse_equilateral: 133.6477 - rmse_orthogonal: 122.9124 - val_loss: 224072.1094 - val_rmse_local: 35.9419 - val_rmse_equilateral: 432.5564 - val_rmse_orthogonal: 695.5714 - 1074s/epoch - 687ms/step
Epoch 18/100
1563/1563 - 1105s - loss: 10922.4043 - rmse_local: 28.0331 - rmse_equilateral: 131.5619 - rmse_orthogonal: 121.1315 - val_loss: 335893.4688 - val_rmse_local: 52.8776 - val_rmse_equilateral: 650.1103 - val_rmse_orthogonal: 763.0473 - 1105s/epoch - 707ms/step
Epoch 19/100
1563/1563 - 954s - loss: 10558.3330 - rmse_local: 26.9105 - rmse_equilateral: 129.4417 - rmse_orthogonal: 119.1456 - val_loss: 203020.9219 - val_rmse_local: 35.3804 - val_rmse_equilateral: 640.4229 - val_rmse_orthogonal: 444.6005 - 954s/epoch - 610ms/step
Epoch 20/100
1563/1563 - 959s - loss: 10212.9424 - rmse_local: 26.1189 - rmse_equilateral: 127.4691 - rmse_orthogonal: 117.0823 - val_loss: 274893.6562 - val_rmse_local: 50.0264 - val_rmse_equilateral: 663.8172 - val_rmse_orthogonal: 617.6772 - 959s/epoch - 614ms/step
Epoch 21/100
1563/1563 - 952s - loss: 9838.1182 - rmse_local: 25.2768 - rmse_equilateral: 125.1906 - rmse_orthogonal: 114.9033 - val_loss: 268498.7500 - val_rmse_local: 62.4743 - val_rmse_equilateral: 595.5345 - val_rmse_orthogonal: 668.5297 - 952s/epoch - 609ms/step
Epoch 22/100
1563/1563 - 990s - loss: 9497.0547 - rmse_local: 24.7784 - rmse_equilateral: 123.1729 - rmse_orthogonal: 112.7191 - val_loss: 364943.0000 - val_rmse_local: 63.1123 - val_rmse_equilateral: 742.3393 - val_rmse_orthogonal: 734.6959 - 990s/epoch - 633ms/step
Epoch 23/100
1563/1563 - 997s - loss: 9138.6494 - rmse_local: 24.3264 - rmse_equilateral: 120.9301 - rmse_orthogonal: 110.4541 - val_loss: 310759.6250 - val_rmse_local: 68.8734 - val_rmse_equilateral: 652.3687 - val_rmse_orthogonal: 708.4847 - 997s/epoch - 638ms/step
Epoch 24/100
1563/1563 - 971s - loss: 8764.8389 - rmse_local: 23.7403 - rmse_equilateral: 118.6793 - rmse_orthogonal: 107.9172 - val_loss: 259612.8281 - val_rmse_local: 53.4196 - val_rmse_equilateral: 634.2249 - val_rmse_orthogonal: 611.3458 - 971s/epoch - 621ms/step
Epoch 25/100
1563/1563 - 971s - loss: 8425.6709 - rmse_local: 23.0553 - rmse_equilateral: 116.5219 - rmse_orthogonal: 105.6792 - val_loss: 237977.9062 - val_rmse_local: 46.2449 - val_rmse_equilateral: 625.0288 - val_rmse_orthogonal: 566.6870 - 971s/epoch - 621ms/step
Epoch 26/100
1563/1563 - 967s - loss: 8112.0996 - rmse_local: 22.5481 - rmse_equilateral: 114.5081 - rmse_orthogonal: 103.5171 - val_loss: 202492.1562 - val_rmse_local: 44.3326 - val_rmse_equilateral: 593.3377 - val_rmse_orthogonal: 503.4496 - 967s/epoch - 618ms/step
Epoch 27/100
1563/1563 - 1039s - loss: 7816.1670 - rmse_local: 22.0378 - rmse_equilateral: 112.5556 - rmse_orthogonal: 101.4597 - val_loss: 101499.7734 - val_rmse_local: 39.6833 - val_rmse_equilateral: 377.5696 - val_rmse_orthogonal: 400.4569 - 1039s/epoch - 665ms/step
Epoch 28/100
1563/1563 - 1055s - loss: 7580.0005 - rmse_local: 21.4690 - rmse_equilateral: 110.9915 - rmse_orthogonal: 99.7997 - val_loss: 36788.7812 - val_rmse_local: 26.2297 - val_rmse_equilateral: 220.7202 - val_rmse_orthogonal: 246.9027 - 1055s/epoch - 675ms/step
Epoch 29/100
1563/1563 - 952s - loss: 7423.6738 - rmse_local: 20.9797 - rmse_equilateral: 109.9478 - rmse_orthogonal: 98.7033 - val_loss: 17994.2520 - val_rmse_local: 20.9333 - val_rmse_equilateral: 150.9750 - val_rmse_orthogonal: 175.3599 - 952s/epoch - 609ms/step
Epoch 30/100
1563/1563 - 958s - loss: 7310.0059 - rmse_local: 20.7010 - rmse_equilateral: 109.1427 - rmse_orthogonal: 97.9252 - val_loss: 13353.8271 - val_rmse_local: 21.1008 - val_rmse_equilateral: 148.7439 - val_rmse_orthogonal: 132.2554 - 958s/epoch - 613ms/step
Epoch 31/100
1563/1563 - 991s - loss: 7263.8887 - rmse_local: 20.6521 - rmse_equilateral: 108.7841 - rmse_orthogonal: 97.6277 - val_loss: 44167.5391 - val_rmse_local: 56.4155 - val_rmse_equilateral: 327.6966 - val_rmse_orthogonal: 148.1041 - 991s/epoch - 634ms/step
Epoch 32/100
1563/1563 - 969s - loss: 8794.4062 - rmse_local: 26.1795 - rmse_equilateral: 118.9998 - rmse_orthogonal: 107.4100 - val_loss: 36092.0781 - val_rmse_local: 66.9760 - val_rmse_equilateral: 168.4275 - val_rmse_orthogonal: 274.6318 - 969s/epoch - 620ms/step
Epoch 33/100
1563/1563 - 997s - loss: 8507.8516 - rmse_local: 25.2358 - rmse_equilateral: 117.1701 - rmse_orthogonal: 105.6309 - val_loss: 71467.3281 - val_rmse_local: 52.2935 - val_rmse_equilateral: 158.5991 - val_rmse_orthogonal: 431.8723 - 997s/epoch - 638ms/step
Epoch 34/100
1563/1563 - 991s - loss: 8216.4893 - rmse_local: 25.2569 - rmse_equilateral: 115.2390 - rmse_orthogonal: 103.5932 - val_loss: 81501.5781 - val_rmse_local: 52.4722 - val_rmse_equilateral: 169.2500 - val_rmse_orthogonal: 461.6339 - 991s/epoch - 634ms/step
Epoch 35/100
1563/1563 - 958s - loss: 7953.8872 - rmse_local: 25.0316 - rmse_equilateral: 113.2239 - rmse_orthogonal: 102.0560 - val_loss: 42144.6250 - val_rmse_local: 25.8434 - val_rmse_equilateral: 322.2929 - val_rmse_orthogonal: 147.9638 - 958s/epoch - 613ms/step
Epoch 36/100
1563/1563 - 954s - loss: 7651.7070 - rmse_local: 24.7653 - rmse_equilateral: 111.0203 - rmse_orthogonal: 100.0814 - val_loss: 43631.6719 - val_rmse_local: 25.2640 - val_rmse_equilateral: 327.8947 - val_rmse_orthogonal: 150.8040 - 954s/epoch - 611ms/step
Epoch 37/100
1563/1563 - 1015s - loss: 7353.7837 - rmse_local: 24.6027 - rmse_equilateral: 108.6699 - rmse_orthogonal: 98.2186 - val_loss: 126922.6875 - val_rmse_local: 29.2068 - val_rmse_equilateral: 467.6230 - val_rmse_orthogonal: 401.5517 - 1015s/epoch - 649ms/step
Epoch 38/100
1563/1563 - 962s - loss: 7048.5518 - rmse_local: 24.4356 - rmse_equilateral: 106.1967 - rmse_orthogonal: 96.2851 - val_loss: 91867.1250 - val_rmse_local: 28.7306 - val_rmse_equilateral: 334.0245 - val_rmse_orthogonal: 403.9846 - 962s/epoch - 615ms/step
Epoch 39/100
1563/1563 - 968s - loss: 6804.5967 - rmse_local: 24.4662 - rmse_equilateral: 104.2015 - rmse_orthogonal: 94.6427 - val_loss: 88575.5391 - val_rmse_local: 26.8551 - val_rmse_equilateral: 351.8544 - val_rmse_orthogonal: 375.7710 - 968s/epoch - 619ms/step
Epoch 40/100
1563/1563 - 978s - loss: 6605.3633 - rmse_local: 24.5449 - rmse_equilateral: 102.6375 - rmse_orthogonal: 93.1621 - val_loss: 112003.5703 - val_rmse_local: 29.6413 - val_rmse_equilateral: 410.9057 - val_rmse_orthogonal: 407.7850 - 978s/epoch - 626ms/step
Epoch 41/100
1563/1563 - 969s - loss: 6406.7305 - rmse_local: 24.5740 - rmse_equilateral: 100.7956 - rmse_orthogonal: 91.9595 - val_loss: 140144.2500 - val_rmse_local: 28.9418 - val_rmse_equilateral: 397.5116 - val_rmse_orthogonal: 511.4485 - 969s/epoch - 620ms/step
Epoch 42/100
1563/1563 - 971s - loss: 6198.8779 - rmse_local: 24.5784 - rmse_equilateral: 99.0710 - rmse_orthogonal: 90.4294 - val_loss: 103145.2266 - val_rmse_local: 27.0475 - val_rmse_equilateral: 408.1253 - val_rmse_orthogonal: 377.0117 - 971s/epoch - 621ms/step
Epoch 43/100
1563/1563 - 961s - loss: 5955.9272 - rmse_local: 24.2240 - rmse_equilateral: 96.9859 - rmse_orthogonal: 88.7396 - val_loss: 107842.4922 - val_rmse_local: 26.0204 - val_rmse_equilateral: 401.4109 - val_rmse_orthogonal: 402.1439 - 961s/epoch - 615ms/step
Epoch 44/100
1563/1563 - 991s - loss: 5730.9312 - rmse_local: 24.1151 - rmse_equilateral: 95.1037 - rmse_orthogonal: 86.9858 - val_loss: 99633.8047 - val_rmse_local: 27.0786 - val_rmse_equilateral: 312.4462 - val_rmse_orthogonal: 447.8231 - 991s/epoch - 634ms/step
Epoch 45/100
1563/1563 - 956s - loss: 5615.7646 - rmse_local: 24.1008 - rmse_equilateral: 94.3293 - rmse_orthogonal: 85.8395 - val_loss: 48083.7109 - val_rmse_local: 26.6565 - val_rmse_equilateral: 261.3616 - val_rmse_orthogonal: 274.2821 - 956s/epoch - 612ms/step
Epoch 46/100
1563/1563 - 939s - loss: 5448.5708 - rmse_local: 23.9844 - rmse_equilateral: 93.0333 - rmse_orthogonal: 84.3521 - val_loss: 54506.9102 - val_rmse_local: 27.9728 - val_rmse_equilateral: 294.5584 - val_rmse_orthogonal: 275.6332 - 939s/epoch - 601ms/step
05-Feb-26 03:44:58 - __main__ - INFO - Training complete! Best val_loss: 13353.827148
wandb:                                                                                
wandb: 
wandb: Run history:
wandb:                epoch/epoch ▁▁▁▁▂▂▂▂▂▃▃▃▃▃▄▄▄▄▄▄▅▅▅▅▅▅▆▆▆▆▆▇▇▇▇▇████
wandb:        epoch/learning_rate █▄█▇▄▂▇▆▅▄▃▂▁▇▇▇▆▆▅▅▃▃▂▂▁▁▁▇▇▇▇▇▆▆▆▆▅▅▅▅
wandb:                 epoch/loss █▄▃▄▃▃▂▂▂▂▂▂▂▂▂▂▂▂▂▂▂▂▁▁▁▁▁▂▂▁▁▁▁▁▁▁▁▁▁▁
wandb:     epoch/rmse_equilateral █▅▄▄▄▃▃▃▃▃▃▃▃▃▃▃▃▂▂▂▂▂▂▂▂▂▂▂▂▂▂▂▂▁▁▁▁▁▁▁
wandb:           epoch/rmse_local █▆▅▅▄▂▂▂▂▁▁▁▁▁▁▁▁▁▁▁▁▁▁▁▁▁▁▁▁▁▁▁▁▁▁▁▁▁▁▁
wandb:      epoch/rmse_orthogonal █▅▄▄▄▄▃▄▄▃▃▃▃▃▃▃▃▃▃▃▂▂▂▂▂▂▂▂▂▂▂▂▂▂▁▁▁▁▁▁
wandb:             epoch/val_loss ▃▃█▂▂▁▇▂▂▂▂▁▁▁▁▂▁▁▁▂▁▁▁▁▁▁▁▁▁▁▁▁▁▁▁▁▁▁▁▁
wandb: epoch/val_rmse_equilateral ▄▄█▄▄▂▇▃▃▃▃▂▁▃▂▂▂▂▂▂▂▂▂▂▁▁▁▁▁▁▁▁▂▁▂▂▂▂▁▁
wandb:       epoch/val_rmse_local ▃▃▅▃▃▂█▂▃▃▃▂▁▂▁▂▁▂▂▂▂▂▂▂▁▁▁▂▂▂▁▁▁▁▁▁▁▁▁▁
wandb:  epoch/val_rmse_orthogonal ▄▆█▃▄▂█▃▄▅▄▃▁▂▃▄▂▃▃▄▃▃▃▂▁▁▁▂▂▂▁▁▂▂▂▃▂▂▂▂
wandb: 
wandb: Run summary:
wandb:                epoch/epoch 45
wandb:        epoch/learning_rate 0.00022
wandb:                 epoch/loss 5448.5708
wandb:     epoch/rmse_equilateral 93.03329
wandb:           epoch/rmse_local 23.98438
wandb:      epoch/rmse_orthogonal 84.35205
wandb:             epoch/val_loss 54506.91016
wandb: epoch/val_rmse_equilateral 294.55838
wandb:       epoch/val_rmse_local 27.97282
wandb:  epoch/val_rmse_orthogonal 275.63318
wandb: 
wandb: 🚀 View run genial-violet-2284 at: https://wandb.ai/mlpng/mlpng/runs/6mxnz7n0
wandb: ⭐️ View project at: https://wandb.ai/mlpng/mlpng
wandb: Synced 5 W&B file(s), 0 media file(s), 0 artifact file(s) and 0 other file(s)
wandb: Find logs at: ./wandb/run-20260204_150835-6mxnz7n0/logs
2026-02-05 03:45:00.954243: W tensorflow/core/grappler/optimizers/data/auto_shard.cc:553] The `assert_cardinality` transformation is currently not handled by the auto-shard rewrite and will be removed.

Test Set Performance Summary
================================================================================
      Shape        MAE       RMSE  RMSE/Sigma  Correlation
      local  17.138578  21.435116    1.554050     0.999339
equilateral 117.991264 149.887634    1.459828     0.967925
 orthogonal 102.326965 130.081909    1.381469     0.980815
================================================================================
05-Feb-26 03:46:05 - __main__ - INFO - Saved training history plot: data/plots/l767_n256_T_10000_p1.0/385418/trainer/loss.png
05-Feb-26 03:46:09 - __main__ - INFO - Saved evaluation plot: data/plots/l767_n256_T_10000_p1.0/385418/trainer/evaluation.png
05-Feb-26 03:46:12 - __main__ - INFO - Saved evaluation plot: data/plots/l767_n256_T_10000_p1.0/385418/trainer/restricted.png

real	782m56.988s
user	0m0.016s
sys	0m0.089s
