Running trainer with module mlpng.neo_trainer on bcm-dgxa100-0019
2026-02-08 08:38:38.878854: E external/local_xla/xla/stream_executor/cuda/cuda_dnn.cc:9261] Unable to register cuDNN factory: Attempting to register factory for plugin cuDNN when one has already been registered
2026-02-08 08:38:38.878904: E external/local_xla/xla/stream_executor/cuda/cuda_fft.cc:607] Unable to register cuFFT factory: Attempting to register factory for plugin cuFFT when one has already been registered
2026-02-08 08:38:38.879850: E external/local_xla/xla/stream_executor/cuda/cuda_blas.cc:1515] Unable to register cuBLAS factory: Attempting to register factory for plugin cuBLAS when one has already been registered
2026-02-08 08:38:38.885786: I tensorflow/core/platform/cpu_feature_guard.cc:182] This TensorFlow binary is optimized to use available CPU instructions in performance-critical operations.
To enable the following instructions: AVX2 FMA, in other operations, rebuild TensorFlow with the appropriate compiler flags.
2026-02-08 08:38:39.837775: W tensorflow/compiler/tf2tensorrt/utils/py_utils.cc:38] TF-TRT Warning: Could not find TensorRT
08-Feb-26 08:38:43 - __main__ - DEBUG - Core arguments: ['settings/n64.json', '--nsims', '10000', '--phi_scale', '1', '--shapes', 'all', '--fnl_range', '-1000', '1000']
2026-02-08 08:38:44.013347: I tensorflow/core/common_runtime/gpu/gpu_device.cc:1929] Created device /job:localhost/replica:0/task:0/device:GPU:0 with 79194 MB memory:  -> device: 0, name: NVIDIA A100-SXM4-80GB, pci bus id: 0000:07:00.0, compute capability: 8.0
2026-02-08 08:38:44.015201: I tensorflow/core/common_runtime/gpu/gpu_device.cc:1929] Created device /job:localhost/replica:0/task:0/device:GPU:1 with 79194 MB memory:  -> device: 1, name: NVIDIA A100-SXM4-80GB, pci bus id: 0000:0f:00.0, compute capability: 8.0
2026-02-08 08:38:44.016776: I tensorflow/core/common_runtime/gpu/gpu_device.cc:1929] Created device /job:localhost/replica:0/task:0/device:GPU:2 with 79194 MB memory:  -> device: 2, name: NVIDIA A100-SXM4-80GB, pci bus id: 0000:47:00.0, compute capability: 8.0
2026-02-08 08:38:44.018329: I tensorflow/core/common_runtime/gpu/gpu_device.cc:1929] Created device /job:localhost/replica:0/task:0/device:GPU:3 with 79194 MB memory:  -> device: 3, name: NVIDIA A100-SXM4-80GB, pci bus id: 0000:4e:00.0, compute capability: 8.0
INFO:tensorflow:Using MirroredStrategy with devices ('/job:localhost/replica:0/task:0/device:GPU:0', '/job:localhost/replica:0/task:0/device:GPU:1', '/job:localhost/replica:0/task:0/device:GPU:2', '/job:localhost/replica:0/task:0/device:GPU:3')
08-Feb-26 08:38:44 - tensorflow - INFO - Using MirroredStrategy with devices ('/job:localhost/replica:0/task:0/device:GPU:0', '/job:localhost/replica:0/task:0/device:GPU:1', '/job:localhost/replica:0/task:0/device:GPU:2', '/job:localhost/replica:0/task:0/device:GPU:3')
08-Feb-26 08:38:44 - __main__ - INFO - Using MirroredStrategy with 4 device(s)
08-Feb-26 08:38:44 - __main__ - DEBUG - [Before Core initialization] Memory - RSS: 1.11 GB, VMS: 28.39 GB
08-Feb-26 08:38:44 - mlpng.core - DEBUG - Parsing CLI args: ['settings/n64.json', '--nsims', '10000', '--phi_scale', '1', '--shapes', 'all', '--fnl_range', '-1000', '1000']
08-Feb-26 08:38:44 - mlpng.core - INFO - Loading settings from file 'settings/n64.json'
08-Feb-26 08:38:44 - mlpng.core - DEBUG - Forcing setting 'nsims' to 10000 due to CLI
08-Feb-26 08:38:44 - mlpng.core - DEBUG - Forcing setting 'fnl_range' to [-1000, 1000] due to CLI
08-Feb-26 08:38:44 - mlpng.core - DEBUG - Forcing setting 'phi_scale' to 1.0 due to CLI
08-Feb-26 08:38:44 - mlpng.core - DEBUG - Forcing setting 'shapes' to ['all'] due to CLI
08-Feb-26 08:38:44 - mlpng.core - DEBUG - Forcing setting 'tf_cache' to True due to CLI
08-Feb-26 08:38:44 - mlpng.core - DEBUG - Forcing setting 'tf_mem_cache' to True due to CLI
08-Feb-26 08:38:44 - mlpng.core - DEBUG - Overriding cosmo param 'As' from 2.13e-09 to 2.105e-09
08-Feb-26 08:38:44 - mlpng.core - DEBUG - Overriding cosmo param 'ns' from 0.9624 to 0.965
08-Feb-26 08:38:44 - mlpng.core - DEBUG - Running with settings: 
{
  "cosmo_params": {
    "As": 2.105e-09,
    "ns": 0.965,
    "pivot_scalar": 0.05,
    "H0": 67.4,
    "ombh2": 0.0224,
    "omch2": 0.12,
    "tau": 0.054
  },
  "nsims": 10000,
  "nside": 64,
  "fnl_range": [
    -1000,
    1000
  ],
  "phi_scale": 1.0,
  "shapes": [
    "all"
  ],
  "tf_cache": true,
  "tf_mem_cache": true
}
08-Feb-26 08:38:44 - mlpng.core - DEBUG - slurm: Slurm(self.name='trainer', self.job=386099, self.array=0, self.array_index=-1, self.task_count=0, self.is_main=True, self.n_cpus=32)
08-Feb-26 08:38:44 - mlpng.core - DEBUG - Using seed: 857031760
08-Feb-26 08:38:44 - mlpng.core - DEBUG - Found non-default value for 'nside': 64 (default: 128)
08-Feb-26 08:38:44 - mlpng.core - DEBUG - Found non-default value for 'nsims': 10000 (default: 100)
08-Feb-26 08:38:44 - mlpng.core - DEBUG - Found non-default value for 'fnl_range': [-1000, 1000] (default: (-1000, 1000))
08-Feb-26 08:38:44 - mlpng.core - DEBUG - Found non-default value for 'shapes': ['all'] (default: 'all')
08-Feb-26 08:38:44 - __main__ - DEBUG - [After Core initialization] Memory - RSS: 1.11 GB, VMS: 28.39 GB
08-Feb-26 08:38:44 - __main__ - INFO - Sigma values: [ 61.415344 288.66443   99.29075 ]
08-Feb-26 08:38:44 - __main__ - INFO - Decay steps: 1562.0
08-Feb-26 08:38:54 - mlpng.utils.dataloaders - DEBUG - Error information from 'data/data/l191_n64_T_10000_p1.0.hdf5'...
08-Feb-26 08:38:54 - mlpng.utils.dataloaders - DEBUG - Fisher Matrix: [0.00045728 0.00140347 0.00395979]
08-Feb-26 08:38:54 - mlpng.utils.dataloaders - DEBUG - Marginal Likelihoods: 61.389706
08-Feb-26 08:38:54 - mlpng.utils.dataloaders - DEBUG - Fisher for shape local: 0.00044046793, std div: 47.6477993405095
08-Feb-26 08:38:54 - mlpng.utils.dataloaders - DEBUG - Fisher for shape equilateral: 1.0423274e-05, std div: 309.7404482205582
08-Feb-26 08:38:54 - mlpng.utils.dataloaders - DEBUG - Fisher for shape orthogonal: 3.7332848e-05, std div: 163.66448821667683
08-Feb-26 08:38:54 - __main__ - DEBUG - [After KappaDataset creation] Memory - RSS: 1.31 GB, VMS: 28.59 GB
08-Feb-26 08:38:54 - mlpng.utils.dataloaders - DEBUG - Splitting 'data/data/l191_n64_T_10000_p1.0.hdf5' into train: 0:8000 (8000), val: 8000:9000 (1000), test: 9000:10000 (1000)
08-Feb-26 08:38:54 - mlpng.utils.dataloaders - DEBUG - Using cache file: '/lustre/smuexa01/client/users/stevensonb/tf_cache/n64_local-equilateral-orthogonal-train.cache'
08-Feb-26 08:38:54 - mlpng.utils.dataloaders - DEBUG - Using cache file: '/lustre/smuexa01/client/users/stevensonb/tf_cache/n64_local-equilateral-orthogonal-val.cache'
08-Feb-26 08:38:54 - mlpng.utils.dataloaders - DEBUG - Using cache file: '/lustre/smuexa01/client/users/stevensonb/tf_cache/n64_local-equilateral-orthogonal-test.cache'
08-Feb-26 08:38:54 - __main__ - DEBUG - [After dataset split] Memory - RSS: 1.31 GB, VMS: 28.59 GB
08-Feb-26 08:38:54 - __main__ - DEBUG - Generating train cache
08-Feb-26 08:38:54 - __main__ - DEBUG -   processed 0 batches
08-Feb-26 08:38:54 - __main__ - DEBUG -   processed 10 batches
08-Feb-26 08:38:55 - __main__ - DEBUG -   processed 20 batches
08-Feb-26 08:38:55 - __main__ - DEBUG -   processed 30 batches
08-Feb-26 08:38:55 - __main__ - DEBUG -   processed 40 batches
08-Feb-26 08:38:55 - __main__ - DEBUG -   processed 50 batches
08-Feb-26 08:38:55 - __main__ - DEBUG -   processed 60 batches
08-Feb-26 08:38:55 - __main__ - DEBUG -   processed 70 batches
08-Feb-26 08:38:55 - __main__ - DEBUG -   processed 80 batches
08-Feb-26 08:38:55 - __main__ - DEBUG -   processed 90 batches
08-Feb-26 08:38:55 - __main__ - DEBUG -   processed 100 batches
08-Feb-26 08:38:56 - __main__ - DEBUG -   processed 110 batches
08-Feb-26 08:38:56 - __main__ - DEBUG -   processed 120 batches
08-Feb-26 08:38:56 - __main__ - DEBUG -   processed 130 batches
08-Feb-26 08:38:56 - __main__ - DEBUG -   processed 140 batches
08-Feb-26 08:38:56 - __main__ - DEBUG -   processed 150 batches
08-Feb-26 08:38:56 - __main__ - DEBUG -   processed 160 batches
08-Feb-26 08:38:56 - __main__ - DEBUG -   processed 170 batches
08-Feb-26 08:38:56 - __main__ - DEBUG -   processed 180 batches
08-Feb-26 08:38:56 - __main__ - DEBUG -   processed 190 batches
08-Feb-26 08:38:57 - __main__ - DEBUG -   processed 200 batches
08-Feb-26 08:38:57 - __main__ - DEBUG -   processed 210 batches
08-Feb-26 08:38:57 - __main__ - DEBUG -   processed 220 batches
08-Feb-26 08:38:57 - __main__ - DEBUG -   processed 230 batches
08-Feb-26 08:38:57 - __main__ - DEBUG -   processed 240 batches
08-Feb-26 08:38:57 - __main__ - DEBUG -   processed 250 batches
08-Feb-26 08:38:57 - __main__ - DEBUG -   processed 260 batches
08-Feb-26 08:38:57 - __main__ - DEBUG -   processed 270 batches
08-Feb-26 08:38:57 - __main__ - DEBUG -   processed 280 batches
08-Feb-26 08:38:58 - __main__ - DEBUG -   processed 290 batches
08-Feb-26 08:38:58 - __main__ - DEBUG -   processed 300 batches
08-Feb-26 08:38:58 - __main__ - DEBUG -   processed 310 batches
08-Feb-26 08:38:58 - __main__ - DEBUG -   processed 320 batches
08-Feb-26 08:38:58 - __main__ - DEBUG -   processed 330 batches
08-Feb-26 08:38:58 - __main__ - DEBUG -   processed 340 batches
08-Feb-26 08:38:58 - __main__ - DEBUG -   processed 350 batches
08-Feb-26 08:38:58 - __main__ - DEBUG -   processed 360 batches
08-Feb-26 08:38:58 - __main__ - DEBUG -   processed 370 batches
08-Feb-26 08:38:58 - __main__ - DEBUG -   processed 380 batches
08-Feb-26 08:38:59 - __main__ - DEBUG -   processed 390 batches
08-Feb-26 08:38:59 - __main__ - DEBUG -   processed 400 batches
08-Feb-26 08:38:59 - __main__ - DEBUG -   processed 410 batches
08-Feb-26 08:38:59 - __main__ - DEBUG -   processed 420 batches
08-Feb-26 08:38:59 - __main__ - DEBUG -   processed 430 batches
08-Feb-26 08:38:59 - __main__ - DEBUG -   processed 440 batches
08-Feb-26 08:38:59 - __main__ - DEBUG -   processed 450 batches
08-Feb-26 08:38:59 - __main__ - DEBUG -   processed 460 batches
08-Feb-26 08:38:59 - __main__ - DEBUG -   processed 470 batches
08-Feb-26 08:39:00 - __main__ - DEBUG -   processed 480 batches
08-Feb-26 08:39:00 - __main__ - DEBUG -   processed 490 batches
08-Feb-26 08:39:00 - __main__ - DEBUG -   processed 500 batches
08-Feb-26 08:39:00 - __main__ - DEBUG -   processed 510 batches
08-Feb-26 08:39:00 - __main__ - DEBUG -   processed 520 batches
08-Feb-26 08:39:00 - __main__ - DEBUG -   processed 530 batches
08-Feb-26 08:39:00 - __main__ - DEBUG -   processed 540 batches
08-Feb-26 08:39:00 - __main__ - DEBUG -   processed 550 batches
08-Feb-26 08:39:00 - __main__ - DEBUG -   processed 560 batches
08-Feb-26 08:39:01 - __main__ - DEBUG -   processed 570 batches
08-Feb-26 08:39:01 - __main__ - DEBUG -   processed 580 batches
08-Feb-26 08:39:01 - __main__ - DEBUG -   processed 590 batches
08-Feb-26 08:39:01 - __main__ - DEBUG -   processed 600 batches
08-Feb-26 08:39:01 - __main__ - DEBUG -   processed 610 batches
08-Feb-26 08:39:01 - __main__ - DEBUG -   processed 620 batches
08-Feb-26 08:39:01 - __main__ - DEBUG -   processed 630 batches
08-Feb-26 08:39:01 - __main__ - DEBUG -   processed 640 batches
08-Feb-26 08:39:01 - __main__ - DEBUG -   processed 650 batches
08-Feb-26 08:39:02 - __main__ - DEBUG -   processed 660 batches
08-Feb-26 08:39:02 - __main__ - DEBUG -   processed 670 batches
08-Feb-26 08:39:02 - __main__ - DEBUG -   processed 680 batches
08-Feb-26 08:39:02 - __main__ - DEBUG -   processed 690 batches
08-Feb-26 08:39:02 - __main__ - DEBUG -   processed 700 batches
08-Feb-26 08:39:02 - __main__ - DEBUG -   processed 710 batches
08-Feb-26 08:39:02 - __main__ - DEBUG -   processed 720 batches
08-Feb-26 08:39:02 - __main__ - DEBUG -   processed 730 batches
08-Feb-26 08:39:02 - __main__ - DEBUG -   processed 740 batches
08-Feb-26 08:39:02 - __main__ - DEBUG -   processed 750 batches
08-Feb-26 08:39:03 - __main__ - DEBUG -   processed 760 batches
08-Feb-26 08:39:03 - __main__ - DEBUG -   processed 770 batches
08-Feb-26 08:39:03 - __main__ - DEBUG -   processed 780 batches
08-Feb-26 08:39:03 - __main__ - DEBUG -   processed 790 batches
08-Feb-26 08:39:03 - __main__ - DEBUG -   processed 800 batches
08-Feb-26 08:39:03 - __main__ - DEBUG -   processed 810 batches
08-Feb-26 08:39:03 - __main__ - DEBUG -   processed 820 batches
08-Feb-26 08:39:03 - __main__ - DEBUG -   processed 830 batches
08-Feb-26 08:39:03 - __main__ - DEBUG -   processed 840 batches
08-Feb-26 08:39:04 - __main__ - DEBUG -   processed 850 batches
08-Feb-26 08:39:04 - __main__ - DEBUG -   processed 860 batches
08-Feb-26 08:39:04 - __main__ - DEBUG -   processed 870 batches
08-Feb-26 08:39:04 - __main__ - DEBUG -   processed 880 batches
08-Feb-26 08:39:04 - __main__ - DEBUG -   processed 890 batches
08-Feb-26 08:39:04 - __main__ - DEBUG -   processed 900 batches
08-Feb-26 08:39:04 - __main__ - DEBUG -   processed 910 batches
08-Feb-26 08:39:04 - __main__ - DEBUG -   processed 920 batches
08-Feb-26 08:39:04 - __main__ - DEBUG -   processed 930 batches
08-Feb-26 08:39:05 - __main__ - DEBUG -   processed 940 batches
08-Feb-26 08:39:05 - __main__ - DEBUG -   processed 950 batches
08-Feb-26 08:39:05 - __main__ - DEBUG -   processed 960 batches
08-Feb-26 08:39:05 - __main__ - DEBUG -   processed 970 batches
08-Feb-26 08:39:05 - __main__ - DEBUG -   processed 980 batches
08-Feb-26 08:39:05 - __main__ - DEBUG -   processed 990 batches
08-Feb-26 08:39:05 - __main__ - DEBUG -   processed 1000 batches
08-Feb-26 08:39:05 - __main__ - DEBUG -   processed 1010 batches
08-Feb-26 08:39:05 - __main__ - DEBUG -   processed 1020 batches
08-Feb-26 08:39:06 - __main__ - DEBUG -   processed 1030 batches
08-Feb-26 08:39:06 - __main__ - DEBUG -   processed 1040 batches
08-Feb-26 08:39:06 - __main__ - DEBUG -   processed 1050 batches
08-Feb-26 08:39:06 - __main__ - DEBUG -   processed 1060 batches
08-Feb-26 08:39:06 - __main__ - DEBUG -   processed 1070 batches
08-Feb-26 08:39:06 - __main__ - DEBUG -   processed 1080 batches
08-Feb-26 08:39:06 - __main__ - DEBUG -   processed 1090 batches
08-Feb-26 08:39:06 - __main__ - DEBUG -   processed 1100 batches
08-Feb-26 08:39:06 - __main__ - DEBUG -   processed 1110 batches
08-Feb-26 08:39:06 - __main__ - DEBUG -   processed 1120 batches
08-Feb-26 08:39:07 - __main__ - DEBUG -   processed 1130 batches
08-Feb-26 08:39:07 - __main__ - DEBUG -   processed 1140 batches
08-Feb-26 08:39:07 - __main__ - DEBUG -   processed 1150 batches
08-Feb-26 08:39:07 - __main__ - DEBUG -   processed 1160 batches
08-Feb-26 08:39:07 - __main__ - DEBUG -   processed 1170 batches
08-Feb-26 08:39:07 - __main__ - DEBUG -   processed 1180 batches
08-Feb-26 08:39:07 - __main__ - DEBUG -   processed 1190 batches
08-Feb-26 08:39:07 - __main__ - DEBUG -   processed 1200 batches
08-Feb-26 08:39:07 - __main__ - DEBUG -   processed 1210 batches
08-Feb-26 08:39:08 - __main__ - DEBUG -   processed 1220 batches
08-Feb-26 08:39:08 - __main__ - DEBUG -   processed 1230 batches
08-Feb-26 08:39:08 - __main__ - DEBUG -   processed 1240 batches
08-Feb-26 08:39:08 - __main__ - DEBUG -   processed 1250 batches
08-Feb-26 08:39:08 - __main__ - DEBUG -   processed 1260 batches
08-Feb-26 08:39:08 - __main__ - DEBUG -   processed 1270 batches
08-Feb-26 08:39:08 - __main__ - DEBUG -   processed 1280 batches
08-Feb-26 08:39:08 - __main__ - DEBUG -   processed 1290 batches
08-Feb-26 08:39:08 - __main__ - DEBUG -   processed 1300 batches
08-Feb-26 08:39:09 - __main__ - DEBUG -   processed 1310 batches
08-Feb-26 08:39:09 - __main__ - DEBUG -   processed 1320 batches
08-Feb-26 08:39:09 - __main__ - DEBUG -   processed 1330 batches
08-Feb-26 08:39:09 - __main__ - DEBUG -   processed 1340 batches
08-Feb-26 08:39:09 - __main__ - DEBUG -   processed 1350 batches
08-Feb-26 08:39:09 - __main__ - DEBUG -   processed 1360 batches
08-Feb-26 08:39:09 - __main__ - DEBUG -   processed 1370 batches
08-Feb-26 08:39:09 - __main__ - DEBUG -   processed 1380 batches
08-Feb-26 08:39:09 - __main__ - DEBUG -   processed 1390 batches
08-Feb-26 08:39:10 - __main__ - DEBUG -   processed 1400 batches
08-Feb-26 08:39:10 - __main__ - DEBUG -   processed 1410 batches
08-Feb-26 08:39:10 - __main__ - DEBUG -   processed 1420 batches
08-Feb-26 08:39:10 - __main__ - DEBUG -   processed 1430 batches
08-Feb-26 08:39:10 - __main__ - DEBUG -   processed 1440 batches
08-Feb-26 08:39:10 - __main__ - DEBUG -   processed 1450 batches
08-Feb-26 08:39:10 - __main__ - DEBUG -   processed 1460 batches
08-Feb-26 08:39:10 - __main__ - DEBUG -   processed 1470 batches
08-Feb-26 08:39:10 - __main__ - DEBUG -   processed 1480 batches
08-Feb-26 08:39:10 - __main__ - DEBUG -   processed 1490 batches
08-Feb-26 08:39:11 - __main__ - DEBUG -   processed 1500 batches
08-Feb-26 08:39:11 - __main__ - DEBUG -   processed 1510 batches
08-Feb-26 08:39:11 - __main__ - DEBUG -   processed 1520 batches
08-Feb-26 08:39:11 - __main__ - DEBUG -   processed 1530 batches
08-Feb-26 08:39:11 - __main__ - DEBUG -   processed 1540 batches
08-Feb-26 08:39:11 - __main__ - DEBUG -   processed 1550 batches
08-Feb-26 08:39:11 - __main__ - DEBUG -   processed 1560 batches
08-Feb-26 08:39:11 - __main__ - DEBUG - [After train_ds caching] Memory - RSS: 1.53 GB, VMS: 30.90 GB
08-Feb-26 08:39:11 - __main__ - DEBUG - Generating val cache
08-Feb-26 08:39:12 - __main__ - DEBUG - [After val_ds caching] Memory - RSS: 1.63 GB, VMS: 30.90 GB
08-Feb-26 08:39:12 - __main__ - DEBUG - Generating test cache
08-Feb-26 08:39:13 - __main__ - DEBUG - [After test_ds caching] Memory - RSS: 1.88 GB, VMS: 31.09 GB
08-Feb-26 08:39:13 - __main__ - DEBUG - train_ds per-batch: X=0.023 GB, Y=0.000 GB, Total=0.023 GB
08-Feb-26 08:39:13 - __main__ - DEBUG - val_ds per-batch: X=0.023 GB, Y=0.000 GB, Total=0.023 GB
08-Feb-26 08:39:14 - __main__ - DEBUG - test_ds per-batch: X=0.023 GB, Y=0.000 GB, Total=0.023 GB
08-Feb-26 08:39:14 - __main__ - DEBUG - [Before model building] Memory - RSS: 1.83 GB, VMS: 31.03 GB
INFO:tensorflow:Reduce to /job:localhost/replica:0/task:0/device:CPU:0 then broadcast to ('/job:localhost/replica:0/task:0/device:CPU:0',).
08-Feb-26 08:39:18 - tensorflow - INFO - Reduce to /job:localhost/replica:0/task:0/device:CPU:0 then broadcast to ('/job:localhost/replica:0/task:0/device:CPU:0',).
INFO:tensorflow:Reduce to /job:localhost/replica:0/task:0/device:CPU:0 then broadcast to ('/job:localhost/replica:0/task:0/device:CPU:0',).
08-Feb-26 08:39:18 - tensorflow - INFO - Reduce to /job:localhost/replica:0/task:0/device:CPU:0 then broadcast to ('/job:localhost/replica:0/task:0/device:CPU:0',).
INFO:tensorflow:Reduce to /job:localhost/replica:0/task:0/device:CPU:0 then broadcast to ('/job:localhost/replica:0/task:0/device:CPU:0',).
08-Feb-26 08:39:18 - tensorflow - INFO - Reduce to /job:localhost/replica:0/task:0/device:CPU:0 then broadcast to ('/job:localhost/replica:0/task:0/device:CPU:0',).
INFO:tensorflow:Reduce to /job:localhost/replica:0/task:0/device:CPU:0 then broadcast to ('/job:localhost/replica:0/task:0/device:CPU:0',).
08-Feb-26 08:39:18 - tensorflow - INFO - Reduce to /job:localhost/replica:0/task:0/device:CPU:0 then broadcast to ('/job:localhost/replica:0/task:0/device:CPU:0',).
INFO:tensorflow:Reduce to /job:localhost/replica:0/task:0/device:CPU:0 then broadcast to ('/job:localhost/replica:0/task:0/device:CPU:0',).
08-Feb-26 08:39:19 - tensorflow - INFO - Reduce to /job:localhost/replica:0/task:0/device:CPU:0 then broadcast to ('/job:localhost/replica:0/task:0/device:CPU:0',).
INFO:tensorflow:Reduce to /job:localhost/replica:0/task:0/device:CPU:0 then broadcast to ('/job:localhost/replica:0/task:0/device:CPU:0',).
08-Feb-26 08:39:19 - tensorflow - INFO - Reduce to /job:localhost/replica:0/task:0/device:CPU:0 then broadcast to ('/job:localhost/replica:0/task:0/device:CPU:0',).
INFO:tensorflow:Reduce to /job:localhost/replica:0/task:0/device:CPU:0 then broadcast to ('/job:localhost/replica:0/task:0/device:CPU:0',).
08-Feb-26 08:39:19 - tensorflow - INFO - Reduce to /job:localhost/replica:0/task:0/device:CPU:0 then broadcast to ('/job:localhost/replica:0/task:0/device:CPU:0',).
INFO:tensorflow:Reduce to /job:localhost/replica:0/task:0/device:CPU:0 then broadcast to ('/job:localhost/replica:0/task:0/device:CPU:0',).
08-Feb-26 08:39:19 - tensorflow - INFO - Reduce to /job:localhost/replica:0/task:0/device:CPU:0 then broadcast to ('/job:localhost/replica:0/task:0/device:CPU:0',).
INFO:tensorflow:Reduce to /job:localhost/replica:0/task:0/device:CPU:0 then broadcast to ('/job:localhost/replica:0/task:0/device:CPU:0',).
08-Feb-26 08:39:19 - tensorflow - INFO - Reduce to /job:localhost/replica:0/task:0/device:CPU:0 then broadcast to ('/job:localhost/replica:0/task:0/device:CPU:0',).
INFO:tensorflow:Reduce to /job:localhost/replica:0/task:0/device:CPU:0 then broadcast to ('/job:localhost/replica:0/task:0/device:CPU:0',).
08-Feb-26 08:39:19 - tensorflow - INFO - Reduce to /job:localhost/replica:0/task:0/device:CPU:0 then broadcast to ('/job:localhost/replica:0/task:0/device:CPU:0',).
08-Feb-26 08:39:20 - __main__ - DEBUG - [After model building] Memory - RSS: 1.84 GB, VMS: 31.13 GB
08-Feb-26 08:39:20 - git.cmd - DEBUG - Popen(['git', 'rev-parse', '--show-toplevel'], cwd=/users/stevensonb/Research/MLPNG, stdin=None, shell=False, universal_newlines=False)
08-Feb-26 08:39:20 - urllib3.connectionpool - DEBUG - Starting new HTTPS connection (1): api.wandb.ai:443
08-Feb-26 08:39:20 - urllib3.connectionpool - DEBUG - https://api.wandb.ai:443 "POST /graphql HTTP/1.1" 200 None
08-Feb-26 08:39:20 - urllib3.connectionpool - DEBUG - https://api.wandb.ai:443 "POST /graphql HTTP/1.1" 200 376
wandb: Currently logged in as: jbrandons (mlpng) to https://api.wandb.ai. Use `wandb login --relogin` to force relogin
wandb: Using wandb-core as the SDK backend.  Please refer to https://wandb.me/wandb-core for more information.
08-Feb-26 08:39:20 - git.cmd - DEBUG - Popen(['git', 'cat-file', '--batch-check'], cwd=/users/stevensonb/Research/MLPNG, stdin=<valid stream>, shell=False, universal_newlines=False)
wandb: Tracking run with wandb version 0.19.6
wandb: Run data is saved locally in /users/stevensonb/Research/MLPNG/wandb/run-20260208_083920-6wtgyelb
wandb: Run `wandb offline` to turn off syncing.
wandb: Syncing run dazzling-universe-2288
wandb: ⭐️ View project at https://wandb.ai/mlpng/mlpng
wandb: 🚀 View run at https://wandb.ai/mlpng/mlpng/runs/6wtgyelb
2026-02-08 08:39:22.332860: I external/local_tsl/tsl/platform/default/subprocess.cc:304] Start cannot spawn child process: No such file or directory
Model: "task_conditioned_encoder"
_________________________________________________________________
 Layer (type)                Output Shape              Param #   
=================================================================
 lensed_maps (InputLayer)    [(None, 49152, 1)]        0         
                                                                 
 encoder_block (EncoderBloc  (None, 3072, 32)          320       
 k)                                                              
                                                                 
 encoder_block_1 (EncoderBl  (None, 192, 64)           14528     
 ock)                                                            
                                                                 
 encoder_block_2 (EncoderBl  (None, 12, 128)           57728     
 ock)                                                            
                                                                 
 flatten (Flatten)           (None, 1536)              0         
                                                                 
 task_specific_heads (TaskS  (None, 3)                 362019    
 pecificHeads)                                                   
                                                                 
=================================================================
Total params: 434595 (1.66 MB)
Trainable params: 434147 (1.66 MB)
Non-trainable params: 448 (1.75 KB)
_________________________________________________________________
08-Feb-26 08:39:22 - __main__ - DEBUG - [Before model.fit()] Memory - RSS: 1.56 GB, VMS: 30.95 GB
2026-02-08 08:39:22.855678: W tensorflow/core/grappler/optimizers/data/auto_shard.cc:553] The `assert_cardinality` transformation is currently not handled by the auto-shard rewrite and will be removed.
Epoch 1/100
INFO:tensorflow:Collective all_reduce tensors: 28 all_reduces, num_devices = 4, group_size = 4, implementation = CommunicationImplementation.NCCL, num_packs = 1
08-Feb-26 08:39:28 - tensorflow - INFO - Collective all_reduce tensors: 28 all_reduces, num_devices = 4, group_size = 4, implementation = CommunicationImplementation.NCCL, num_packs = 1
INFO:tensorflow:Collective all_reduce tensors: 28 all_reduces, num_devices = 4, group_size = 4, implementation = CommunicationImplementation.NCCL, num_packs = 1
08-Feb-26 08:39:41 - tensorflow - INFO - Collective all_reduce tensors: 28 all_reduces, num_devices = 4, group_size = 4, implementation = CommunicationImplementation.NCCL, num_packs = 1
2026-02-08 08:39:48.872448: I external/local_xla/xla/stream_executor/cuda/cuda_dnn.cc:454] Loaded cuDNN version 8904
2026-02-08 08:39:48.891045: I external/local_xla/xla/stream_executor/cuda/cuda_dnn.cc:454] Loaded cuDNN version 8904
2026-02-08 08:39:48.920702: I external/local_xla/xla/stream_executor/cuda/cuda_dnn.cc:454] Loaded cuDNN version 8904
2026-02-08 08:39:48.949232: I external/local_xla/xla/stream_executor/cuda/cuda_dnn.cc:454] Loaded cuDNN version 8904
2026-02-08 08:39:49.935454: I external/local_xla/xla/service/service.cc:168] XLA service 0x15526db3cfb0 initialized for platform CUDA (this does not guarantee that XLA will be used). Devices:
2026-02-08 08:39:49.935497: I external/local_xla/xla/service/service.cc:176]   StreamExecutor device (0): NVIDIA A100-SXM4-80GB, Compute Capability 8.0
2026-02-08 08:39:49.935504: I external/local_xla/xla/service/service.cc:176]   StreamExecutor device (1): NVIDIA A100-SXM4-80GB, Compute Capability 8.0
2026-02-08 08:39:49.935510: I external/local_xla/xla/service/service.cc:176]   StreamExecutor device (2): NVIDIA A100-SXM4-80GB, Compute Capability 8.0
2026-02-08 08:39:49.935514: I external/local_xla/xla/service/service.cc:176]   StreamExecutor device (3): NVIDIA A100-SXM4-80GB, Compute Capability 8.0
2026-02-08 08:39:49.945327: I tensorflow/compiler/mlir/tensorflow/utils/dump_mlir_util.cc:269] disabling MLIR crash reproducer, set env var `MLIR_CRASH_REPRODUCER_DIRECTORY` to enable.
WARNING: All log messages before absl::InitializeLog() is called are written to STDERR
I0000 00:00:1770561590.017454 2532039 device_compiler.h:186] Compiled cluster using XLA!  This line is logged at most once for the lifetime of the process.
2026-02-08 08:40:51.655938: W tensorflow/core/grappler/optimizers/data/auto_shard.cc:553] The `assert_cardinality` transformation is currently not handled by the auto-shard rewrite and will be removed.
1563/1563 - 93s - loss: 92889.7422 - rmse_local: 167.9440 - rmse_equilateral: 417.0007 - rmse_orthogonal: 276.7212 - val_loss: 205876.1250 - val_rmse_local: 94.3795 - val_rmse_equilateral: 724.9474 - val_rmse_orthogonal: 288.3957 - 93s/epoch - 60ms/step
Epoch 2/100
1563/1563 - 61s - loss: 59289.9531 - rmse_local: 114.3471 - rmse_equilateral: 337.7290 - rmse_orthogonal: 225.2413 - val_loss: 382049.2500 - val_rmse_local: 83.3448 - val_rmse_equilateral: 1021.7064 - val_rmse_orthogonal: 308.7355 - 61s/epoch - 39ms/step
Epoch 3/100
1563/1563 - 62s - loss: 51444.6250 - rmse_local: 110.3712 - rmse_equilateral: 311.0752 - rmse_orthogonal: 213.0361 - val_loss: 407663.6562 - val_rmse_local: 81.6651 - val_rmse_equilateral: 1057.4875 - val_rmse_orthogonal: 313.1165 - 62s/epoch - 40ms/step
Epoch 4/100
1563/1563 - 62s - loss: 51649.7188 - rmse_local: 110.2223 - rmse_equilateral: 310.2795 - rmse_orthogonal: 215.7007 - val_loss: 223592.4219 - val_rmse_local: 86.9146 - val_rmse_equilateral: 744.4096 - val_rmse_orthogonal: 330.2686 - 62s/epoch - 40ms/step
Epoch 5/100
1563/1563 - 62s - loss: 47817.1836 - rmse_local: 107.9344 - rmse_equilateral: 296.6885 - rmse_orthogonal: 209.2311 - val_loss: 140850.9688 - val_rmse_local: 81.9200 - val_rmse_equilateral: 551.2209 - val_rmse_orthogonal: 334.6603 - 62s/epoch - 39ms/step
Epoch 6/100
1563/1563 - 62s - loss: 45194.7070 - rmse_local: 106.2384 - rmse_equilateral: 287.6801 - rmse_orthogonal: 203.8079 - val_loss: 84894.7422 - val_rmse_local: 81.4282 - val_rmse_equilateral: 407.4508 - val_rmse_orthogonal: 286.4219 - 62s/epoch - 40ms/step
Epoch 7/100
1563/1563 - 62s - loss: 43697.6641 - rmse_local: 105.4128 - rmse_equilateral: 282.4460 - rmse_orthogonal: 200.5128 - val_loss: 391915.6250 - val_rmse_local: 82.2676 - val_rmse_equilateral: 980.2799 - val_rmse_orthogonal: 456.1031 - 62s/epoch - 39ms/step
Epoch 8/100
1563/1563 - 63s - loss: 45994.4688 - rmse_local: 106.3267 - rmse_equilateral: 289.5077 - rmse_orthogonal: 207.0345 - val_loss: 133173.9375 - val_rmse_local: 109.0513 - val_rmse_equilateral: 515.4327 - val_rmse_orthogonal: 349.2259 - 63s/epoch - 40ms/step
Epoch 9/100
1563/1563 - 62s - loss: 44225.6641 - rmse_local: 104.5617 - rmse_equilateral: 283.4429 - rmse_orthogonal: 203.4794 - val_loss: 92866.7031 - val_rmse_local: 109.1527 - val_rmse_equilateral: 415.0514 - val_rmse_orthogonal: 307.2755 - 62s/epoch - 40ms/step
Epoch 10/100
1563/1563 - 62s - loss: 42582.6016 - rmse_local: 102.2114 - rmse_equilateral: 277.9171 - rmse_orthogonal: 200.1566 - val_loss: 88500.7500 - val_rmse_local: 88.9808 - val_rmse_equilateral: 414.8844 - val_rmse_orthogonal: 292.3278 - 62s/epoch - 40ms/step
Epoch 11/100
1563/1563 - 62s - loss: 40970.5820 - rmse_local: 99.0030 - rmse_equilateral: 272.6264 - rmse_orthogonal: 196.9390 - val_loss: 83898.9219 - val_rmse_local: 82.6148 - val_rmse_equilateral: 396.7351 - val_rmse_orthogonal: 295.7580 - 62s/epoch - 39ms/step
Epoch 12/100
1563/1563 - 62s - loss: 39388.4844 - rmse_local: 95.1643 - rmse_equilateral: 267.2906 - rmse_orthogonal: 194.0745 - val_loss: 78650.7109 - val_rmse_local: 80.9015 - val_rmse_equilateral: 385.6097 - val_rmse_orthogonal: 284.0990 - 62s/epoch - 40ms/step
Epoch 13/100
1563/1563 - 61s - loss: 38082.9375 - rmse_local: 91.9767 - rmse_equilateral: 262.9482 - rmse_orthogonal: 191.4350 - val_loss: 76996.6875 - val_rmse_local: 81.2545 - val_rmse_equilateral: 385.7590 - val_rmse_orthogonal: 274.9142 - 61s/epoch - 39ms/step
Epoch 14/100
1563/1563 - 61s - loss: 37150.6523 - rmse_local: 90.1464 - rmse_equilateral: 259.6966 - rmse_orthogonal: 189.4290 - val_loss: 76892.1328 - val_rmse_local: 80.9825 - val_rmse_equilateral: 386.6105 - val_rmse_orthogonal: 273.2225 - 61s/epoch - 39ms/step
Epoch 15/100
1563/1563 - 61s - loss: 36712.1836 - rmse_local: 89.4747 - rmse_equilateral: 258.1200 - rmse_orthogonal: 188.4275 - val_loss: 108156.0469 - val_rmse_local: 91.9271 - val_rmse_equilateral: 467.3916 - val_rmse_orthogonal: 312.3503 - 61s/epoch - 39ms/step
Epoch 16/100
1563/1563 - 64s - loss: 39678.3828 - rmse_local: 89.8517 - rmse_equilateral: 269.2274 - rmse_orthogonal: 196.1591 - val_loss: 103327.9141 - val_rmse_local: 91.3085 - val_rmse_equilateral: 448.3063 - val_rmse_orthogonal: 317.2820 - 64s/epoch - 41ms/step
Epoch 17/100
1563/1563 - 63s - loss: 38299.6992 - rmse_local: 85.0022 - rmse_equilateral: 264.6476 - rmse_orthogonal: 193.9984 - val_loss: 94888.8984 - val_rmse_local: 88.9925 - val_rmse_equilateral: 435.7468 - val_rmse_orthogonal: 294.7402 - 63s/epoch - 40ms/step
Epoch 18/100
1563/1563 - 62s - loss: 36986.5898 - rmse_local: 81.8904 - rmse_equilateral: 259.8849 - rmse_orthogonal: 191.6078 - val_loss: 108957.6719 - val_rmse_local: 88.7461 - val_rmse_equilateral: 463.5284 - val_rmse_orthogonal: 322.7049 - 62s/epoch - 40ms/step
Epoch 19/100
1563/1563 - 62s - loss: 35581.5273 - rmse_local: 79.4899 - rmse_equilateral: 254.4108 - rmse_orthogonal: 188.9472 - val_loss: 97379.5312 - val_rmse_local: 83.5093 - val_rmse_equilateral: 451.7733 - val_rmse_orthogonal: 284.7202 - 62s/epoch - 40ms/step
Epoch 20/100
1563/1563 - 62s - loss: 34331.8203 - rmse_local: 77.9444 - rmse_equilateral: 249.1428 - rmse_orthogonal: 186.6762 - val_loss: 92576.1250 - val_rmse_local: 83.7040 - val_rmse_equilateral: 432.2667 - val_rmse_orthogonal: 289.5988 - 62s/epoch - 40ms/step
Epoch 21/100
1563/1563 - 61s - loss: 32970.8984 - rmse_local: 76.5976 - rmse_equilateral: 243.2470 - rmse_orthogonal: 184.0555 - val_loss: 91611.0000 - val_rmse_local: 82.0431 - val_rmse_equilateral: 435.4590 - val_rmse_orthogonal: 280.1381 - 61s/epoch - 39ms/step
Epoch 22/100
1563/1563 - 62s - loss: 31738.2754 - rmse_local: 75.5491 - rmse_equilateral: 237.8625 - rmse_orthogonal: 181.4625 - val_loss: 84007.6953 - val_rmse_local: 80.8298 - val_rmse_equilateral: 412.5527 - val_rmse_orthogonal: 274.3901 - 62s/epoch - 40ms/step
Epoch 23/100
1563/1563 - 61s - loss: 30653.6250 - rmse_local: 74.4450 - rmse_equilateral: 233.2839 - rmse_orthogonal: 178.8781 - val_loss: 83378.0000 - val_rmse_local: 81.1213 - val_rmse_equilateral: 411.5109 - val_rmse_orthogonal: 272.4190 - 61s/epoch - 39ms/step
Epoch 24/100
1563/1563 - 61s - loss: 29789.6914 - rmse_local: 73.6292 - rmse_equilateral: 229.5176 - rmse_orthogonal: 176.8318 - val_loss: 77882.2266 - val_rmse_local: 78.6788 - val_rmse_equilateral: 393.0310 - val_rmse_orthogonal: 270.1536 - 61s/epoch - 39ms/step
Epoch 25/100
1563/1563 - 61s - loss: 28935.7637 - rmse_local: 72.6495 - rmse_equilateral: 225.7470 - rmse_orthogonal: 174.8360 - val_loss: 76683.6719 - val_rmse_local: 78.8650 - val_rmse_equilateral: 391.2991 - val_rmse_orthogonal: 265.9254 - 61s/epoch - 39ms/step
Epoch 26/100
1563/1563 - 63s - loss: 28209.8770 - rmse_local: 71.9733 - rmse_equilateral: 222.5826 - rmse_orthogonal: 172.9349 - val_loss: 76028.2109 - val_rmse_local: 78.5682 - val_rmse_equilateral: 388.7179 - val_rmse_orthogonal: 266.1016 - 63s/epoch - 40ms/step
Epoch 27/100
1563/1563 - 63s - loss: 27617.1953 - rmse_local: 71.5442 - rmse_equilateral: 219.9678 - rmse_orthogonal: 171.3101 - val_loss: 76251.9297 - val_rmse_local: 79.1747 - val_rmse_equilateral: 389.8100 - val_rmse_orthogonal: 265.5848 - 63s/epoch - 40ms/step
Epoch 28/100
1563/1563 - 63s - loss: 27136.4199 - rmse_local: 71.0855 - rmse_equilateral: 217.8156 - rmse_orthogonal: 170.0368 - val_loss: 76298.1406 - val_rmse_local: 78.8733 - val_rmse_equilateral: 389.8303 - val_rmse_orthogonal: 265.9056 - 63s/epoch - 40ms/step
Epoch 29/100
1563/1563 - 62s - loss: 26787.9160 - rmse_local: 70.6992 - rmse_equilateral: 216.3583 - rmse_orthogonal: 168.9807 - val_loss: 76794.7422 - val_rmse_local: 79.1932 - val_rmse_equilateral: 390.6733 - val_rmse_orthogonal: 267.3705 - 62s/epoch - 40ms/step
Epoch 30/100
1563/1563 - 61s - loss: 26559.0918 - rmse_local: 70.5252 - rmse_equilateral: 215.3747 - rmse_orthogonal: 168.2772 - val_loss: 77602.4375 - val_rmse_local: 79.1835 - val_rmse_equilateral: 392.6021 - val_rmse_orthogonal: 269.0741 - 61s/epoch - 39ms/step
Epoch 31/100
1563/1563 - 62s - loss: 26473.4062 - rmse_local: 70.4499 - rmse_equilateral: 214.8512 - rmse_orthogonal: 168.2142 - val_loss: 132897.8906 - val_rmse_local: 105.4874 - val_rmse_equilateral: 534.6282 - val_rmse_orthogonal: 318.9652 - 62s/epoch - 40ms/step
Epoch 32/100
1563/1563 - 62s - loss: 30025.9961 - rmse_local: 73.6268 - rmse_equilateral: 230.4487 - rmse_orthogonal: 177.6245 - val_loss: 104053.2266 - val_rmse_local: 86.1085 - val_rmse_equilateral: 466.8051 - val_rmse_orthogonal: 294.6828 - 62s/epoch - 40ms/step
Epoch 33/100
1563/1563 - 62s - loss: 29416.1426 - rmse_local: 72.8489 - rmse_equilateral: 227.7543 - rmse_orthogonal: 176.2652 - val_loss: 106559.1562 - val_rmse_local: 82.2176 - val_rmse_equilateral: 479.9052 - val_rmse_orthogonal: 287.4173 - 62s/epoch - 39ms/step
Epoch 34/100
1563/1563 - 63s - loss: 28734.9648 - rmse_local: 72.2165 - rmse_equilateral: 224.8159 - rmse_orthogonal: 174.4921 - val_loss: 99747.9375 - val_rmse_local: 83.4915 - val_rmse_equilateral: 459.4550 - val_rmse_orthogonal: 284.9106 - 63s/epoch - 40ms/step
Epoch 35/100
1563/1563 - 62s - loss: 28110.7500 - rmse_local: 71.5473 - rmse_equilateral: 222.0426 - rmse_orthogonal: 172.9459 - val_loss: 98970.6484 - val_rmse_local: 82.7712 - val_rmse_equilateral: 461.1699 - val_rmse_orthogonal: 278.1783 - 62s/epoch - 40ms/step
Epoch 36/100
1563/1563 - 62s - loss: 27630.6230 - rmse_local: 70.9649 - rmse_equilateral: 220.0441 - rmse_orthogonal: 171.5707 - val_loss: 91573.5781 - val_rmse_local: 81.2779 - val_rmse_equilateral: 439.3195 - val_rmse_orthogonal: 274.0675 - 62s/epoch - 40ms/step
Epoch 37/100
1563/1563 - 62s - loss: 26966.8984 - rmse_local: 70.2986 - rmse_equilateral: 216.9752 - rmse_orthogonal: 169.9427 - val_loss: 93627.7266 - val_rmse_local: 81.2929 - val_rmse_equilateral: 448.0344 - val_rmse_orthogonal: 271.1823 - 62s/epoch - 40ms/step
Epoch 38/100
1563/1563 - 64s - loss: 26428.2852 - rmse_local: 69.7078 - rmse_equilateral: 214.6543 - rmse_orthogonal: 168.3724 - val_loss: 86071.9766 - val_rmse_local: 81.4611 - val_rmse_equilateral: 420.6315 - val_rmse_orthogonal: 273.2200 - 64s/epoch - 41ms/step
Epoch 39/100
1563/1563 - 62s - loss: 25860.1875 - rmse_local: 69.3195 - rmse_equilateral: 212.0025 - rmse_orthogonal: 166.8243 - val_loss: 83690.1484 - val_rmse_local: 82.9746 - val_rmse_equilateral: 413.7699 - val_rmse_orthogonal: 270.1484 - 62s/epoch - 40ms/step
Epoch 40/100
1563/1563 - 63s - loss: 25325.6504 - rmse_local: 68.7551 - rmse_equilateral: 209.5532 - rmse_orthogonal: 165.3395 - val_loss: 82392.2969 - val_rmse_local: 82.1760 - val_rmse_equilateral: 408.9488 - val_rmse_orthogonal: 270.5270 - 63s/epoch - 40ms/step
Epoch 41/100
1563/1563 - 63s - loss: 24782.8730 - rmse_local: 68.3066 - rmse_equilateral: 207.1272 - rmse_orthogonal: 163.6496 - val_loss: 82343.7422 - val_rmse_local: 82.2044 - val_rmse_equilateral: 407.5891 - val_rmse_orthogonal: 272.2953 - 63s/epoch - 40ms/step
Epoch 42/100
1563/1563 - 62s - loss: 24260.9863 - rmse_local: 67.8300 - rmse_equilateral: 204.8216 - rmse_orthogonal: 161.9573 - val_loss: 81920.8750 - val_rmse_local: 82.3096 - val_rmse_equilateral: 406.3129 - val_rmse_orthogonal: 271.8411 - 62s/epoch - 40ms/step
08-Feb-26 09:23:36 - __main__ - INFO - Training complete! Best val_loss: 76028.210938
wandb:                                                                                
wandb: 
wandb: Run history:
wandb:                epoch/epoch ▁▁▁▂▂▂▂▂▂▃▃▃▃▃▃▄▄▄▄▄▅▅▅▅▅▅▆▆▆▆▆▆▇▇▇▇▇▇██
wandb:        epoch/learning_rate █▄█▇▄▂▇▇▆▅▄▃▂▁▇▇▇▇▆▆▅▄▃▃▂▂▁▁▁▇▇▇▇▇▇▆▆▆▆▅
wandb:                 epoch/loss █▅▄▄▃▃▃▃▃▃▃▃▂▂▂▃▂▂▂▂▂▂▂▁▁▁▁▁▁▁▂▂▁▁▁▁▁▁▁▁
wandb:     epoch/rmse_equilateral █▅▅▄▄▄▄▄▄▃▃▃▃▃▃▃▃▃▃▂▂▂▂▂▂▁▁▁▁▁▂▂▂▂▂▁▁▁▁▁
wandb:           epoch/rmse_local █▄▄▄▄▄▄▄▄▃▃▃▃▃▃▃▂▂▂▂▂▁▁▁▁▁▁▁▁▁▁▁▁▁▁▁▁▁▁▁
wandb:      epoch/rmse_orthogonal █▅▄▄▄▄▃▄▄▃▃▃▃▃▃▃▃▃▃▃▂▂▂▂▂▂▁▁▁▁▂▂▂▂▂▁▁▁▁▁
wandb:             epoch/val_loss ▄▇█▄▂▁█▂▁▁▁▁▁▁▂▂▁▂▁▁▁▁▁▁▁▁▁▁▁▂▂▂▂▁▁▁▁▁▁▁
wandb: epoch/val_rmse_equilateral ▅██▅▃▁▇▂▁▁▁▁▁▁▂▂▂▂▂▁▁▁▁▁▁▁▁▁▁▃▂▂▂▂▂▂▁▁▁▁
wandb:       epoch/val_rmse_local ▅▂▂▃▂▂▂██▃▂▂▂▂▄▄▃▃▂▂▂▂▁▁▁▁▁▁▁▇▃▂▂▂▂▂▂▂▂▂
wandb:  epoch/val_rmse_orthogonal ▂▃▃▃▄▂█▄▃▂▂▂▁▁▃▃▂▃▂▂▁▁▁▁▁▁▁▁▁▃▂▂▂▁▁▁▁▁▁▁
wandb: 
wandb: Run summary:
wandb:                epoch/epoch 41
wandb:        epoch/learning_rate 0.0003
wandb:                 epoch/loss 24260.98633
wandb:     epoch/rmse_equilateral 204.82156
wandb:           epoch/rmse_local 67.82999
wandb:      epoch/rmse_orthogonal 161.95731
wandb:             epoch/val_loss 81920.875
wandb: epoch/val_rmse_equilateral 406.3129
wandb:       epoch/val_rmse_local 82.30962
wandb:  epoch/val_rmse_orthogonal 271.84109
wandb: 
wandb: 🚀 View run dazzling-universe-2288 at: https://wandb.ai/mlpng/mlpng/runs/6wtgyelb
wandb: ⭐️ View project at: https://wandb.ai/mlpng/mlpng
wandb: Synced 5 W&B file(s), 0 media file(s), 0 artifact file(s) and 0 other file(s)
wandb: Find logs at: ./wandb/run-20260208_083920-6wtgyelb/logs
2026-02-08 09:23:38.234781: W tensorflow/core/grappler/optimizers/data/auto_shard.cc:553] The `assert_cardinality` transformation is currently not handled by the auto-shard rewrite and will be removed.

Test Set Performance Summary
================================================================================
      Shape        MAE       RMSE  RMSE/Sigma  Correlation
      local  62.873188  78.817299    1.283349     0.990707
equilateral 310.000610 396.615021    1.373966     0.752830
 orthogonal 204.296494 262.724487    2.646012     0.896804
================================================================================
08-Feb-26 09:23:45 - __main__ - INFO - Saved training history plot: data/plots/l191_n64_T_10000_p1.0/386099/trainer/loss.png
08-Feb-26 09:23:48 - __main__ - INFO - Saved evaluation plot: data/plots/l191_n64_T_10000_p1.0/386099/trainer/evaluation.png
08-Feb-26 09:23:51 - __main__ - INFO - Saved evaluation plot: data/plots/l191_n64_T_10000_p1.0/386099/trainer/restricted.png

real	45m19.009s
user	0m0.006s
sys	0m0.062s
