Running trainer with module mlpng.neo_trainer on bcm-dgxa100-0010
2026-02-05 10:12:23.716247: E external/local_xla/xla/stream_executor/cuda/cuda_dnn.cc:9261] Unable to register cuDNN factory: Attempting to register factory for plugin cuDNN when one has already been registered
2026-02-05 10:12:23.716307: E external/local_xla/xla/stream_executor/cuda/cuda_fft.cc:607] Unable to register cuFFT factory: Attempting to register factory for plugin cuFFT when one has already been registered
2026-02-05 10:12:23.717369: E external/local_xla/xla/stream_executor/cuda/cuda_blas.cc:1515] Unable to register cuBLAS factory: Attempting to register factory for plugin cuBLAS when one has already been registered
2026-02-05 10:12:23.723415: I tensorflow/core/platform/cpu_feature_guard.cc:182] This TensorFlow binary is optimized to use available CPU instructions in performance-critical operations.
To enable the following instructions: AVX2 FMA, in other operations, rebuild TensorFlow with the appropriate compiler flags.
2026-02-05 10:12:24.696503: W tensorflow/compiler/tf2tensorrt/utils/py_utils.cc:38] TF-TRT Warning: Could not find TensorRT
05-Feb-26 10:12:28 - __main__ - DEBUG - Core arguments: ['settings/n64.json', '--nsims', '10000', '--phi_scale', '1', '--shapes', 'equilateral', '--fnl_range', '-1000', '1000']
2026-02-05 10:12:28.938206: I tensorflow/core/common_runtime/gpu/gpu_device.cc:1929] Created device /job:localhost/replica:0/task:0/device:GPU:0 with 79194 MB memory:  -> device: 0, name: NVIDIA A100-SXM4-80GB, pci bus id: 0000:07:00.0, compute capability: 8.0
2026-02-05 10:12:28.939892: I tensorflow/core/common_runtime/gpu/gpu_device.cc:1929] Created device /job:localhost/replica:0/task:0/device:GPU:1 with 79194 MB memory:  -> device: 1, name: NVIDIA A100-SXM4-80GB, pci bus id: 0000:0f:00.0, compute capability: 8.0
2026-02-05 10:12:28.941473: I tensorflow/core/common_runtime/gpu/gpu_device.cc:1929] Created device /job:localhost/replica:0/task:0/device:GPU:2 with 79194 MB memory:  -> device: 2, name: NVIDIA A100-SXM4-80GB, pci bus id: 0000:47:00.0, compute capability: 8.0
2026-02-05 10:12:28.943030: I tensorflow/core/common_runtime/gpu/gpu_device.cc:1929] Created device /job:localhost/replica:0/task:0/device:GPU:3 with 79194 MB memory:  -> device: 3, name: NVIDIA A100-SXM4-80GB, pci bus id: 0000:4e:00.0, compute capability: 8.0
INFO:tensorflow:Using MirroredStrategy with devices ('/job:localhost/replica:0/task:0/device:GPU:0', '/job:localhost/replica:0/task:0/device:GPU:1', '/job:localhost/replica:0/task:0/device:GPU:2', '/job:localhost/replica:0/task:0/device:GPU:3')
05-Feb-26 10:12:28 - tensorflow - INFO - Using MirroredStrategy with devices ('/job:localhost/replica:0/task:0/device:GPU:0', '/job:localhost/replica:0/task:0/device:GPU:1', '/job:localhost/replica:0/task:0/device:GPU:2', '/job:localhost/replica:0/task:0/device:GPU:3')
05-Feb-26 10:12:28 - __main__ - INFO - Using MirroredStrategy with 4 device(s)
05-Feb-26 10:12:28 - __main__ - DEBUG - [Before Core initialization] Memory - RSS: 1.11 GB, VMS: 28.39 GB
05-Feb-26 10:12:28 - mlpng.core - DEBUG - Parsing CLI args: ['settings/n64.json', '--nsims', '10000', '--phi_scale', '1', '--shapes', 'equilateral', '--fnl_range', '-1000', '1000']
05-Feb-26 10:12:28 - mlpng.core - INFO - Loading settings from file 'settings/n64.json'
05-Feb-26 10:12:28 - mlpng.core - DEBUG - Forcing setting 'nsims' to 10000 due to CLI
05-Feb-26 10:12:28 - mlpng.core - DEBUG - Forcing setting 'fnl_range' to [-1000, 1000] due to CLI
05-Feb-26 10:12:28 - mlpng.core - DEBUG - Forcing setting 'phi_scale' to 1.0 due to CLI
05-Feb-26 10:12:28 - mlpng.core - DEBUG - Forcing setting 'shapes' to ['equilateral'] due to CLI
05-Feb-26 10:12:28 - mlpng.core - DEBUG - Forcing setting 'tf_cache' to True due to CLI
05-Feb-26 10:12:28 - mlpng.core - DEBUG - Forcing setting 'tf_mem_cache' to True due to CLI
05-Feb-26 10:12:28 - mlpng.core - DEBUG - Overriding cosmo param 'As' from 2.13e-09 to 2.105e-09
05-Feb-26 10:12:28 - mlpng.core - DEBUG - Overriding cosmo param 'ns' from 0.9624 to 0.965
05-Feb-26 10:12:28 - mlpng.core - DEBUG - Running with settings: 
{
  "cosmo_params": {
    "As": 2.105e-09,
    "ns": 0.965,
    "pivot_scalar": 0.05,
    "H0": 67.4,
    "ombh2": 0.0224,
    "omch2": 0.12,
    "tau": 0.054
  },
  "nsims": 10000,
  "nside": 64,
  "fnl_range": [
    -1000,
    1000
  ],
  "phi_scale": 1.0,
  "shapes": [
    "equilateral"
  ],
  "tf_cache": true,
  "tf_mem_cache": true
}
05-Feb-26 10:12:28 - mlpng.core - DEBUG - slurm: Slurm(self.name='trainer', self.job=385510, self.array=0, self.array_index=-1, self.task_count=0, self.is_main=True, self.n_cpus=32)
05-Feb-26 10:12:28 - mlpng.core - DEBUG - Using seed: 1010777599
05-Feb-26 10:12:28 - mlpng.core - DEBUG - Found non-default value for 'nside': 64 (default: 128)
05-Feb-26 10:12:28 - mlpng.core - DEBUG - Found non-default value for 'nsims': 10000 (default: 100)
05-Feb-26 10:12:28 - mlpng.core - DEBUG - Found non-default value for 'fnl_range': [-1000, 1000] (default: (-1000, 1000))
05-Feb-26 10:12:28 - mlpng.core - DEBUG - Found non-default value for 'shapes': ['equilateral'] (default: 'all')
05-Feb-26 10:12:28 - __main__ - DEBUG - [After Core initialization] Memory - RSS: 1.11 GB, VMS: 28.39 GB
05-Feb-26 10:12:29 - __main__ - INFO - Sigma values: [308.7803054]
05-Feb-26 10:12:29 - __main__ - INFO - Decay steps: 1562.0
05-Feb-26 10:12:38 - mlpng.utils.dataloaders - DEBUG - Error information from 'data/data/l191_n64_T_10000_p1.0.hdf5'...
05-Feb-26 10:12:38 - mlpng.utils.dataloaders - DEBUG - Fisher Matrix: [ 4.5728404e-04  1.5810940e-05 -7.7885117e-05]
05-Feb-26 10:12:38 - mlpng.utils.dataloaders - DEBUG - Marginal Likelihoods: 75.519325
05-Feb-26 10:12:38 - mlpng.utils.dataloaders - DEBUG - Fisher for shape equilateral: 1.0467069e-05, std div: 309.0917861344903
05-Feb-26 10:12:38 - __main__ - DEBUG - [After KappaDataset creation] Memory - RSS: 1.31 GB, VMS: 28.59 GB
05-Feb-26 10:12:38 - mlpng.utils.dataloaders - DEBUG - Splitting 'data/data/l191_n64_T_10000_p1.0.hdf5' into train: 0:8000 (8000), val: 8000:9000 (1000), test: 9000:10000 (1000)
05-Feb-26 10:12:38 - mlpng.utils.dataloaders - DEBUG - Using cache file: '/lustre/smuexa01/client/users/stevensonb/tf_cache/n64_equilateral-train.cache'
05-Feb-26 10:12:38 - mlpng.utils.dataloaders - DEBUG - Using cache file: '/lustre/smuexa01/client/users/stevensonb/tf_cache/n64_equilateral-val.cache'
05-Feb-26 10:12:38 - mlpng.utils.dataloaders - DEBUG - Using cache file: '/lustre/smuexa01/client/users/stevensonb/tf_cache/n64_equilateral-test.cache'
05-Feb-26 10:12:39 - __main__ - DEBUG - [After dataset split] Memory - RSS: 1.31 GB, VMS: 28.59 GB
05-Feb-26 10:12:39 - __main__ - DEBUG - Generating train cache
05-Feb-26 10:13:34 - __main__ - DEBUG -   processed 0 batches
05-Feb-26 10:13:34 - __main__ - DEBUG -   processed 10 batches
05-Feb-26 10:13:35 - __main__ - DEBUG -   processed 20 batches
05-Feb-26 10:13:42 - __main__ - DEBUG -   processed 30 batches
05-Feb-26 10:13:56 - __main__ - DEBUG -   processed 40 batches
05-Feb-26 10:13:57 - __main__ - DEBUG -   processed 50 batches
05-Feb-26 10:13:58 - __main__ - DEBUG -   processed 60 batches
05-Feb-26 10:13:58 - __main__ - DEBUG -   processed 70 batches
05-Feb-26 10:14:05 - __main__ - DEBUG -   processed 80 batches
05-Feb-26 10:14:06 - __main__ - DEBUG -   processed 90 batches
05-Feb-26 10:14:07 - __main__ - DEBUG -   processed 100 batches
05-Feb-26 10:14:08 - __main__ - DEBUG -   processed 110 batches
05-Feb-26 10:14:09 - __main__ - DEBUG -   processed 120 batches
05-Feb-26 10:14:10 - __main__ - DEBUG -   processed 130 batches
05-Feb-26 10:14:11 - __main__ - DEBUG -   processed 140 batches
05-Feb-26 10:14:12 - __main__ - DEBUG -   processed 150 batches
05-Feb-26 10:14:13 - __main__ - DEBUG -   processed 160 batches
05-Feb-26 10:14:13 - __main__ - DEBUG -   processed 170 batches
05-Feb-26 10:14:15 - __main__ - DEBUG -   processed 180 batches
05-Feb-26 10:14:15 - __main__ - DEBUG -   processed 190 batches
05-Feb-26 10:14:17 - __main__ - DEBUG -   processed 200 batches
05-Feb-26 10:14:17 - __main__ - DEBUG -   processed 210 batches
05-Feb-26 10:14:19 - __main__ - DEBUG -   processed 220 batches
05-Feb-26 10:14:20 - __main__ - DEBUG -   processed 230 batches
05-Feb-26 10:14:22 - __main__ - DEBUG -   processed 240 batches
05-Feb-26 10:14:23 - __main__ - DEBUG -   processed 250 batches
05-Feb-26 10:14:23 - __main__ - DEBUG -   processed 260 batches
05-Feb-26 10:14:25 - __main__ - DEBUG -   processed 270 batches
05-Feb-26 10:14:26 - __main__ - DEBUG -   processed 280 batches
05-Feb-26 10:14:27 - __main__ - DEBUG -   processed 290 batches
05-Feb-26 10:14:28 - __main__ - DEBUG -   processed 300 batches
05-Feb-26 10:14:28 - __main__ - DEBUG -   processed 310 batches
05-Feb-26 10:14:30 - __main__ - DEBUG -   processed 320 batches
05-Feb-26 10:14:31 - __main__ - DEBUG -   processed 330 batches
05-Feb-26 10:14:31 - __main__ - DEBUG -   processed 340 batches
05-Feb-26 10:14:32 - __main__ - DEBUG -   processed 350 batches
05-Feb-26 10:14:33 - __main__ - DEBUG -   processed 360 batches
05-Feb-26 10:14:34 - __main__ - DEBUG -   processed 370 batches
05-Feb-26 10:14:36 - __main__ - DEBUG -   processed 380 batches
05-Feb-26 10:14:37 - __main__ - DEBUG -   processed 390 batches
05-Feb-26 10:14:38 - __main__ - DEBUG -   processed 400 batches
05-Feb-26 10:14:39 - __main__ - DEBUG -   processed 410 batches
05-Feb-26 10:14:40 - __main__ - DEBUG -   processed 420 batches
05-Feb-26 10:14:40 - __main__ - DEBUG -   processed 430 batches
05-Feb-26 10:14:42 - __main__ - DEBUG -   processed 440 batches
05-Feb-26 10:14:42 - __main__ - DEBUG -   processed 450 batches
05-Feb-26 10:14:42 - __main__ - DEBUG -   processed 460 batches
05-Feb-26 10:14:43 - __main__ - DEBUG -   processed 470 batches
05-Feb-26 10:14:44 - __main__ - DEBUG -   processed 480 batches
05-Feb-26 10:14:45 - __main__ - DEBUG -   processed 490 batches
05-Feb-26 10:14:46 - __main__ - DEBUG -   processed 500 batches
05-Feb-26 10:14:46 - __main__ - DEBUG -   processed 510 batches
05-Feb-26 10:14:47 - __main__ - DEBUG -   processed 520 batches
05-Feb-26 10:14:47 - __main__ - DEBUG -   processed 530 batches
05-Feb-26 10:14:49 - __main__ - DEBUG -   processed 540 batches
05-Feb-26 10:14:49 - __main__ - DEBUG -   processed 550 batches
05-Feb-26 10:14:50 - __main__ - DEBUG -   processed 560 batches
05-Feb-26 10:14:51 - __main__ - DEBUG -   processed 570 batches
05-Feb-26 10:14:52 - __main__ - DEBUG -   processed 580 batches
05-Feb-26 10:14:54 - __main__ - DEBUG -   processed 590 batches
05-Feb-26 10:14:54 - __main__ - DEBUG -   processed 600 batches
05-Feb-26 10:14:55 - __main__ - DEBUG -   processed 610 batches
05-Feb-26 10:14:56 - __main__ - DEBUG -   processed 620 batches
05-Feb-26 10:14:57 - __main__ - DEBUG -   processed 630 batches
05-Feb-26 10:14:57 - __main__ - DEBUG -   processed 640 batches
05-Feb-26 10:14:58 - __main__ - DEBUG -   processed 650 batches
05-Feb-26 10:14:59 - __main__ - DEBUG -   processed 660 batches
05-Feb-26 10:14:59 - __main__ - DEBUG -   processed 670 batches
05-Feb-26 10:15:00 - __main__ - DEBUG -   processed 680 batches
05-Feb-26 10:15:01 - __main__ - DEBUG -   processed 690 batches
05-Feb-26 10:15:02 - __main__ - DEBUG -   processed 700 batches
05-Feb-26 10:15:02 - __main__ - DEBUG -   processed 710 batches
05-Feb-26 10:15:04 - __main__ - DEBUG -   processed 720 batches
05-Feb-26 10:15:04 - __main__ - DEBUG -   processed 730 batches
05-Feb-26 10:15:05 - __main__ - DEBUG -   processed 740 batches
05-Feb-26 10:15:05 - __main__ - DEBUG -   processed 750 batches
05-Feb-26 10:15:06 - __main__ - DEBUG -   processed 760 batches
05-Feb-26 10:15:06 - __main__ - DEBUG -   processed 770 batches
05-Feb-26 10:15:07 - __main__ - DEBUG -   processed 780 batches
05-Feb-26 10:15:08 - __main__ - DEBUG -   processed 790 batches
05-Feb-26 10:15:09 - __main__ - DEBUG -   processed 800 batches
05-Feb-26 10:15:09 - __main__ - DEBUG -   processed 810 batches
05-Feb-26 10:15:11 - __main__ - DEBUG -   processed 820 batches
05-Feb-26 10:15:11 - __main__ - DEBUG -   processed 830 batches
05-Feb-26 10:15:12 - __main__ - DEBUG -   processed 840 batches
05-Feb-26 10:15:14 - __main__ - DEBUG -   processed 850 batches
05-Feb-26 10:15:14 - __main__ - DEBUG -   processed 860 batches
05-Feb-26 10:15:15 - __main__ - DEBUG -   processed 870 batches
05-Feb-26 10:15:17 - __main__ - DEBUG -   processed 880 batches
05-Feb-26 10:15:18 - __main__ - DEBUG -   processed 890 batches
05-Feb-26 10:15:20 - __main__ - DEBUG -   processed 900 batches
05-Feb-26 10:15:20 - __main__ - DEBUG -   processed 910 batches
05-Feb-26 10:15:22 - __main__ - DEBUG -   processed 920 batches
05-Feb-26 10:15:23 - __main__ - DEBUG -   processed 930 batches
05-Feb-26 10:15:25 - __main__ - DEBUG -   processed 940 batches
05-Feb-26 10:15:26 - __main__ - DEBUG -   processed 950 batches
05-Feb-26 10:15:26 - __main__ - DEBUG -   processed 960 batches
05-Feb-26 10:15:28 - __main__ - DEBUG -   processed 970 batches
05-Feb-26 10:15:29 - __main__ - DEBUG -   processed 980 batches
05-Feb-26 10:15:31 - __main__ - DEBUG -   processed 990 batches
05-Feb-26 10:15:32 - __main__ - DEBUG -   processed 1000 batches
05-Feb-26 10:15:32 - __main__ - DEBUG -   processed 1010 batches
05-Feb-26 10:15:34 - __main__ - DEBUG -   processed 1020 batches
05-Feb-26 10:15:35 - __main__ - DEBUG -   processed 1030 batches
05-Feb-26 10:15:37 - __main__ - DEBUG -   processed 1040 batches
05-Feb-26 10:15:38 - __main__ - DEBUG -   processed 1050 batches
05-Feb-26 10:15:38 - __main__ - DEBUG -   processed 1060 batches
05-Feb-26 10:15:40 - __main__ - DEBUG -   processed 1070 batches
05-Feb-26 10:15:41 - __main__ - DEBUG -   processed 1080 batches
05-Feb-26 10:15:43 - __main__ - DEBUG -   processed 1090 batches
05-Feb-26 10:15:44 - __main__ - DEBUG -   processed 1100 batches
05-Feb-26 10:15:44 - __main__ - DEBUG -   processed 1110 batches
05-Feb-26 10:15:46 - __main__ - DEBUG -   processed 1120 batches
05-Feb-26 10:15:47 - __main__ - DEBUG -   processed 1130 batches
05-Feb-26 10:15:49 - __main__ - DEBUG -   processed 1140 batches
05-Feb-26 10:15:50 - __main__ - DEBUG -   processed 1150 batches
05-Feb-26 10:15:50 - __main__ - DEBUG -   processed 1160 batches
05-Feb-26 10:15:52 - __main__ - DEBUG -   processed 1170 batches
05-Feb-26 10:15:53 - __main__ - DEBUG -   processed 1180 batches
05-Feb-26 10:15:55 - __main__ - DEBUG -   processed 1190 batches
05-Feb-26 10:15:56 - __main__ - DEBUG -   processed 1200 batches
05-Feb-26 10:15:56 - __main__ - DEBUG -   processed 1210 batches
05-Feb-26 10:15:57 - __main__ - DEBUG -   processed 1220 batches
05-Feb-26 10:15:59 - __main__ - DEBUG -   processed 1230 batches
05-Feb-26 10:16:00 - __main__ - DEBUG -   processed 1240 batches
05-Feb-26 10:16:01 - __main__ - DEBUG -   processed 1250 batches
05-Feb-26 10:16:02 - __main__ - DEBUG -   processed 1260 batches
05-Feb-26 10:16:03 - __main__ - DEBUG -   processed 1270 batches
05-Feb-26 10:16:04 - __main__ - DEBUG -   processed 1280 batches
05-Feb-26 10:16:06 - __main__ - DEBUG -   processed 1290 batches
05-Feb-26 10:16:07 - __main__ - DEBUG -   processed 1300 batches
05-Feb-26 10:16:07 - __main__ - DEBUG -   processed 1310 batches
05-Feb-26 10:16:09 - __main__ - DEBUG -   processed 1320 batches
05-Feb-26 10:16:10 - __main__ - DEBUG -   processed 1330 batches
05-Feb-26 10:16:11 - __main__ - DEBUG -   processed 1340 batches
05-Feb-26 10:16:12 - __main__ - DEBUG -   processed 1350 batches
05-Feb-26 10:16:12 - __main__ - DEBUG -   processed 1360 batches
05-Feb-26 10:16:14 - __main__ - DEBUG -   processed 1370 batches
05-Feb-26 10:16:15 - __main__ - DEBUG -   processed 1380 batches
05-Feb-26 10:16:16 - __main__ - DEBUG -   processed 1390 batches
05-Feb-26 10:16:17 - __main__ - DEBUG -   processed 1400 batches
05-Feb-26 10:16:18 - __main__ - DEBUG -   processed 1410 batches
05-Feb-26 10:16:19 - __main__ - DEBUG -   processed 1420 batches
05-Feb-26 10:16:20 - __main__ - DEBUG -   processed 1430 batches
05-Feb-26 10:16:21 - __main__ - DEBUG -   processed 1440 batches
05-Feb-26 10:16:23 - __main__ - DEBUG -   processed 1450 batches
05-Feb-26 10:16:23 - __main__ - DEBUG -   processed 1460 batches
05-Feb-26 10:16:24 - __main__ - DEBUG -   processed 1470 batches
05-Feb-26 10:16:26 - __main__ - DEBUG -   processed 1480 batches
05-Feb-26 10:16:27 - __main__ - DEBUG -   processed 1490 batches
05-Feb-26 10:16:28 - __main__ - DEBUG -   processed 1500 batches
05-Feb-26 10:16:28 - __main__ - DEBUG -   processed 1510 batches
05-Feb-26 10:16:30 - __main__ - DEBUG -   processed 1520 batches
05-Feb-26 10:16:31 - __main__ - DEBUG -   processed 1530 batches
05-Feb-26 10:16:32 - __main__ - DEBUG -   processed 1540 batches
05-Feb-26 10:16:33 - __main__ - DEBUG -   processed 1550 batches
05-Feb-26 10:16:33 - __main__ - DEBUG -   processed 1560 batches
2026-02-05 10:16:35.181008: W tensorflow/core/kernels/data/cache_dataset_ops.cc:302] The calling iterator did not fully read the dataset being cached. In order to avoid unexpected truncation of the dataset, the partially cached contents of the dataset  will be discarded. This can happen if you have an input pipeline similar to `dataset.cache().take(k).repeat()`. You should use `dataset.take(k).cache().repeat()` instead.
05-Feb-26 10:16:35 - __main__ - DEBUG - [After train_ds caching] Memory - RSS: 20.30 GB, VMS: 51.79 GB
05-Feb-26 10:16:35 - __main__ - DEBUG - Generating val cache
2026-02-05 10:17:09.480724: W tensorflow/core/kernels/data/cache_dataset_ops.cc:302] The calling iterator did not fully read the dataset being cached. In order to avoid unexpected truncation of the dataset, the partially cached contents of the dataset  will be discarded. This can happen if you have an input pipeline similar to `dataset.cache().take(k).repeat()`. You should use `dataset.take(k).cache().repeat()` instead.
05-Feb-26 10:17:09 - __main__ - DEBUG - [After val_ds caching] Memory - RSS: 16.16 GB, VMS: 47.60 GB
05-Feb-26 10:17:09 - __main__ - DEBUG - Generating test cache
2026-02-05 10:17:36.024921: W tensorflow/core/kernels/data/cache_dataset_ops.cc:302] The calling iterator did not fully read the dataset being cached. In order to avoid unexpected truncation of the dataset, the partially cached contents of the dataset  will be discarded. This can happen if you have an input pipeline similar to `dataset.cache().take(k).repeat()`. You should use `dataset.take(k).cache().repeat()` instead.
05-Feb-26 10:17:36 - __main__ - DEBUG - [After test_ds caching] Memory - RSS: 15.11 GB, VMS: 46.47 GB
05-Feb-26 10:17:36 - __main__ - DEBUG - train_ds per-batch: X=0.023 GB, Y=0.000 GB, Total=0.023 GB
05-Feb-26 10:17:36 - __main__ - DEBUG - val_ds per-batch: X=0.023 GB, Y=0.000 GB, Total=0.023 GB
05-Feb-26 10:17:36 - __main__ - DEBUG - test_ds per-batch: X=0.023 GB, Y=0.000 GB, Total=0.023 GB
05-Feb-26 10:17:36 - __main__ - DEBUG - [Before model building] Memory - RSS: 14.81 GB, VMS: 46.10 GB
INFO:tensorflow:Reduce to /job:localhost/replica:0/task:0/device:CPU:0 then broadcast to ('/job:localhost/replica:0/task:0/device:CPU:0',).
05-Feb-26 10:17:40 - tensorflow - INFO - Reduce to /job:localhost/replica:0/task:0/device:CPU:0 then broadcast to ('/job:localhost/replica:0/task:0/device:CPU:0',).
INFO:tensorflow:Reduce to /job:localhost/replica:0/task:0/device:CPU:0 then broadcast to ('/job:localhost/replica:0/task:0/device:CPU:0',).
05-Feb-26 10:17:40 - tensorflow - INFO - Reduce to /job:localhost/replica:0/task:0/device:CPU:0 then broadcast to ('/job:localhost/replica:0/task:0/device:CPU:0',).
INFO:tensorflow:Reduce to /job:localhost/replica:0/task:0/device:CPU:0 then broadcast to ('/job:localhost/replica:0/task:0/device:CPU:0',).
05-Feb-26 10:17:40 - tensorflow - INFO - Reduce to /job:localhost/replica:0/task:0/device:CPU:0 then broadcast to ('/job:localhost/replica:0/task:0/device:CPU:0',).
INFO:tensorflow:Reduce to /job:localhost/replica:0/task:0/device:CPU:0 then broadcast to ('/job:localhost/replica:0/task:0/device:CPU:0',).
05-Feb-26 10:17:40 - tensorflow - INFO - Reduce to /job:localhost/replica:0/task:0/device:CPU:0 then broadcast to ('/job:localhost/replica:0/task:0/device:CPU:0',).
INFO:tensorflow:Reduce to /job:localhost/replica:0/task:0/device:CPU:0 then broadcast to ('/job:localhost/replica:0/task:0/device:CPU:0',).
05-Feb-26 10:17:41 - tensorflow - INFO - Reduce to /job:localhost/replica:0/task:0/device:CPU:0 then broadcast to ('/job:localhost/replica:0/task:0/device:CPU:0',).
INFO:tensorflow:Reduce to /job:localhost/replica:0/task:0/device:CPU:0 then broadcast to ('/job:localhost/replica:0/task:0/device:CPU:0',).
05-Feb-26 10:17:41 - tensorflow - INFO - Reduce to /job:localhost/replica:0/task:0/device:CPU:0 then broadcast to ('/job:localhost/replica:0/task:0/device:CPU:0',).
INFO:tensorflow:Reduce to /job:localhost/replica:0/task:0/device:CPU:0 then broadcast to ('/job:localhost/replica:0/task:0/device:CPU:0',).
05-Feb-26 10:17:41 - tensorflow - INFO - Reduce to /job:localhost/replica:0/task:0/device:CPU:0 then broadcast to ('/job:localhost/replica:0/task:0/device:CPU:0',).
INFO:tensorflow:Reduce to /job:localhost/replica:0/task:0/device:CPU:0 then broadcast to ('/job:localhost/replica:0/task:0/device:CPU:0',).
05-Feb-26 10:17:41 - tensorflow - INFO - Reduce to /job:localhost/replica:0/task:0/device:CPU:0 then broadcast to ('/job:localhost/replica:0/task:0/device:CPU:0',).
INFO:tensorflow:Reduce to /job:localhost/replica:0/task:0/device:CPU:0 then broadcast to ('/job:localhost/replica:0/task:0/device:CPU:0',).
05-Feb-26 10:17:41 - tensorflow - INFO - Reduce to /job:localhost/replica:0/task:0/device:CPU:0 then broadcast to ('/job:localhost/replica:0/task:0/device:CPU:0',).
INFO:tensorflow:Reduce to /job:localhost/replica:0/task:0/device:CPU:0 then broadcast to ('/job:localhost/replica:0/task:0/device:CPU:0',).
05-Feb-26 10:17:41 - tensorflow - INFO - Reduce to /job:localhost/replica:0/task:0/device:CPU:0 then broadcast to ('/job:localhost/replica:0/task:0/device:CPU:0',).
05-Feb-26 10:17:42 - __main__ - DEBUG - [After model building] Memory - RSS: 14.81 GB, VMS: 46.23 GB
05-Feb-26 10:17:42 - git.cmd - DEBUG - Popen(['git', 'rev-parse', '--show-toplevel'], cwd=/users/stevensonb/Research/MLPNG, stdin=None, shell=False, universal_newlines=False)
05-Feb-26 10:17:42 - urllib3.connectionpool - DEBUG - Starting new HTTPS connection (1): api.wandb.ai:443
05-Feb-26 10:17:42 - urllib3.connectionpool - DEBUG - https://api.wandb.ai:443 "POST /graphql HTTP/1.1" 200 None
05-Feb-26 10:17:42 - urllib3.connectionpool - DEBUG - https://api.wandb.ai:443 "POST /graphql HTTP/1.1" 200 376
wandb: Currently logged in as: jbrandons (mlpng) to https://api.wandb.ai. Use `wandb login --relogin` to force relogin
wandb: Using wandb-core as the SDK backend.  Please refer to https://wandb.me/wandb-core for more information.
05-Feb-26 10:17:42 - git.cmd - DEBUG - Popen(['git', 'cat-file', '--batch-check'], cwd=/users/stevensonb/Research/MLPNG, stdin=<valid stream>, shell=False, universal_newlines=False)
wandb: Tracking run with wandb version 0.19.6
wandb: Run data is saved locally in /users/stevensonb/Research/MLPNG/wandb/run-20260205_101742-1ks6vvth
wandb: Run `wandb offline` to turn off syncing.
wandb: Syncing run chocolate-water-2287
wandb: ⭐️ View project at https://wandb.ai/mlpng/mlpng
wandb: 🚀 View run at https://wandb.ai/mlpng/mlpng/runs/1ks6vvth
2026-02-05 10:17:43.825994: I external/local_tsl/tsl/platform/default/subprocess.cc:304] Start cannot spawn child process: No such file or directory
Model: "task_conditioned_encoder"
_________________________________________________________________
 Layer (type)                Output Shape              Param #   
=================================================================
 lensed_maps (InputLayer)    [(None, 49152, 1)]        0         
                                                                 
 encoder_block (EncoderBloc  (None, 3072, 32)          320       
 k)                                                              
                                                                 
 encoder_block_1 (EncoderBl  (None, 192, 64)           14528     
 ock)                                                            
                                                                 
 encoder_block_2 (EncoderBl  (None, 12, 128)           57728     
 ock)                                                            
                                                                 
 flatten (Flatten)           (None, 1536)              0         
                                                                 
 task_specific_heads (TaskS  (None, 1)                 207105    
 pecificHeads)                                                   
                                                                 
=================================================================
Total params: 279681 (1.07 MB)
Trainable params: 279233 (1.07 MB)
Non-trainable params: 448 (1.75 KB)
_________________________________________________________________
05-Feb-26 10:17:44 - __main__ - DEBUG - [Before model.fit()] Memory - RSS: 14.85 GB, VMS: 46.27 GB
2026-02-05 10:17:44.281624: W tensorflow/core/grappler/optimizers/data/auto_shard.cc:553] The `assert_cardinality` transformation is currently not handled by the auto-shard rewrite and will be removed.
Epoch 1/100
INFO:tensorflow:Collective all_reduce tensors: 14 all_reduces, num_devices = 4, group_size = 4, implementation = CommunicationImplementation.NCCL, num_packs = 1
05-Feb-26 10:17:50 - tensorflow - INFO - Collective all_reduce tensors: 14 all_reduces, num_devices = 4, group_size = 4, implementation = CommunicationImplementation.NCCL, num_packs = 1
INFO:tensorflow:Collective all_reduce tensors: 14 all_reduces, num_devices = 4, group_size = 4, implementation = CommunicationImplementation.NCCL, num_packs = 1
05-Feb-26 10:17:59 - tensorflow - INFO - Collective all_reduce tensors: 14 all_reduces, num_devices = 4, group_size = 4, implementation = CommunicationImplementation.NCCL, num_packs = 1
2026-02-05 10:18:04.587490: I external/local_xla/xla/stream_executor/cuda/cuda_dnn.cc:454] Loaded cuDNN version 8904
2026-02-05 10:18:04.588508: I external/local_xla/xla/stream_executor/cuda/cuda_dnn.cc:454] Loaded cuDNN version 8904
2026-02-05 10:18:04.611465: I external/local_xla/xla/stream_executor/cuda/cuda_dnn.cc:454] Loaded cuDNN version 8904
2026-02-05 10:18:04.612621: I external/local_xla/xla/stream_executor/cuda/cuda_dnn.cc:454] Loaded cuDNN version 8904
2026-02-05 10:18:06.098037: I external/local_xla/xla/service/service.cc:168] XLA service 0x155265d133a0 initialized for platform CUDA (this does not guarantee that XLA will be used). Devices:
2026-02-05 10:18:06.098092: I external/local_xla/xla/service/service.cc:176]   StreamExecutor device (0): NVIDIA A100-SXM4-80GB, Compute Capability 8.0
2026-02-05 10:18:06.098098: I external/local_xla/xla/service/service.cc:176]   StreamExecutor device (1): NVIDIA A100-SXM4-80GB, Compute Capability 8.0
2026-02-05 10:18:06.098103: I external/local_xla/xla/service/service.cc:176]   StreamExecutor device (2): NVIDIA A100-SXM4-80GB, Compute Capability 8.0
2026-02-05 10:18:06.098109: I external/local_xla/xla/service/service.cc:176]   StreamExecutor device (3): NVIDIA A100-SXM4-80GB, Compute Capability 8.0
2026-02-05 10:18:06.109190: I tensorflow/compiler/mlir/tensorflow/utils/dump_mlir_util.cc:269] disabling MLIR crash reproducer, set env var `MLIR_CRASH_REPRODUCER_DIRECTORY` to enable.
WARNING: All log messages before absl::InitializeLog() is called are written to STDERR
I0000 00:00:1770308286.181385 1834976 device_compiler.h:186] Compiled cluster using XLA!  This line is logged at most once for the lifetime of the process.
2026-02-05 10:19:03.495612: W tensorflow/core/grappler/optimizers/data/auto_shard.cc:553] The `assert_cardinality` transformation is currently not handled by the auto-shard rewrite and will be removed.
1563/1563 - 82s - loss: 124196.3125 - rmse_equilateral: 352.4150 - val_loss: 204941.1875 - val_rmse_equilateral: 452.7043 - 82s/epoch - 52ms/step
Epoch 2/100
1563/1563 - 59s - loss: 80158.4141 - rmse_equilateral: 283.1226 - val_loss: 333066.6875 - val_rmse_equilateral: 577.1193 - 59s/epoch - 38ms/step
Epoch 3/100
1563/1563 - 58s - loss: 65727.6797 - rmse_equilateral: 256.3741 - val_loss: 170354.0469 - val_rmse_equilateral: 412.7397 - 58s/epoch - 37ms/step
Epoch 4/100
1563/1563 - 56s - loss: 64515.6289 - rmse_equilateral: 253.9993 - val_loss: 114120.4766 - val_rmse_equilateral: 337.8172 - 56s/epoch - 36ms/step
Epoch 5/100
1563/1563 - 57s - loss: 58313.4766 - rmse_equilateral: 241.4818 - val_loss: 158055.7500 - val_rmse_equilateral: 397.5623 - 57s/epoch - 36ms/step
Epoch 6/100
1563/1563 - 56s - loss: 54543.8711 - rmse_equilateral: 233.5463 - val_loss: 172035.0781 - val_rmse_equilateral: 414.7711 - 56s/epoch - 36ms/step
Epoch 7/100
1563/1563 - 57s - loss: 52497.5977 - rmse_equilateral: 229.1235 - val_loss: 213848.0156 - val_rmse_equilateral: 462.4370 - 57s/epoch - 36ms/step
Epoch 8/100
1563/1563 - 56s - loss: 54596.7148 - rmse_equilateral: 233.6594 - val_loss: 125053.2734 - val_rmse_equilateral: 353.6287 - 56s/epoch - 36ms/step
Epoch 9/100
1563/1563 - 58s - loss: 50898.3086 - rmse_equilateral: 225.6065 - val_loss: 116201.0625 - val_rmse_equilateral: 340.8828 - 58s/epoch - 37ms/step
Epoch 10/100
1563/1563 - 56s - loss: 47511.3789 - rmse_equilateral: 217.9711 - val_loss: 124867.6953 - val_rmse_equilateral: 353.3662 - 56s/epoch - 36ms/step
Epoch 11/100
1563/1563 - 56s - loss: 44217.2734 - rmse_equilateral: 210.2790 - val_loss: 124578.3906 - val_rmse_equilateral: 352.9566 - 56s/epoch - 36ms/step
Epoch 12/100
1563/1563 - 58s - loss: 41359.3438 - rmse_equilateral: 203.3700 - val_loss: 133239.2500 - val_rmse_equilateral: 365.0195 - 58s/epoch - 37ms/step
Epoch 13/100
1563/1563 - 56s - loss: 39266.2109 - rmse_equilateral: 198.1570 - val_loss: 131729.1875 - val_rmse_equilateral: 362.9452 - 56s/epoch - 36ms/step
Epoch 14/100
1563/1563 - 56s - loss: 37734.7891 - rmse_equilateral: 194.2544 - val_loss: 110786.7500 - val_rmse_equilateral: 332.8464 - 56s/epoch - 36ms/step
Epoch 15/100
1563/1563 - 57s - loss: 37071.2930 - rmse_equilateral: 192.5391 - val_loss: 192257.3125 - val_rmse_equilateral: 438.4716 - 57s/epoch - 36ms/step
Epoch 16/100
1563/1563 - 58s - loss: 40821.9531 - rmse_equilateral: 202.0444 - val_loss: 141436.1719 - val_rmse_equilateral: 376.0800 - 58s/epoch - 37ms/step
Epoch 17/100
1563/1563 - 56s - loss: 38826.6406 - rmse_equilateral: 197.0448 - val_loss: 165599.0781 - val_rmse_equilateral: 406.9387 - 56s/epoch - 36ms/step
Epoch 18/100
1563/1563 - 57s - loss: 36932.2500 - rmse_equilateral: 192.1776 - val_loss: 134127.5781 - val_rmse_equilateral: 366.2343 - 57s/epoch - 36ms/step
Epoch 19/100
1563/1563 - 56s - loss: 35131.2422 - rmse_equilateral: 187.4333 - val_loss: 141745.7656 - val_rmse_equilateral: 376.4914 - 56s/epoch - 36ms/step
Epoch 20/100
1563/1563 - 57s - loss: 33373.1875 - rmse_equilateral: 182.6833 - val_loss: 118334.0000 - val_rmse_equilateral: 343.9971 - 57s/epoch - 37ms/step
Epoch 21/100
1563/1563 - 56s - loss: 31666.2012 - rmse_equilateral: 177.9500 - val_loss: 116162.8125 - val_rmse_equilateral: 340.8267 - 56s/epoch - 36ms/step
Epoch 22/100
1563/1563 - 57s - loss: 30079.4551 - rmse_equilateral: 173.4343 - val_loss: 116793.2422 - val_rmse_equilateral: 341.7502 - 57s/epoch - 37ms/step
Epoch 23/100
1563/1563 - 56s - loss: 28686.5605 - rmse_equilateral: 169.3711 - val_loss: 129459.1484 - val_rmse_equilateral: 359.8043 - 56s/epoch - 36ms/step
Epoch 24/100
1563/1563 - 57s - loss: 27575.6074 - rmse_equilateral: 166.0591 - val_loss: 124324.1953 - val_rmse_equilateral: 352.5963 - 57s/epoch - 37ms/step
Epoch 25/100
1563/1563 - 57s - loss: 26510.2637 - rmse_equilateral: 162.8197 - val_loss: 130512.5625 - val_rmse_equilateral: 361.2652 - 57s/epoch - 36ms/step
Epoch 26/100
1563/1563 - 56s - loss: 25733.8242 - rmse_equilateral: 160.4176 - val_loss: 124159.8828 - val_rmse_equilateral: 352.3633 - 56s/epoch - 36ms/step
Epoch 27/100
1563/1563 - 58s - loss: 24983.4121 - rmse_equilateral: 158.0614 - val_loss: 122756.3359 - val_rmse_equilateral: 350.3660 - 58s/epoch - 37ms/step
Epoch 28/100
1563/1563 - 56s - loss: 24501.0840 - rmse_equilateral: 156.5282 - val_loss: 112663.0391 - val_rmse_equilateral: 335.6531 - 56s/epoch - 36ms/step
Epoch 29/100
1563/1563 - 58s - loss: 24081.4688 - rmse_equilateral: 155.1821 - val_loss: 109657.1172 - val_rmse_equilateral: 331.1451 - 58s/epoch - 37ms/step
Epoch 30/100
1563/1563 - 57s - loss: 23964.6309 - rmse_equilateral: 154.8051 - val_loss: 109642.9922 - val_rmse_equilateral: 331.1238 - 57s/epoch - 37ms/step
Epoch 31/100
1563/1563 - 57s - loss: 23688.8477 - rmse_equilateral: 153.9118 - val_loss: 125114.3672 - val_rmse_equilateral: 353.7151 - 57s/epoch - 37ms/step
Epoch 32/100
1563/1563 - 56s - loss: 27548.0645 - rmse_equilateral: 165.9761 - val_loss: 118187.0859 - val_rmse_equilateral: 343.7835 - 56s/epoch - 36ms/step
Epoch 33/100
1563/1563 - 56s - loss: 26378.9922 - rmse_equilateral: 162.4161 - val_loss: 117219.5078 - val_rmse_equilateral: 342.3734 - 56s/epoch - 36ms/step
Epoch 34/100
1563/1563 - 57s - loss: 25302.8398 - rmse_equilateral: 159.0687 - val_loss: 117256.4062 - val_rmse_equilateral: 342.4272 - 57s/epoch - 37ms/step
Epoch 35/100
1563/1563 - 56s - loss: 24360.9043 - rmse_equilateral: 156.0798 - val_loss: 122471.8594 - val_rmse_equilateral: 349.9598 - 56s/epoch - 36ms/step
Epoch 36/100
1563/1563 - 59s - loss: 23313.9707 - rmse_equilateral: 152.6891 - val_loss: 118422.0000 - val_rmse_equilateral: 344.1250 - 59s/epoch - 38ms/step
Epoch 37/100
1563/1563 - 55s - loss: 22538.3125 - rmse_equilateral: 150.1277 - val_loss: 116553.1875 - val_rmse_equilateral: 341.3989 - 55s/epoch - 35ms/step
Epoch 38/100
1563/1563 - 57s - loss: 21753.0527 - rmse_equilateral: 147.4892 - val_loss: 113974.1094 - val_rmse_equilateral: 337.6005 - 57s/epoch - 36ms/step
Epoch 39/100
1563/1563 - 57s - loss: 20995.1641 - rmse_equilateral: 144.8971 - val_loss: 117684.0469 - val_rmse_equilateral: 343.0511 - 57s/epoch - 36ms/step
Epoch 40/100
1563/1563 - 58s - loss: 20210.4707 - rmse_equilateral: 142.1635 - val_loss: 113821.1875 - val_rmse_equilateral: 337.3740 - 58s/epoch - 37ms/step
Epoch 41/100
1563/1563 - 56s - loss: 19809.1133 - rmse_equilateral: 140.7448 - val_loss: 113628.7969 - val_rmse_equilateral: 337.0887 - 56s/epoch - 36ms/step
Epoch 42/100
1563/1563 - 56s - loss: 19165.8516 - rmse_equilateral: 138.4408 - val_loss: 114734.7344 - val_rmse_equilateral: 338.7252 - 56s/epoch - 36ms/step
Epoch 43/100
1563/1563 - 57s - loss: 18792.9336 - rmse_equilateral: 137.0873 - val_loss: 120002.8672 - val_rmse_equilateral: 346.4143 - 57s/epoch - 36ms/step
Epoch 44/100
1563/1563 - 56s - loss: 18349.8359 - rmse_equilateral: 135.4616 - val_loss: 118346.4688 - val_rmse_equilateral: 344.0152 - 56s/epoch - 36ms/step
Epoch 45/100
1563/1563 - 56s - loss: 18161.6484 - rmse_equilateral: 134.7652 - val_loss: 118685.9297 - val_rmse_equilateral: 344.5082 - 56s/epoch - 36ms/step
Epoch 46/100
1563/1563 - 58s - loss: 18038.6328 - rmse_equilateral: 134.3080 - val_loss: 120080.7422 - val_rmse_equilateral: 346.5267 - 58s/epoch - 37ms/step
05-Feb-26 11:02:03 - __main__ - INFO - Training complete! Best val_loss: 109642.992188
wandb:                                                                                
wandb: 
wandb: Run history:
wandb:                epoch/epoch ▁▁▁▁▂▂▂▂▂▃▃▃▃▃▄▄▄▄▄▄▅▅▅▅▅▅▆▆▆▆▆▇▇▇▇▇████
wandb:        epoch/learning_rate █▄█▇▄▂▇▆▅▄▃▂▁▇▇▇▆▆▅▅▃▃▂▂▁▁▁▇▇▇▇▇▆▆▆▆▅▅▅▅
wandb:                 epoch/loss █▅▄▄▄▃▃▃▃▃▃▂▂▂▂▂▂▂▂▂▂▂▁▁▁▁▁▂▂▁▁▁▁▁▁▁▁▁▁▁
wandb:     epoch/rmse_equilateral █▆▅▅▄▄▄▄▄▃▃▃▃▃▃▃▃▃▂▂▂▂▂▂▂▂▂▂▂▂▂▂▁▁▁▁▁▁▁▁
wandb:             epoch/val_loss ▄█▃▁▃▃▄▁▁▁▂▂▁▄▃▂▂▁▁▁▁▂▁▁▁▁▁▁▁▁▁▁▁▁▁▁▁▁▁▁
wandb: epoch/val_rmse_equilateral ▄█▃▁▃▃▅▁▂▂▂▂▁▄▃▂▂▁▁▁▂▂▂▂▁▁▁▁▁▁▂▁▁▁▁▁▁▁▁▁
wandb: 
wandb: Run summary:
wandb:                epoch/epoch 45
wandb:        epoch/learning_rate 0.00022
wandb:                 epoch/loss 18038.63281
wandb:     epoch/rmse_equilateral 134.30798
wandb:             epoch/val_loss 120080.74219
wandb: epoch/val_rmse_equilateral 346.52667
wandb: 
wandb: 🚀 View run chocolate-water-2287 at: https://wandb.ai/mlpng/mlpng/runs/1ks6vvth
wandb: ⭐️ View project at: https://wandb.ai/mlpng/mlpng
wandb: Synced 5 W&B file(s), 0 media file(s), 0 artifact file(s) and 0 other file(s)
wandb: Find logs at: ./wandb/run-20260205_101742-1ks6vvth/logs
2026-02-05 11:02:04.903762: W tensorflow/core/grappler/optimizers/data/auto_shard.cc:553] The `assert_cardinality` transformation is currently not handled by the auto-shard rewrite and will be removed.

Test Set Performance Summary
================================================================================
      Shape        MAE       RMSE  RMSE/Sigma  Correlation
equilateral 266.108612 340.806305    1.103718     0.830607
================================================================================
05-Feb-26 11:02:10 - __main__ - INFO - Saved training history plot: data/plots/l191_n64_T_10000_p1.0/385510/trainer/loss.png
05-Feb-26 11:02:12 - __main__ - INFO - Saved evaluation plot: data/plots/l191_n64_T_10000_p1.0/385510/trainer/evaluation.png
05-Feb-26 11:02:13 - __main__ - INFO - Saved evaluation plot: data/plots/l191_n64_T_10000_p1.0/385510/trainer/restricted.png

real	49m56.183s
user	0m0.005s
sys	0m0.096s
