Running trainer with module mlpng.neo_trainer on bcm-dgxa100-0011
2026-02-05 10:12:30.945883: E external/local_xla/xla/stream_executor/cuda/cuda_dnn.cc:9261] Unable to register cuDNN factory: Attempting to register factory for plugin cuDNN when one has already been registered
2026-02-05 10:12:30.945939: E external/local_xla/xla/stream_executor/cuda/cuda_fft.cc:607] Unable to register cuFFT factory: Attempting to register factory for plugin cuFFT when one has already been registered
2026-02-05 10:12:30.947080: E external/local_xla/xla/stream_executor/cuda/cuda_blas.cc:1515] Unable to register cuBLAS factory: Attempting to register factory for plugin cuBLAS when one has already been registered
2026-02-05 10:12:30.953289: I tensorflow/core/platform/cpu_feature_guard.cc:182] This TensorFlow binary is optimized to use available CPU instructions in performance-critical operations.
To enable the following instructions: AVX2 FMA, in other operations, rebuild TensorFlow with the appropriate compiler flags.
2026-02-05 10:12:32.196612: W tensorflow/compiler/tf2tensorrt/utils/py_utils.cc:38] TF-TRT Warning: Could not find TensorRT
05-Feb-26 10:12:35 - __main__ - DEBUG - Core arguments: ['settings/n64.json', '--nsims', '10000', '--phi_scale', '1', '--shapes', 'orthogonal', '--fnl_range', '-1000', '1000']
2026-02-05 10:12:36.525355: I tensorflow/core/common_runtime/gpu/gpu_device.cc:1929] Created device /job:localhost/replica:0/task:0/device:GPU:0 with 79194 MB memory:  -> device: 0, name: NVIDIA A100-SXM4-80GB, pci bus id: 0000:07:00.0, compute capability: 8.0
2026-02-05 10:12:36.527075: I tensorflow/core/common_runtime/gpu/gpu_device.cc:1929] Created device /job:localhost/replica:0/task:0/device:GPU:1 with 79194 MB memory:  -> device: 1, name: NVIDIA A100-SXM4-80GB, pci bus id: 0000:0f:00.0, compute capability: 8.0
2026-02-05 10:12:36.528591: I tensorflow/core/common_runtime/gpu/gpu_device.cc:1929] Created device /job:localhost/replica:0/task:0/device:GPU:2 with 79194 MB memory:  -> device: 2, name: NVIDIA A100-SXM4-80GB, pci bus id: 0000:47:00.0, compute capability: 8.0
2026-02-05 10:12:36.530090: I tensorflow/core/common_runtime/gpu/gpu_device.cc:1929] Created device /job:localhost/replica:0/task:0/device:GPU:3 with 79194 MB memory:  -> device: 3, name: NVIDIA A100-SXM4-80GB, pci bus id: 0000:4e:00.0, compute capability: 8.0
INFO:tensorflow:Using MirroredStrategy with devices ('/job:localhost/replica:0/task:0/device:GPU:0', '/job:localhost/replica:0/task:0/device:GPU:1', '/job:localhost/replica:0/task:0/device:GPU:2', '/job:localhost/replica:0/task:0/device:GPU:3')
05-Feb-26 10:12:36 - tensorflow - INFO - Using MirroredStrategy with devices ('/job:localhost/replica:0/task:0/device:GPU:0', '/job:localhost/replica:0/task:0/device:GPU:1', '/job:localhost/replica:0/task:0/device:GPU:2', '/job:localhost/replica:0/task:0/device:GPU:3')
05-Feb-26 10:12:36 - __main__ - INFO - Using MirroredStrategy with 4 device(s)
05-Feb-26 10:12:36 - __main__ - DEBUG - [Before Core initialization] Memory - RSS: 1.11 GB, VMS: 28.39 GB
05-Feb-26 10:12:36 - mlpng.core - DEBUG - Parsing CLI args: ['settings/n64.json', '--nsims', '10000', '--phi_scale', '1', '--shapes', 'orthogonal', '--fnl_range', '-1000', '1000']
05-Feb-26 10:12:36 - mlpng.core - INFO - Loading settings from file 'settings/n64.json'
05-Feb-26 10:12:36 - mlpng.core - DEBUG - Forcing setting 'nsims' to 10000 due to CLI
05-Feb-26 10:12:36 - mlpng.core - DEBUG - Forcing setting 'fnl_range' to [-1000, 1000] due to CLI
05-Feb-26 10:12:36 - mlpng.core - DEBUG - Forcing setting 'phi_scale' to 1.0 due to CLI
05-Feb-26 10:12:36 - mlpng.core - DEBUG - Forcing setting 'shapes' to ['orthogonal'] due to CLI
05-Feb-26 10:12:36 - mlpng.core - DEBUG - Forcing setting 'tf_cache' to True due to CLI
05-Feb-26 10:12:36 - mlpng.core - DEBUG - Forcing setting 'tf_mem_cache' to True due to CLI
05-Feb-26 10:12:36 - mlpng.core - DEBUG - Overriding cosmo param 'As' from 2.13e-09 to 2.105e-09
05-Feb-26 10:12:36 - mlpng.core - DEBUG - Overriding cosmo param 'ns' from 0.9624 to 0.965
05-Feb-26 10:12:36 - mlpng.core - DEBUG - Running with settings: 
{
  "cosmo_params": {
    "As": 2.105e-09,
    "ns": 0.965,
    "pivot_scalar": 0.05,
    "H0": 67.4,
    "ombh2": 0.0224,
    "omch2": 0.12,
    "tau": 0.054
  },
  "nsims": 10000,
  "nside": 64,
  "fnl_range": [
    -1000,
    1000
  ],
  "phi_scale": 1.0,
  "shapes": [
    "orthogonal"
  ],
  "tf_cache": true,
  "tf_mem_cache": true
}
05-Feb-26 10:12:36 - mlpng.core - DEBUG - slurm: Slurm(self.name='trainer', self.job=385511, self.array=0, self.array_index=-1, self.task_count=0, self.is_main=True, self.n_cpus=32)
05-Feb-26 10:12:36 - mlpng.core - DEBUG - Using seed: 725815108
05-Feb-26 10:12:36 - mlpng.core - DEBUG - Found non-default value for 'nside': 64 (default: 128)
05-Feb-26 10:12:36 - mlpng.core - DEBUG - Found non-default value for 'nsims': 10000 (default: 100)
05-Feb-26 10:12:36 - mlpng.core - DEBUG - Found non-default value for 'fnl_range': [-1000, 1000] (default: (-1000, 1000))
05-Feb-26 10:12:36 - mlpng.core - DEBUG - Found non-default value for 'shapes': ['orthogonal'] (default: 'all')
05-Feb-26 10:12:36 - __main__ - DEBUG - [After Core initialization] Memory - RSS: 1.11 GB, VMS: 28.39 GB
05-Feb-26 10:12:36 - __main__ - INFO - Sigma values: [163.97851947]
05-Feb-26 10:12:36 - __main__ - INFO - Decay steps: 1562.0
05-Feb-26 10:12:46 - mlpng.utils.dataloaders - DEBUG - Error information from 'data/data/l191_n64_T_10000_p1.0.hdf5'...
05-Feb-26 10:12:46 - mlpng.utils.dataloaders - DEBUG - Fisher Matrix: [ 4.5728404e-04  1.5810940e-05 -7.7885117e-05]
05-Feb-26 10:12:46 - mlpng.utils.dataloaders - DEBUG - Marginal Likelihoods: 75.519325
05-Feb-26 10:12:46 - mlpng.utils.dataloaders - DEBUG - Fisher for shape orthogonal: 3.7071648e-05, std div: 164.24004942458566
05-Feb-26 10:12:46 - __main__ - DEBUG - [After KappaDataset creation] Memory - RSS: 1.31 GB, VMS: 28.59 GB
05-Feb-26 10:12:46 - mlpng.utils.dataloaders - DEBUG - Splitting 'data/data/l191_n64_T_10000_p1.0.hdf5' into train: 0:8000 (8000), val: 8000:9000 (1000), test: 9000:10000 (1000)
05-Feb-26 10:12:46 - mlpng.utils.dataloaders - DEBUG - Using cache file: '/lustre/smuexa01/client/users/stevensonb/tf_cache/n64_orthogonal-train.cache'
05-Feb-26 10:12:46 - mlpng.utils.dataloaders - DEBUG - Using cache file: '/lustre/smuexa01/client/users/stevensonb/tf_cache/n64_orthogonal-val.cache'
05-Feb-26 10:12:46 - mlpng.utils.dataloaders - DEBUG - Using cache file: '/lustre/smuexa01/client/users/stevensonb/tf_cache/n64_orthogonal-test.cache'
05-Feb-26 10:12:46 - __main__ - DEBUG - [After dataset split] Memory - RSS: 1.31 GB, VMS: 28.59 GB
05-Feb-26 10:12:46 - __main__ - DEBUG - Generating train cache
05-Feb-26 10:13:38 - __main__ - DEBUG -   processed 0 batches
05-Feb-26 10:13:39 - __main__ - DEBUG -   processed 10 batches
05-Feb-26 10:13:40 - __main__ - DEBUG -   processed 20 batches
05-Feb-26 10:13:40 - __main__ - DEBUG -   processed 30 batches
05-Feb-26 10:13:41 - __main__ - DEBUG -   processed 40 batches
05-Feb-26 10:13:42 - __main__ - DEBUG -   processed 50 batches
05-Feb-26 10:13:42 - __main__ - DEBUG -   processed 60 batches
05-Feb-26 10:13:44 - __main__ - DEBUG -   processed 70 batches
05-Feb-26 10:13:45 - __main__ - DEBUG -   processed 80 batches
05-Feb-26 10:14:01 - __main__ - DEBUG -   processed 90 batches
05-Feb-26 10:14:01 - __main__ - DEBUG -   processed 100 batches
05-Feb-26 10:14:02 - __main__ - DEBUG -   processed 110 batches
05-Feb-26 10:14:03 - __main__ - DEBUG -   processed 120 batches
05-Feb-26 10:14:04 - __main__ - DEBUG -   processed 130 batches
05-Feb-26 10:14:04 - __main__ - DEBUG -   processed 140 batches
05-Feb-26 10:14:05 - __main__ - DEBUG -   processed 150 batches
05-Feb-26 10:14:06 - __main__ - DEBUG -   processed 160 batches
05-Feb-26 10:14:06 - __main__ - DEBUG -   processed 170 batches
05-Feb-26 10:14:07 - __main__ - DEBUG -   processed 180 batches
05-Feb-26 10:14:08 - __main__ - DEBUG -   processed 190 batches
05-Feb-26 10:14:13 - __main__ - DEBUG -   processed 200 batches
05-Feb-26 10:14:14 - __main__ - DEBUG -   processed 210 batches
05-Feb-26 10:14:15 - __main__ - DEBUG -   processed 220 batches
05-Feb-26 10:14:16 - __main__ - DEBUG -   processed 230 batches
05-Feb-26 10:14:17 - __main__ - DEBUG -   processed 240 batches
05-Feb-26 10:14:18 - __main__ - DEBUG -   processed 250 batches
05-Feb-26 10:14:18 - __main__ - DEBUG -   processed 260 batches
05-Feb-26 10:14:19 - __main__ - DEBUG -   processed 270 batches
05-Feb-26 10:14:20 - __main__ - DEBUG -   processed 280 batches
05-Feb-26 10:14:21 - __main__ - DEBUG -   processed 290 batches
05-Feb-26 10:14:22 - __main__ - DEBUG -   processed 300 batches
05-Feb-26 10:14:22 - __main__ - DEBUG -   processed 310 batches
05-Feb-26 10:14:23 - __main__ - DEBUG -   processed 320 batches
05-Feb-26 10:14:24 - __main__ - DEBUG -   processed 330 batches
05-Feb-26 10:14:25 - __main__ - DEBUG -   processed 340 batches
05-Feb-26 10:14:26 - __main__ - DEBUG -   processed 350 batches
05-Feb-26 10:14:26 - __main__ - DEBUG -   processed 360 batches
05-Feb-26 10:14:27 - __main__ - DEBUG -   processed 370 batches
05-Feb-26 10:14:28 - __main__ - DEBUG -   processed 380 batches
05-Feb-26 10:14:29 - __main__ - DEBUG -   processed 390 batches
05-Feb-26 10:14:29 - __main__ - DEBUG -   processed 400 batches
05-Feb-26 10:14:30 - __main__ - DEBUG -   processed 410 batches
05-Feb-26 10:14:31 - __main__ - DEBUG -   processed 420 batches
05-Feb-26 10:14:32 - __main__ - DEBUG -   processed 430 batches
05-Feb-26 10:14:32 - __main__ - DEBUG -   processed 440 batches
05-Feb-26 10:14:34 - __main__ - DEBUG -   processed 450 batches
05-Feb-26 10:14:34 - __main__ - DEBUG -   processed 460 batches
05-Feb-26 10:14:34 - __main__ - DEBUG -   processed 470 batches
05-Feb-26 10:14:36 - __main__ - DEBUG -   processed 480 batches
05-Feb-26 10:14:36 - __main__ - DEBUG -   processed 490 batches
05-Feb-26 10:14:37 - __main__ - DEBUG -   processed 500 batches
05-Feb-26 10:14:38 - __main__ - DEBUG -   processed 510 batches
05-Feb-26 10:14:39 - __main__ - DEBUG -   processed 520 batches
05-Feb-26 10:14:39 - __main__ - DEBUG -   processed 530 batches
05-Feb-26 10:14:40 - __main__ - DEBUG -   processed 540 batches
05-Feb-26 10:14:41 - __main__ - DEBUG -   processed 550 batches
05-Feb-26 10:14:41 - __main__ - DEBUG -   processed 560 batches
05-Feb-26 10:14:42 - __main__ - DEBUG -   processed 570 batches
05-Feb-26 10:14:43 - __main__ - DEBUG -   processed 580 batches
05-Feb-26 10:14:44 - __main__ - DEBUG -   processed 590 batches
05-Feb-26 10:14:45 - __main__ - DEBUG -   processed 600 batches
05-Feb-26 10:14:45 - __main__ - DEBUG -   processed 610 batches
05-Feb-26 10:14:46 - __main__ - DEBUG -   processed 620 batches
05-Feb-26 10:14:48 - __main__ - DEBUG -   processed 630 batches
05-Feb-26 10:14:49 - __main__ - DEBUG -   processed 640 batches
05-Feb-26 10:14:50 - __main__ - DEBUG -   processed 650 batches
05-Feb-26 10:14:51 - __main__ - DEBUG -   processed 660 batches
05-Feb-26 10:14:52 - __main__ - DEBUG -   processed 670 batches
05-Feb-26 10:14:55 - __main__ - DEBUG -   processed 680 batches
05-Feb-26 10:14:56 - __main__ - DEBUG -   processed 690 batches
05-Feb-26 10:14:56 - __main__ - DEBUG -   processed 700 batches
05-Feb-26 10:14:56 - __main__ - DEBUG -   processed 710 batches
05-Feb-26 10:14:58 - __main__ - DEBUG -   processed 720 batches
05-Feb-26 10:14:59 - __main__ - DEBUG -   processed 730 batches
05-Feb-26 10:15:00 - __main__ - DEBUG -   processed 740 batches
05-Feb-26 10:15:02 - __main__ - DEBUG -   processed 750 batches
05-Feb-26 10:15:02 - __main__ - DEBUG -   processed 760 batches
05-Feb-26 10:15:03 - __main__ - DEBUG -   processed 770 batches
05-Feb-26 10:15:05 - __main__ - DEBUG -   processed 780 batches
05-Feb-26 10:15:06 - __main__ - DEBUG -   processed 790 batches
05-Feb-26 10:15:07 - __main__ - DEBUG -   processed 800 batches
05-Feb-26 10:15:08 - __main__ - DEBUG -   processed 810 batches
05-Feb-26 10:15:09 - __main__ - DEBUG -   processed 820 batches
05-Feb-26 10:15:10 - __main__ - DEBUG -   processed 830 batches
05-Feb-26 10:15:12 - __main__ - DEBUG -   processed 840 batches
05-Feb-26 10:15:13 - __main__ - DEBUG -   processed 850 batches
05-Feb-26 10:15:13 - __main__ - DEBUG -   processed 860 batches
05-Feb-26 10:15:15 - __main__ - DEBUG -   processed 870 batches
05-Feb-26 10:15:16 - __main__ - DEBUG -   processed 880 batches
05-Feb-26 10:15:18 - __main__ - DEBUG -   processed 890 batches
05-Feb-26 10:15:19 - __main__ - DEBUG -   processed 900 batches
05-Feb-26 10:15:20 - __main__ - DEBUG -   processed 910 batches
05-Feb-26 10:15:21 - __main__ - DEBUG -   processed 920 batches
05-Feb-26 10:15:23 - __main__ - DEBUG -   processed 930 batches
05-Feb-26 10:15:24 - __main__ - DEBUG -   processed 940 batches
05-Feb-26 10:15:25 - __main__ - DEBUG -   processed 950 batches
05-Feb-26 10:15:26 - __main__ - DEBUG -   processed 960 batches
05-Feb-26 10:15:27 - __main__ - DEBUG -   processed 970 batches
05-Feb-26 10:15:28 - __main__ - DEBUG -   processed 980 batches
05-Feb-26 10:15:30 - __main__ - DEBUG -   processed 990 batches
05-Feb-26 10:15:32 - __main__ - DEBUG -   processed 1000 batches
05-Feb-26 10:15:32 - __main__ - DEBUG -   processed 1010 batches
05-Feb-26 10:15:33 - __main__ - DEBUG -   processed 1020 batches
05-Feb-26 10:15:35 - __main__ - DEBUG -   processed 1030 batches
05-Feb-26 10:15:36 - __main__ - DEBUG -   processed 1040 batches
05-Feb-26 10:15:38 - __main__ - DEBUG -   processed 1050 batches
05-Feb-26 10:15:38 - __main__ - DEBUG -   processed 1060 batches
05-Feb-26 10:15:39 - __main__ - DEBUG -   processed 1070 batches
05-Feb-26 10:15:41 - __main__ - DEBUG -   processed 1080 batches
05-Feb-26 10:15:42 - __main__ - DEBUG -   processed 1090 batches
05-Feb-26 10:15:44 - __main__ - DEBUG -   processed 1100 batches
05-Feb-26 10:15:44 - __main__ - DEBUG -   processed 1110 batches
05-Feb-26 10:15:46 - __main__ - DEBUG -   processed 1120 batches
05-Feb-26 10:15:47 - __main__ - DEBUG -   processed 1130 batches
05-Feb-26 10:15:48 - __main__ - DEBUG -   processed 1140 batches
05-Feb-26 10:15:50 - __main__ - DEBUG -   processed 1150 batches
05-Feb-26 10:15:50 - __main__ - DEBUG -   processed 1160 batches
05-Feb-26 10:15:51 - __main__ - DEBUG -   processed 1170 batches
05-Feb-26 10:15:53 - __main__ - DEBUG -   processed 1180 batches
05-Feb-26 10:15:54 - __main__ - DEBUG -   processed 1190 batches
05-Feb-26 10:15:55 - __main__ - DEBUG -   processed 1200 batches
05-Feb-26 10:15:56 - __main__ - DEBUG -   processed 1210 batches
05-Feb-26 10:15:57 - __main__ - DEBUG -   processed 1220 batches
05-Feb-26 10:15:58 - __main__ - DEBUG -   processed 1230 batches
05-Feb-26 10:16:00 - __main__ - DEBUG -   processed 1240 batches
05-Feb-26 10:16:01 - __main__ - DEBUG -   processed 1250 batches
05-Feb-26 10:16:01 - __main__ - DEBUG -   processed 1260 batches
05-Feb-26 10:16:03 - __main__ - DEBUG -   processed 1270 batches
05-Feb-26 10:16:04 - __main__ - DEBUG -   processed 1280 batches
05-Feb-26 10:16:05 - __main__ - DEBUG -   processed 1290 batches
05-Feb-26 10:16:06 - __main__ - DEBUG -   processed 1300 batches
05-Feb-26 10:16:07 - __main__ - DEBUG -   processed 1310 batches
05-Feb-26 10:16:08 - __main__ - DEBUG -   processed 1320 batches
05-Feb-26 10:16:09 - __main__ - DEBUG -   processed 1330 batches
05-Feb-26 10:16:11 - __main__ - DEBUG -   processed 1340 batches
05-Feb-26 10:16:12 - __main__ - DEBUG -   processed 1350 batches
05-Feb-26 10:16:12 - __main__ - DEBUG -   processed 1360 batches
05-Feb-26 10:16:13 - __main__ - DEBUG -   processed 1370 batches
05-Feb-26 10:16:15 - __main__ - DEBUG -   processed 1380 batches
05-Feb-26 10:16:16 - __main__ - DEBUG -   processed 1390 batches
05-Feb-26 10:16:17 - __main__ - DEBUG -   processed 1400 batches
05-Feb-26 10:16:17 - __main__ - DEBUG -   processed 1410 batches
05-Feb-26 10:16:19 - __main__ - DEBUG -   processed 1420 batches
05-Feb-26 10:16:20 - __main__ - DEBUG -   processed 1430 batches
05-Feb-26 10:16:21 - __main__ - DEBUG -   processed 1440 batches
05-Feb-26 10:16:22 - __main__ - DEBUG -   processed 1450 batches
05-Feb-26 10:16:23 - __main__ - DEBUG -   processed 1460 batches
05-Feb-26 10:16:24 - __main__ - DEBUG -   processed 1470 batches
05-Feb-26 10:16:25 - __main__ - DEBUG -   processed 1480 batches
05-Feb-26 10:16:26 - __main__ - DEBUG -   processed 1490 batches
05-Feb-26 10:16:27 - __main__ - DEBUG -   processed 1500 batches
05-Feb-26 10:16:28 - __main__ - DEBUG -   processed 1510 batches
05-Feb-26 10:16:29 - __main__ - DEBUG -   processed 1520 batches
05-Feb-26 10:16:30 - __main__ - DEBUG -   processed 1530 batches
05-Feb-26 10:16:31 - __main__ - DEBUG -   processed 1540 batches
05-Feb-26 10:16:32 - __main__ - DEBUG -   processed 1550 batches
05-Feb-26 10:16:33 - __main__ - DEBUG -   processed 1560 batches
2026-02-05 10:16:34.524135: W tensorflow/core/kernels/data/cache_dataset_ops.cc:302] The calling iterator did not fully read the dataset being cached. In order to avoid unexpected truncation of the dataset, the partially cached contents of the dataset  will be discarded. This can happen if you have an input pipeline similar to `dataset.cache().take(k).repeat()`. You should use `dataset.take(k).cache().repeat()` instead.
05-Feb-26 10:16:34 - __main__ - DEBUG - [After train_ds caching] Memory - RSS: 18.35 GB, VMS: 49.85 GB
05-Feb-26 10:16:34 - __main__ - DEBUG - Generating val cache
2026-02-05 10:17:08.459008: W tensorflow/core/kernels/data/cache_dataset_ops.cc:302] The calling iterator did not fully read the dataset being cached. In order to avoid unexpected truncation of the dataset, the partially cached contents of the dataset  will be discarded. This can happen if you have an input pipeline similar to `dataset.cache().take(k).repeat()`. You should use `dataset.take(k).cache().repeat()` instead.
05-Feb-26 10:17:08 - __main__ - DEBUG - [After val_ds caching] Memory - RSS: 3.48 GB, VMS: 34.91 GB
05-Feb-26 10:17:08 - __main__ - DEBUG - Generating test cache
2026-02-05 10:17:34.335459: W tensorflow/core/kernels/data/cache_dataset_ops.cc:302] The calling iterator did not fully read the dataset being cached. In order to avoid unexpected truncation of the dataset, the partially cached contents of the dataset  will be discarded. This can happen if you have an input pipeline similar to `dataset.cache().take(k).repeat()`. You should use `dataset.take(k).cache().repeat()` instead.
05-Feb-26 10:17:34 - __main__ - DEBUG - [After test_ds caching] Memory - RSS: 2.42 GB, VMS: 33.79 GB
05-Feb-26 10:17:34 - __main__ - DEBUG - train_ds per-batch: X=0.023 GB, Y=0.000 GB, Total=0.023 GB
05-Feb-26 10:17:34 - __main__ - DEBUG - val_ds per-batch: X=0.023 GB, Y=0.000 GB, Total=0.023 GB
05-Feb-26 10:17:34 - __main__ - DEBUG - test_ds per-batch: X=0.023 GB, Y=0.000 GB, Total=0.023 GB
05-Feb-26 10:17:34 - __main__ - DEBUG - [Before model building] Memory - RSS: 2.37 GB, VMS: 33.54 GB
INFO:tensorflow:Reduce to /job:localhost/replica:0/task:0/device:CPU:0 then broadcast to ('/job:localhost/replica:0/task:0/device:CPU:0',).
05-Feb-26 10:17:39 - tensorflow - INFO - Reduce to /job:localhost/replica:0/task:0/device:CPU:0 then broadcast to ('/job:localhost/replica:0/task:0/device:CPU:0',).
INFO:tensorflow:Reduce to /job:localhost/replica:0/task:0/device:CPU:0 then broadcast to ('/job:localhost/replica:0/task:0/device:CPU:0',).
05-Feb-26 10:17:39 - tensorflow - INFO - Reduce to /job:localhost/replica:0/task:0/device:CPU:0 then broadcast to ('/job:localhost/replica:0/task:0/device:CPU:0',).
INFO:tensorflow:Reduce to /job:localhost/replica:0/task:0/device:CPU:0 then broadcast to ('/job:localhost/replica:0/task:0/device:CPU:0',).
05-Feb-26 10:17:39 - tensorflow - INFO - Reduce to /job:localhost/replica:0/task:0/device:CPU:0 then broadcast to ('/job:localhost/replica:0/task:0/device:CPU:0',).
INFO:tensorflow:Reduce to /job:localhost/replica:0/task:0/device:CPU:0 then broadcast to ('/job:localhost/replica:0/task:0/device:CPU:0',).
05-Feb-26 10:17:39 - tensorflow - INFO - Reduce to /job:localhost/replica:0/task:0/device:CPU:0 then broadcast to ('/job:localhost/replica:0/task:0/device:CPU:0',).
INFO:tensorflow:Reduce to /job:localhost/replica:0/task:0/device:CPU:0 then broadcast to ('/job:localhost/replica:0/task:0/device:CPU:0',).
05-Feb-26 10:17:39 - tensorflow - INFO - Reduce to /job:localhost/replica:0/task:0/device:CPU:0 then broadcast to ('/job:localhost/replica:0/task:0/device:CPU:0',).
INFO:tensorflow:Reduce to /job:localhost/replica:0/task:0/device:CPU:0 then broadcast to ('/job:localhost/replica:0/task:0/device:CPU:0',).
05-Feb-26 10:17:39 - tensorflow - INFO - Reduce to /job:localhost/replica:0/task:0/device:CPU:0 then broadcast to ('/job:localhost/replica:0/task:0/device:CPU:0',).
INFO:tensorflow:Reduce to /job:localhost/replica:0/task:0/device:CPU:0 then broadcast to ('/job:localhost/replica:0/task:0/device:CPU:0',).
05-Feb-26 10:17:40 - tensorflow - INFO - Reduce to /job:localhost/replica:0/task:0/device:CPU:0 then broadcast to ('/job:localhost/replica:0/task:0/device:CPU:0',).
INFO:tensorflow:Reduce to /job:localhost/replica:0/task:0/device:CPU:0 then broadcast to ('/job:localhost/replica:0/task:0/device:CPU:0',).
05-Feb-26 10:17:40 - tensorflow - INFO - Reduce to /job:localhost/replica:0/task:0/device:CPU:0 then broadcast to ('/job:localhost/replica:0/task:0/device:CPU:0',).
INFO:tensorflow:Reduce to /job:localhost/replica:0/task:0/device:CPU:0 then broadcast to ('/job:localhost/replica:0/task:0/device:CPU:0',).
05-Feb-26 10:17:40 - tensorflow - INFO - Reduce to /job:localhost/replica:0/task:0/device:CPU:0 then broadcast to ('/job:localhost/replica:0/task:0/device:CPU:0',).
INFO:tensorflow:Reduce to /job:localhost/replica:0/task:0/device:CPU:0 then broadcast to ('/job:localhost/replica:0/task:0/device:CPU:0',).
05-Feb-26 10:17:40 - tensorflow - INFO - Reduce to /job:localhost/replica:0/task:0/device:CPU:0 then broadcast to ('/job:localhost/replica:0/task:0/device:CPU:0',).
05-Feb-26 10:17:40 - __main__ - DEBUG - [After model building] Memory - RSS: 2.38 GB, VMS: 33.66 GB
05-Feb-26 10:17:40 - git.cmd - DEBUG - Popen(['git', 'rev-parse', '--show-toplevel'], cwd=/users/stevensonb/Research/MLPNG, stdin=None, shell=False, universal_newlines=False)
05-Feb-26 10:17:40 - urllib3.connectionpool - DEBUG - Starting new HTTPS connection (1): api.wandb.ai:443
05-Feb-26 10:17:40 - urllib3.connectionpool - DEBUG - https://api.wandb.ai:443 "POST /graphql HTTP/1.1" 200 None
05-Feb-26 10:17:41 - urllib3.connectionpool - DEBUG - https://api.wandb.ai:443 "POST /graphql HTTP/1.1" 200 376
wandb: Currently logged in as: jbrandons (mlpng) to https://api.wandb.ai. Use `wandb login --relogin` to force relogin
wandb: Using wandb-core as the SDK backend.  Please refer to https://wandb.me/wandb-core for more information.
05-Feb-26 10:17:41 - git.cmd - DEBUG - Popen(['git', 'cat-file', '--batch-check'], cwd=/users/stevensonb/Research/MLPNG, stdin=<valid stream>, shell=False, universal_newlines=False)
wandb: Tracking run with wandb version 0.19.6
wandb: Run data is saved locally in /users/stevensonb/Research/MLPNG/wandb/run-20260205_101741-6111g37u
wandb: Run `wandb offline` to turn off syncing.
wandb: Syncing run unique-dream-2286
wandb: ⭐️ View project at https://wandb.ai/mlpng/mlpng
wandb: 🚀 View run at https://wandb.ai/mlpng/mlpng/runs/6111g37u
2026-02-05 10:17:42.580238: I external/local_tsl/tsl/platform/default/subprocess.cc:304] Start cannot spawn child process: No such file or directory
Model: "task_conditioned_encoder"
_________________________________________________________________
 Layer (type)                Output Shape              Param #   
=================================================================
 lensed_maps (InputLayer)    [(None, 49152, 1)]        0         
                                                                 
 encoder_block (EncoderBloc  (None, 3072, 32)          320       
 k)                                                              
                                                                 
 encoder_block_1 (EncoderBl  (None, 192, 64)           14528     
 ock)                                                            
                                                                 
 encoder_block_2 (EncoderBl  (None, 12, 128)           57728     
 ock)                                                            
                                                                 
 flatten (Flatten)           (None, 1536)              0         
                                                                 
 task_specific_heads (TaskS  (None, 1)                 104641    
 pecificHeads)                                                   
                                                                 
=================================================================
Total params: 177217 (692.25 KB)
Trainable params: 176769 (690.50 KB)
Non-trainable params: 448 (1.75 KB)
_________________________________________________________________
05-Feb-26 10:17:43 - __main__ - DEBUG - [Before model.fit()] Memory - RSS: 2.32 GB, VMS: 33.64 GB
2026-02-05 10:17:43.061042: W tensorflow/core/grappler/optimizers/data/auto_shard.cc:553] The `assert_cardinality` transformation is currently not handled by the auto-shard rewrite and will be removed.
Epoch 1/100
INFO:tensorflow:Collective all_reduce tensors: 14 all_reduces, num_devices = 4, group_size = 4, implementation = CommunicationImplementation.NCCL, num_packs = 1
05-Feb-26 10:17:48 - tensorflow - INFO - Collective all_reduce tensors: 14 all_reduces, num_devices = 4, group_size = 4, implementation = CommunicationImplementation.NCCL, num_packs = 1
INFO:tensorflow:Collective all_reduce tensors: 14 all_reduces, num_devices = 4, group_size = 4, implementation = CommunicationImplementation.NCCL, num_packs = 1
05-Feb-26 10:17:57 - tensorflow - INFO - Collective all_reduce tensors: 14 all_reduces, num_devices = 4, group_size = 4, implementation = CommunicationImplementation.NCCL, num_packs = 1
2026-02-05 10:18:02.599619: I external/local_xla/xla/stream_executor/cuda/cuda_dnn.cc:454] Loaded cuDNN version 8904
2026-02-05 10:18:02.643198: I external/local_xla/xla/stream_executor/cuda/cuda_dnn.cc:454] Loaded cuDNN version 8904
2026-02-05 10:18:02.655660: I external/local_xla/xla/stream_executor/cuda/cuda_dnn.cc:454] Loaded cuDNN version 8904
2026-02-05 10:18:02.656997: I external/local_xla/xla/stream_executor/cuda/cuda_dnn.cc:454] Loaded cuDNN version 8904
2026-02-05 10:18:03.670484: I external/local_xla/xla/service/service.cc:168] XLA service 0x155291581e80 initialized for platform CUDA (this does not guarantee that XLA will be used). Devices:
2026-02-05 10:18:03.670525: I external/local_xla/xla/service/service.cc:176]   StreamExecutor device (0): NVIDIA A100-SXM4-80GB, Compute Capability 8.0
2026-02-05 10:18:03.670537: I external/local_xla/xla/service/service.cc:176]   StreamExecutor device (1): NVIDIA A100-SXM4-80GB, Compute Capability 8.0
2026-02-05 10:18:03.670545: I external/local_xla/xla/service/service.cc:176]   StreamExecutor device (2): NVIDIA A100-SXM4-80GB, Compute Capability 8.0
2026-02-05 10:18:03.670552: I external/local_xla/xla/service/service.cc:176]   StreamExecutor device (3): NVIDIA A100-SXM4-80GB, Compute Capability 8.0
2026-02-05 10:18:03.680972: I tensorflow/compiler/mlir/tensorflow/utils/dump_mlir_util.cc:269] disabling MLIR crash reproducer, set env var `MLIR_CRASH_REPRODUCER_DIRECTORY` to enable.
WARNING: All log messages before absl::InitializeLog() is called are written to STDERR
I0000 00:00:1770308283.754320 4120511 device_compiler.h:186] Compiled cluster using XLA!  This line is logged at most once for the lifetime of the process.
2026-02-05 10:18:59.684291: W tensorflow/core/grappler/optimizers/data/auto_shard.cc:553] The `assert_cardinality` transformation is currently not handled by the auto-shard rewrite and will be removed.
1563/1563 - 80s - loss: 44200.9805 - rmse_orthogonal: 210.2403 - val_loss: 57589.2109 - val_rmse_orthogonal: 239.9775 - 80s/epoch - 51ms/step
Epoch 2/100
1563/1563 - 57s - loss: 27773.6758 - rmse_orthogonal: 166.6544 - val_loss: 198270.3438 - val_rmse_orthogonal: 445.2756 - 57s/epoch - 37ms/step
Epoch 3/100
1563/1563 - 58s - loss: 25064.5430 - rmse_orthogonal: 158.3179 - val_loss: 172905.1094 - val_rmse_orthogonal: 415.8186 - 58s/epoch - 37ms/step
Epoch 4/100
1563/1563 - 58s - loss: 25757.1738 - rmse_orthogonal: 160.4904 - val_loss: 198405.2656 - val_rmse_orthogonal: 445.4271 - 58s/epoch - 37ms/step
Epoch 5/100
1563/1563 - 59s - loss: 23920.1953 - rmse_orthogonal: 154.6615 - val_loss: 139260.3906 - val_rmse_orthogonal: 373.1761 - 59s/epoch - 38ms/step
Epoch 6/100
1563/1563 - 58s - loss: 22447.1680 - rmse_orthogonal: 149.8238 - val_loss: 34440.9219 - val_rmse_orthogonal: 185.5827 - 58s/epoch - 37ms/step
Epoch 7/100
1563/1563 - 59s - loss: 21624.3594 - rmse_orthogonal: 147.0522 - val_loss: 34505.5625 - val_rmse_orthogonal: 185.7567 - 59s/epoch - 38ms/step
Epoch 8/100
1563/1563 - 59s - loss: 22802.6582 - rmse_orthogonal: 151.0055 - val_loss: 134807.1094 - val_rmse_orthogonal: 367.1609 - 59s/epoch - 38ms/step
Epoch 9/100
1563/1563 - 58s - loss: 21886.2227 - rmse_orthogonal: 147.9399 - val_loss: 118096.6172 - val_rmse_orthogonal: 343.6519 - 58s/epoch - 37ms/step
Epoch 10/100
1563/1563 - 59s - loss: 21089.7656 - rmse_orthogonal: 145.2232 - val_loss: 122988.7969 - val_rmse_orthogonal: 350.6976 - 59s/epoch - 38ms/step
Epoch 11/100
1563/1563 - 58s - loss: 20324.2461 - rmse_orthogonal: 142.5631 - val_loss: 87101.6641 - val_rmse_orthogonal: 295.1299 - 58s/epoch - 37ms/step
Epoch 12/100
1563/1563 - 58s - loss: 19535.0449 - rmse_orthogonal: 139.7678 - val_loss: 44096.7695 - val_rmse_orthogonal: 209.9923 - 58s/epoch - 37ms/step
Epoch 13/100
1563/1563 - 58s - loss: 18861.5586 - rmse_orthogonal: 137.3374 - val_loss: 30818.9883 - val_rmse_orthogonal: 175.5534 - 58s/epoch - 37ms/step
Epoch 14/100
1563/1563 - 58s - loss: 18373.2715 - rmse_orthogonal: 135.5480 - val_loss: 30132.9570 - val_rmse_orthogonal: 173.5885 - 58s/epoch - 37ms/step
Epoch 15/100
1563/1563 - 58s - loss: 18104.6289 - rmse_orthogonal: 134.5534 - val_loss: 51651.5938 - val_rmse_orthogonal: 227.2699 - 58s/epoch - 37ms/step
Epoch 16/100
1563/1563 - 57s - loss: 19797.9219 - rmse_orthogonal: 140.7051 - val_loss: 52423.7422 - val_rmse_orthogonal: 228.9623 - 57s/epoch - 37ms/step
Epoch 17/100
1563/1563 - 57s - loss: 19300.7109 - rmse_orthogonal: 138.9270 - val_loss: 64958.4141 - val_rmse_orthogonal: 254.8694 - 57s/epoch - 37ms/step
Epoch 18/100
1563/1563 - 59s - loss: 18684.9355 - rmse_orthogonal: 136.6929 - val_loss: 53420.8164 - val_rmse_orthogonal: 231.1294 - 59s/epoch - 38ms/step
Epoch 19/100
1563/1563 - 58s - loss: 17994.4863 - rmse_orthogonal: 134.1435 - val_loss: 39280.6953 - val_rmse_orthogonal: 198.1936 - 58s/epoch - 37ms/step
Epoch 20/100
1563/1563 - 59s - loss: 17180.2969 - rmse_orthogonal: 131.0736 - val_loss: 42936.4883 - val_rmse_orthogonal: 207.2112 - 59s/epoch - 37ms/step
Epoch 21/100
1563/1563 - 58s - loss: 16408.1094 - rmse_orthogonal: 128.0941 - val_loss: 44815.1172 - val_rmse_orthogonal: 211.6958 - 58s/epoch - 37ms/step
Epoch 22/100
1563/1563 - 59s - loss: 15578.0068 - rmse_orthogonal: 124.8119 - val_loss: 37140.9805 - val_rmse_orthogonal: 192.7200 - 59s/epoch - 38ms/step
Epoch 23/100
1563/1563 - 56s - loss: 14822.2461 - rmse_orthogonal: 121.7466 - val_loss: 34322.7734 - val_rmse_orthogonal: 185.2641 - 56s/epoch - 36ms/step
Epoch 24/100
1563/1563 - 58s - loss: 14180.5752 - rmse_orthogonal: 119.0822 - val_loss: 34598.9883 - val_rmse_orthogonal: 186.0080 - 58s/epoch - 37ms/step
Epoch 25/100
1563/1563 - 57s - loss: 13678.6514 - rmse_orthogonal: 116.9558 - val_loss: 33473.7344 - val_rmse_orthogonal: 182.9583 - 57s/epoch - 37ms/step
Epoch 26/100
1563/1563 - 57s - loss: 13121.0791 - rmse_orthogonal: 114.5473 - val_loss: 32863.1406 - val_rmse_orthogonal: 181.2819 - 57s/epoch - 37ms/step
Epoch 27/100
1563/1563 - 58s - loss: 12712.8555 - rmse_orthogonal: 112.7513 - val_loss: 32751.7930 - val_rmse_orthogonal: 180.9746 - 58s/epoch - 37ms/step
Epoch 28/100
1563/1563 - 59s - loss: 12404.7490 - rmse_orthogonal: 111.3766 - val_loss: 33271.9961 - val_rmse_orthogonal: 182.4061 - 59s/epoch - 38ms/step
Epoch 29/100
1563/1563 - 58s - loss: 12254.1738 - rmse_orthogonal: 110.6986 - val_loss: 34005.1953 - val_rmse_orthogonal: 184.4050 - 58s/epoch - 37ms/step
Epoch 30/100
1563/1563 - 59s - loss: 12087.9180 - rmse_orthogonal: 109.9451 - val_loss: 32995.8242 - val_rmse_orthogonal: 181.6475 - 59s/epoch - 38ms/step
05-Feb-26 10:47:21 - __main__ - INFO - Training complete! Best val_loss: 30132.957031
wandb:                                                                                
wandb: 
wandb: Run history:
wandb:               epoch/epoch ▁▁▁▂▂▂▂▃▃▃▃▄▄▄▄▅▅▅▅▆▆▆▆▇▇▇▇███
wandb:       epoch/learning_rate █▄█▇▄▂▇▇▆▅▄▃▂▁▇▇▇▇▆▆▅▅▄▃▃▂▂▁▁▁
wandb:                epoch/loss █▄▄▄▄▃▃▃▃▃▃▃▂▂▂▃▃▂▂▂▂▂▂▁▁▁▁▁▁▁
wandb:     epoch/rmse_orthogonal █▅▄▅▄▄▄▄▄▃▃▃▃▃▃▃▃▃▃▂▂▂▂▂▁▁▁▁▁▁
wandb:            epoch/val_loss ▂█▇█▆▁▁▅▅▅▃▂▁▁▂▂▂▂▁▂▂▁▁▁▁▁▁▁▁▁
wandb: epoch/val_rmse_orthogonal ▃█▇█▆▁▁▆▅▆▄▂▁▁▂▂▃▂▂▂▂▁▁▁▁▁▁▁▁▁
wandb: 
wandb: Run summary:
wandb:               epoch/epoch 29
wandb:       epoch/learning_rate 0.0
wandb:                epoch/loss 12087.91797
wandb:     epoch/rmse_orthogonal 109.94507
wandb:            epoch/val_loss 32995.82422
wandb: epoch/val_rmse_orthogonal 181.64752
wandb: 
wandb: 🚀 View run unique-dream-2286 at: https://wandb.ai/mlpng/mlpng/runs/6111g37u
wandb: ⭐️ View project at: https://wandb.ai/mlpng/mlpng
wandb: Synced 5 W&B file(s), 0 media file(s), 0 artifact file(s) and 0 other file(s)
wandb: Find logs at: ./wandb/run-20260205_101741-6111g37u/logs
2026-02-05 10:47:23.242356: W tensorflow/core/grappler/optimizers/data/auto_shard.cc:553] The `assert_cardinality` transformation is currently not handled by the auto-shard rewrite and will be removed.

Test Set Performance Summary
================================================================================
     Shape        MAE       RMSE  RMSE/Sigma  Correlation
orthogonal 140.697418 178.598618    1.089159     0.953391
================================================================================
05-Feb-26 10:47:29 - __main__ - INFO - Saved training history plot: data/plots/l191_n64_T_10000_p1.0/385511/trainer/loss.png
05-Feb-26 10:47:30 - __main__ - INFO - Saved evaluation plot: data/plots/l191_n64_T_10000_p1.0/385511/trainer/evaluation.png
05-Feb-26 10:47:31 - __main__ - INFO - Saved evaluation plot: data/plots/l191_n64_T_10000_p1.0/385511/trainer/restricted.png

real	35m6.747s
user	0m0.004s
sys	0m0.086s
