[NbConvertApp] Converting notebook dataGenerator.ipynb to script
[NbConvertApp] Writing 10485 bytes to dataGenerator.py
2023-04-11 11:41:06.622047: I tensorflow/core/platform/cpu_feature_guard.cc:193] This TensorFlow binary is optimized with oneAPI Deep Neural Network Library (oneDNN) to use the following CPU instructions in performance-critical operations:  AVX2 FMA
To enable them in other operations, rebuild TensorFlow with the appropriate compiler flags.
2023-04-11 11:41:08.442410: W tensorflow/compiler/xla/stream_executor/platform/default/dso_loader.cc:64] Could not load dynamic library 'libnvinfer.so.7'; dlerror: libnvinfer.so.7: cannot open shared object file: No such file or directory; LD_LIBRARY_PATH: /hpc/mp/spack/opt/spack/linux-ubuntu20.04-zen2/gcc-10.3.0/cudnn-8.2.4.15-11.4-eluwegpwn6adr7hlku5p5wru5xzefpop/lib64:/hpc/mp/spack/opt/spack/linux-ubuntu20.04-zen2/gcc-10.3.0/cuda-11.4.4-ctldo35wmmwws3jbgwkgjjcjawddu3qz/lib64
2023-04-11 11:41:08.442553: W tensorflow/compiler/xla/stream_executor/platform/default/dso_loader.cc:64] Could not load dynamic library 'libnvinfer_plugin.so.7'; dlerror: libnvinfer_plugin.so.7: cannot open shared object file: No such file or directory; LD_LIBRARY_PATH: /hpc/mp/spack/opt/spack/linux-ubuntu20.04-zen2/gcc-10.3.0/cudnn-8.2.4.15-11.4-eluwegpwn6adr7hlku5p5wru5xzefpop/lib64:/hpc/mp/spack/opt/spack/linux-ubuntu20.04-zen2/gcc-10.3.0/cuda-11.4.4-ctldo35wmmwws3jbgwkgjjcjawddu3qz/lib64
2023-04-11 11:41:08.442568: W tensorflow/compiler/tf2tensorrt/utils/py_utils.cc:38] TF-TRT Warning: Cannot dlopen some TensorRT libraries. If you would like to use Nvidia GPU with TensorRT, please make sure the missing libraries mentioned above are installed properly.
[Parallel(n_jobs=-1)]: Using backend LokyBackend with 36 concurrent workers.
[Parallel(n_jobs=-1)]: Done 100 out of 100 | elapsed:  1.4min finished
[Parallel(n_jobs=-1)]: Using backend LokyBackend with 36 concurrent workers.
[Parallel(n_jobs=-1)]: Done 100 out of 100 | elapsed:  1.2min finished
[Parallel(n_jobs=-1)]: Using backend LokyBackend with 36 concurrent workers.
[Parallel(n_jobs=-1)]: Done 100 out of 100 | elapsed:  1.2min finished
/users/stevensonb/Research/MLPNG/dataGenerator.py:221: RuntimeWarning: invalid value encountered in double_scalars
  sigma = FF**-.5
  0%|          | 0/100 [00:00<?, ?it/s]100%|██████████| 100/100 [00:00<00:00, 35249.21it/s]
  0%|          | 0/100 [00:00<?, ?it/s]100%|██████████| 100/100 [00:00<00:00, 36229.63it/s]
  0%|          | 0/100 [00:00<?, ?it/s]100%|██████████| 100/100 [00:00<00:00, 29614.52it/s]
[Parallel(n_jobs=-1)]: Using backend LokyBackend with 36 concurrent workers.
[Parallel(n_jobs=-1)]: Done 128 tasks      | elapsed:  1.6min
[Parallel(n_jobs=-1)]: Done 378 tasks      | elapsed:  4.3min
[Parallel(n_jobs=-1)]: Done 728 tasks      | elapsed:  8.3min
[Parallel(n_jobs=-1)]: Done 1178 tasks      | elapsed: 13.3min
[Parallel(n_jobs=-1)]: Done 1728 tasks      | elapsed: 19.5min
[Parallel(n_jobs=-1)]: Done 2378 tasks      | elapsed: 26.7min
[Parallel(n_jobs=-1)]: Done 3128 tasks      | elapsed: 35.0min
[Parallel(n_jobs=-1)]: Done 3978 tasks      | elapsed: 44.4min
[Parallel(n_jobs=-1)]: Done 4928 tasks      | elapsed: 55.0min
[Parallel(n_jobs=-1)]: Done 5978 tasks      | elapsed: 66.7min
[Parallel(n_jobs=-1)]: Done 7128 tasks      | elapsed: 79.4min
[Parallel(n_jobs=-1)]: Done 8378 tasks      | elapsed: 93.3min
[Parallel(n_jobs=-1)]: Done 9728 tasks      | elapsed: 108.2min
[Parallel(n_jobs=-1)]: Done 11178 tasks      | elapsed: 124.4min
[Parallel(n_jobs=-1)]: Done 12728 tasks      | elapsed: 141.6min
[Parallel(n_jobs=-1)]: Done 14378 tasks      | elapsed: 160.1min
[Parallel(n_jobs=-1)]: Done 16128 tasks      | elapsed: 179.5min
[Parallel(n_jobs=-1)]: Done 17978 tasks      | elapsed: 200.0min
[Parallel(n_jobs=-1)]: Done 19928 tasks      | elapsed: 221.7min
[Parallel(n_jobs=-1)]: Done 21978 tasks      | elapsed: 244.6min
[Parallel(n_jobs=-1)]: Done 24128 tasks      | elapsed: 268.5min
[Parallel(n_jobs=-1)]: Done 26378 tasks      | elapsed: 293.4min
[Parallel(n_jobs=-1)]: Done 28728 tasks      | elapsed: 319.4min
[Parallel(n_jobs=-1)]: Done 31178 tasks      | elapsed: 346.6min
[Parallel(n_jobs=-1)]: Done 33728 tasks      | elapsed: 374.9min
[Parallel(n_jobs=-1)]: Done 36378 tasks      | elapsed: 404.2min
[Parallel(n_jobs=-1)]: Done 39128 tasks      | elapsed: 434.7min
[Parallel(n_jobs=-1)]: Done 41978 tasks      | elapsed: 466.2min
[Parallel(n_jobs=-1)]: Done 44928 tasks      | elapsed: 498.9min
[Parallel(n_jobs=-1)]: Done 47978 tasks      | elapsed: 532.6min
[Parallel(n_jobs=-1)]: Done 51128 tasks      | elapsed: 567.5min
[Parallel(n_jobs=-1)]: Done 54378 tasks      | elapsed: 603.6min
[Parallel(n_jobs=-1)]: Done 57728 tasks      | elapsed: 640.9min
[Parallel(n_jobs=-1)]: Done 61178 tasks      | elapsed: 679.2min
[Parallel(n_jobs=-1)]: Done 64728 tasks      | elapsed: 718.8min
[Parallel(n_jobs=-1)]: Done 68378 tasks      | elapsed: 759.6min
[Parallel(n_jobs=-1)]: Done 72128 tasks      | elapsed: 801.2min
[Parallel(n_jobs=-1)]: Done 75978 tasks      | elapsed: 844.1min
[Parallel(n_jobs=-1)]: Done 79928 tasks      | elapsed: 888.0min
[Parallel(n_jobs=-1)]: Done 83978 tasks      | elapsed: 933.0min
[Parallel(n_jobs=-1)]: Done 88128 tasks      | elapsed: 979.1min
[Parallel(n_jobs=-1)]: Done 92378 tasks      | elapsed: 1026.4min
[Parallel(n_jobs=-1)]: Done 96728 tasks      | elapsed: 1074.7min
[Parallel(n_jobs=-1)]: Done 101178 tasks      | elapsed: 1124.3min
[Parallel(n_jobs=-1)]: Done 105728 tasks      | elapsed: 1175.0min
[Parallel(n_jobs=-1)]: Done 110378 tasks      | elapsed: 1226.9min
[Parallel(n_jobs=-1)]: Done 115128 tasks      | elapsed: 1279.8min
[Parallel(n_jobs=-1)]: Done 119978 tasks      | elapsed: 1333.7min
[Parallel(n_jobs=-1)]: Done 124928 tasks      | elapsed: 1389.3min
