[2023-04-11 11:41:10,819 | DensityFields -            __init__()] | DEBUG : Initializing Density Field...
[2023-04-11 11:41:10,825 | CAMBHelper -            __init__()] | DEBUG : Setting up CAMB parameters object
[2023-04-11 11:41:10,851 | CAMBHelper -            __init__()] | DEBUG : Done! (Setting up CAMB parameters object)
[2023-04-11 11:41:10,851 | CAMBHelper -            __init__()] | DEBUG : Getting CAMB results...
[2023-04-11 11:42:09,111 | CAMBHelper -            __init__()] | DEBUG : CAMB results obtained!
[2023-04-11 11:42:09,113 | CAMBHelper - calculate_transfers()] | DEBUG : Getting transfer functions...
[2023-04-11 11:42:09,313 | CAMBHelper - calculate_transfers()] | DEBUG : Done! (Getting transfer functions)
[2023-04-11 11:42:09,313 | CAMBHelper - calculate_transfers()] | DEBUG : Interpolating transfer functions with cubic splines.
[2023-04-11 11:42:25,125 | CAMBHelper - calculate_transfers()] | DEBUG : Done!
[2023-04-11 11:42:25,139 | DensityFields -            __init__()] | DEBUG : Finished generating DensityField with resolution 256, box size 1000.0 Mpc/h, and cell size 3.90625
[2023-04-11 11:42:25,139 | DensityFields -   GenerateCAMBField()] | DEBUG : Generating CAMB field with seed 0
[2023-04-11 11:42:25,139 | DensityFields -   GenerateCAMBField()] | DEBUG : Making white noise field...
[2023-04-11 11:42:26,879 | DensityFields -   GenerateCAMBField()] | DEBUG : done!
[2023-04-11 11:42:26,945 | DensityFields -   GenerateCAMBField()] | DEBUG : Applying primordial power spectrum...
[2023-04-11 11:42:26,949 | DensityFields -   GenerateCAMBField()] | DEBUG : done!
[2023-04-11 11:42:27,006 | DensityFields -   GenerateCAMBField()] | DEBUG : Making map non-Gaussian with fnl 1.0...
[2023-04-11 11:42:28,406 | DensityFields -   GenerateCAMBField()] | DEBUG : done!
[2023-04-11 11:42:37,553 | DensityFields -   GenerateCAMBField()] | DEBUG : Fourier transforming to real space...
[2023-04-11 11:42:37,605 | DensityFields -   GenerateCAMBField()] | DEBUG : done!
kmax = 0.25132741228718347 0.536165146212658
Generating base field...
Done!
Generating base field...
Done!
Generating base field...
Done!
-1.97979797979798
nan
80.18268601999334 -119.81731398000676 -82.0701193868434
601.2069813555697 546.6281395047249 4.0335186940338e-11
[2023-04-11 11:53:06,733 | matplotlib.legend -  _parse_legend_args()] | WARNING : No artists with labels found to put in legend.  Note that artists whose label start with an underscore are ignored when legend() is called with no argument.
